Component: ARM Compiler 5.06 update 6 (build 750) Tool: armlink [4d35ed]

==============================================================================

Section Cross References

    system_stm32f10x.o(i.SetSysClock) refers to system_stm32f10x.o(i.SetSysClockTo72) for SetSysClockTo72
    system_stm32f10x.o(i.SystemCoreClockUpdate) refers to system_stm32f10x.o(.data) for SystemCoreClock
    system_stm32f10x.o(i.SystemInit) refers to system_stm32f10x.o(i.SetSysClock) for SetSysClock
    main.o(i.main) refers to delay.o(i.sys_tick_init) for sys_tick_init
    main.o(i.main) refers to pwm.o(i.pwm_tim3_init) for pwm_tim3_init
    main.o(i.main) refers to pwm.o(i.pwm_tim1_init) for pwm_tim1_init
    main.o(i.main) refers to usart.o(i.usart_init) for usart_init
    main.o(i.main) refers to bsp_lcd.o(i.LCD_Init) for LCD_Init
    main.o(i.main) refers to bsp_lcd.o(i.LCD_Clear) for LCD_Clear
    main.o(i.main) refers to led.o(i.led_init) for led_init
    main.o(i.main) refers to led.o(i.RGB_init) for RGB_init
    main.o(i.main) refers to su_03t.o(i.su_o3t_init) for su_o3t_init
    main.o(i.main) refers to buzzer.o(i.buzzer_init) for buzzer_init
    main.o(i.main) refers to my_spi_flash.o(i.sFLASH_Init) for sFLASH_Init
    main.o(i.main) refers to esp8266.o(i.esp8266_init) for esp8266_init
    main.o(i.main) refers to usart.o(i.usart_send_string) for usart_send_string
    main.o(i.main) refers to my_lcd.o(i.show_index2LCD) for show_index2LCD
    main.o(i.main) refers to delay.o(i.Delay_s) for Delay_s
    main.o(i.main) refers to esp8266.o(i.wifi_init) for wifi_init
    main.o(i.main) refers to my_mqtt.o(i.subscription_service) for subscription_service
    main.o(i.main) refers to delay.o(i.su_time_scale) for su_time_scale
    main.o(i.main) refers to delay.o(i.kqm_time_scale) for kqm_time_scale
    main.o(i.main) refers to delay.o(i.dht_time_scale) for dht_time_scale
    main.o(i.main) refers to delay.o(i.ADC_time_scale) for ADC_time_scale
    main.o(i.main) refers to delay.o(i.current_time2LCD_scale) for current_time2LCD_scale
    main.o(i.main) refers to delay.o(i.show_data2LCD_scale) for show_data2LCD_scale
    startup_stm32f10x_hd.o(RESET) refers to startup_stm32f10x_hd.o(STACK) for __initial_sp
    startup_stm32f10x_hd.o(RESET) refers to startup_stm32f10x_hd.o(.text) for Reset_Handler
    startup_stm32f10x_hd.o(RESET) refers to stm32f10x_it.o(i.NMI_Handler) for NMI_Handler
    startup_stm32f10x_hd.o(RESET) refers to stm32f10x_it.o(i.HardFault_Handler) for HardFault_Handler
    startup_stm32f10x_hd.o(RESET) refers to stm32f10x_it.o(i.MemManage_Handler) for MemManage_Handler
    startup_stm32f10x_hd.o(RESET) refers to stm32f10x_it.o(i.BusFault_Handler) for BusFault_Handler
    startup_stm32f10x_hd.o(RESET) refers to stm32f10x_it.o(i.UsageFault_Handler) for UsageFault_Handler
    startup_stm32f10x_hd.o(RESET) refers to stm32f10x_it.o(i.SVC_Handler) for SVC_Handler
    startup_stm32f10x_hd.o(RESET) refers to stm32f10x_it.o(i.DebugMon_Handler) for DebugMon_Handler
    startup_stm32f10x_hd.o(RESET) refers to stm32f10x_it.o(i.PendSV_Handler) for PendSV_Handler
    startup_stm32f10x_hd.o(RESET) refers to delay.o(i.SysTick_Handler) for SysTick_Handler
    startup_stm32f10x_hd.o(RESET) refers to interrupt.o(i.RTC_IRQHandler) for RTC_IRQHandler
    startup_stm32f10x_hd.o(RESET) refers to interrupt.o(i.EXTI0_IRQHandler) for EXTI0_IRQHandler
    startup_stm32f10x_hd.o(RESET) refers to interrupt.o(i.EXTI4_IRQHandler) for EXTI4_IRQHandler
    startup_stm32f10x_hd.o(RESET) refers to interrupt.o(i.EXTI9_5_IRQHandler) for EXTI9_5_IRQHandler
    startup_stm32f10x_hd.o(RESET) refers to interrupt.o(i.TIM2_IRQHandler) for TIM2_IRQHandler
    startup_stm32f10x_hd.o(RESET) refers to usart.o(i.USART1_IRQHandler) for USART1_IRQHandler
    startup_stm32f10x_hd.o(RESET) refers to kqm.o(i.USART2_IRQHandler) for USART2_IRQHandler
    startup_stm32f10x_hd.o(RESET) refers to usart.o(i.USART3_IRQHandler) for USART3_IRQHandler
    startup_stm32f10x_hd.o(RESET) refers to su_03t.o(i.UART4_IRQHandler) for UART4_IRQHandler
    startup_stm32f10x_hd.o(.text) refers to system_stm32f10x.o(i.SystemInit) for SystemInit
    startup_stm32f10x_hd.o(.text) refers to entry.o(.ARM.Collect$$$$00000000) for __main
    key.o(i.key1_interrupt_init) refers to stm32f10x_rcc.o(i.RCC_APB2PeriphClockCmd) for RCC_APB2PeriphClockCmd
    key.o(i.key1_interrupt_init) refers to stm32f10x_gpio.o(i.GPIO_EXTILineConfig) for GPIO_EXTILineConfig
    key.o(i.key1_interrupt_init) refers to stm32f10x_exti.o(i.EXTI_Init) for EXTI_Init
    key.o(i.key1_interrupt_init) refers to misc.o(i.NVIC_PriorityGroupConfig) for NVIC_PriorityGroupConfig
    key.o(i.key1_interrupt_init) refers to misc.o(i.NVIC_Init) for NVIC_Init
    key.o(i.key2_interrupt_init) refers to stm32f10x_rcc.o(i.RCC_APB2PeriphClockCmd) for RCC_APB2PeriphClockCmd
    key.o(i.key2_interrupt_init) refers to stm32f10x_gpio.o(i.GPIO_EXTILineConfig) for GPIO_EXTILineConfig
[...]
    .text                                    0x0800018c   Section        0  memseta.o(.text)
    .text                                    0x080001b0   Section        0  strstr.o(.text)
    .text                                    0x080001d4   Section        0  strlen.o(.text)
    .text                                    0x080001e2   Section        0  fmul.o(.text)
    .text                                    0x08000246   Section        0  fdiv.o(.text)
    .text                                    0x080002c2   Section        0  dadd.o(.text)
    .text                                    0x08000410   Section        0  dmul.o(.text)
    .text                                    0x080004f4   Section        0  ddiv.o(.text)
    .text                                    0x080005d2   Section        0  ffltui.o(.text)
    .text                                    0x080005dc   Section        0  dflti.o(.text)
    .text                                    0x080005fe   Section        0  dfltui.o(.text)
    .text                                    0x08000618   Section        0  ffixui.o(.text)
    .text                                    0x08000640   Section        0  dfixui.o(.text)
    .text                                    0x08000672   Section        0  f2d.o(.text)
    .text                                    0x08000698   Section       48  cdcmple.o(.text)
    .text                                    0x080006c8   Section       48  cdrcmple.o(.text)
    .text                                    0x080006f8   Section        0  d2f.o(.text)
    .text                                    0x08000730   Section       20  cfrcmple.o(.text)
    .text                                    0x08000744   Section        0  uidiv.o(.text)
    .text                                    0x08000770   Section        0  uldiv.o(.text)
    .text                                    0x080007d2   Section        0  llshl.o(.text)
    .text                                    0x080007f0   Section        0  llushr.o(.text)
    .text                                    0x08000810   Section        0  llsshr.o(.text)
    .text                                    0x08000834   Section        0  localtime_w.o(.text)
    .text                                    0x08000840   Section        0  localtime_i.o(.text)
    .text                                    0x080008cc   Section        0  iusefp.o(.text)
    .text                                    0x080008cc   Section        0  fepilogue.o(.text)
    .text                                    0x0800093a   Section        0  depilogue.o(.text)
    .text                                    0x080009f4   Section        0  dfixul.o(.text)
    .text                                    0x08000a24   Section       36  init.o(.text)
    .text                                    0x08000a48   Section        0  __dczerorl2.o(.text)
    i.ADC1_DMA_get_val                       0x08000aa0   Section        0  adc.o(i.ADC1_DMA_get_val)
    i.ADC2VOL                                0x08000b74   Section        0  adc.o(i.ADC2VOL)
    i.ADC_time_scale                         0x08000c64   Section        0  delay.o(i.ADC_time_scale)
    i.BusFault_Handler                       0x08000c80   Section        0  stm32f10x_it.o(i.BusFault_Handler)
    i.DebugMon_Handler                       0x08000c84   Section        0  stm32f10x_it.o(i.DebugMon_Handler)
    i.Delay_ms                               0x08000c88   Section        0  delay.o(i.Delay_ms)
    i.Delay_s                                0x08000cac   Section        0  delay.o(i.Delay_s)
    i.Delay_us                               0x08000cd0   Section        0  delay.o(i.Delay_us)
    i.EXTI0_IRQHandler                       0x08000ce4   Section        0  interrupt.o(i.EXTI0_IRQHandler)
    i.EXTI4_IRQHandler                       0x08000d28   Section        0  interrupt.o(i.EXTI4_IRQHandler)
    i.EXTI9_5_IRQHandler                     0x08000d60   Section        0  interrupt.o(i.EXTI9_5_IRQHandler)
    i.EXTI_ClearITPendingBit                 0x08000dd4   Section        0  stm32f10x_exti.o(i.EXTI_ClearITPendingBit)
    i.EXTI_GetITStatus                       0x08000de0   Section        0  stm32f10x_exti.o(i.EXTI_GetITStatus)
    i.FSMC_NORSRAMCmd                        0x08000e08   Section        0  stm32f10x_fsmc.o(i.FSMC_NORSRAMCmd)
    i.FSMC_NORSRAMInit                       0x08000e3c   Section        0  stm32f10x_fsmc.o(i.FSMC_NORSRAMInit)
    i.GPIO_Init                              0x08000f22   Section        0  stm32f10x_gpio.o(i.GPIO_Init)
    i.GPIO_ReadInputDataBit                  0x08001038   Section        0  stm32f10x_gpio.o(i.GPIO_ReadInputDataBit)
    i.GPIO_ResetBits                         0x0800104a   Section        0  stm32f10x_gpio.o(i.GPIO_ResetBits)
    i.GPIO_SetBits                           0x0800104e   Section        0  stm32f10x_gpio.o(i.GPIO_SetBits)
    i.HardFault_Handler                      0x08001052   Section        0  stm32f10x_it.o(i.HardFault_Handler)
    i.LCD_Clear                              0x08001058   Section        0  bsp_lcd.o(i.LCD_Clear)
    i.LCD_Config                             0x080010c4   Section        0  bsp_lcd.o(i.LCD_Config)
    i.LCD_Display_Dir                        0x08004544   Section        0  bsp_lcd.o(i.LCD_Display_Dir)
    i.LCD_DrawPoint                          0x08004704   Section        0  bsp_lcd.o(i.LCD_DrawPoint)
    i.LCD_FSMCConfig                         0x08004728   Section        0  bsp_lcd.o(i.LCD_FSMCConfig)
    i.LCD_Fast_DrawPoint                     0x080047a4   Section        0  bsp_lcd.o(i.LCD_Fast_DrawPoint)
    i.LCD_GPIOConfig                         0x08004920   Section        0  bsp_lcd.o(i.LCD_GPIOConfig)
    i.LCD_Init                               0x080049ac   Section        0  bsp_lcd.o(i.LCD_Init)
    i.LCD_RD_DATA                            0x080049e0   Section        0  bsp_lcd.o(i.LCD_RD_DATA)
    i.LCD_ReadID                             0x080049f4   Section        0  bsp_lcd.o(i.LCD_ReadID)
    i.LCD_ReadReg                            0x08004bcc   Section        0  bsp_lcd.o(i.LCD_ReadReg)
    i.LCD_SSD_BackLightSet                   0x08004be4   Section        0  bsp_lcd.o(i.LCD_SSD_BackLightSet)
    i.LCD_Scan_Dir                           0x08004c38   Section        0  bsp_lcd.o(i.LCD_Scan_Dir)
    i.LCD_SetCursor                          0x08004f24   Section        0  bsp_lcd.o(i.LCD_SetCursor)
    i.LCD_ShowChar                           0x080050cc   Section        0  bsp_lcd.o(i.LCD_ShowChar)
    i.LCD_ShowString                         0x080051f4   Section        0  bsp_lcd.o(i.LCD_ShowString)
    i.LCD_WR_DATA                            0x0800525c   Section        0  bsp_lcd.o(i.LCD_WR_DATA)
    i.LCD_WR_REG                             0x08005268   Section        0  bsp_lcd.o(i.LCD_WR_REG)
    i.LCD_WriteRAM_Prepare                   0x08005274   Section        0  bsp_lcd.o(i.LCD_WriteRAM_Prepare)
    i.LCD_WriteReg                           0x08005288   Section        0  bsp_lcd.o(i.LCD_WriteReg)
    i.MQTTPacket_encode                      0x08005298   Section        0  mqttpacket.o(i.MQTTPacket_encode)
    i.MQTTPacket_len                         0x080052d0   Section        0  mqttpacket.o(i.MQTTPacket_len)
    i.MQTTSerialize_connect                  0x080052f8   Section        0  mqttconnectclient.o(i.MQTTSerialize_connect)
    i.MQTTSerialize_connectLength            0x08005460   Section        0  mqttconnectclient.o(i.MQTTSerialize_connectLength)
    i.MQTTSerialize_publish                  0x080054d6   Section        0  mqttserializepublish.o(i.MQTTSerialize_publish)
    i.MQTTSerialize_publishLength            0x08005586   Section        0  mqttserializepublish.o(i.MQTTSerialize_publishLength)
    i.MQTTSerialize_subscribe                0x080055a8   Section        0  mqttsubscribeclient.o(i.MQTTSerialize_subscribe)
    i.MQTTSerialize_subscribeLength          0x08005658   Section        0  mqttsubscribeclient.o(i.MQTTSerialize_subscribeLength)
    i.MQTTstrlen                             0x08005686   Section        0  mqttpacket.o(i.MQTTstrlen)
    i.MemManage_Handler                      0x0800569e   Section        0  stm32f10x_it.o(i.MemManage_Handler)
    i.NMI_Handler                            0x080056a2   Section        0  stm32f10x_it.o(i.NMI_Handler)
    i.NVIC_Init                              0x080056a4   Section        0  misc.o(i.NVIC_Init)
    i.NVIC_PriorityGroupConfig               0x08005714   Section        0  misc.o(i.NVIC_PriorityGroupConfig)
    i.PendSV_Handler                         0x08005728   Section        0  stm32f10x_it.o(i.PendSV_Handler)
    i.RCC_AHBPeriphClockCmd                  0x0800572c   Section        0  stm32f10x_rcc.o(i.RCC_AHBPeriphClockCmd)
    i.RCC_APB1PeriphClockCmd                 0x0800574c   Section        0  stm32f10x_rcc.o(i.RCC_APB1PeriphClockCmd)
    i.RCC_APB2PeriphClockCmd                 0x0800576c   Section        0  stm32f10x_rcc.o(i.RCC_APB2PeriphClockCmd)
    i.RCC_GetClocksFreq                      0x0800578c   Section        0  stm32f10x_rcc.o(i.RCC_GetClocksFreq)
    i.RGB_disable                            0x08005860   Section        0  led.o(i.RGB_disable)
    i.RGB_enable                             0x08005878   Section        0  led.o(i.RGB_enable)
    i.RGB_init                               0x08005890   Section        0  led.o(i.RGB_init)
    i.RTC_ClearITPendingBit                  0x080058e8   Section        0  stm32f10x_rtc.o(i.RTC_ClearITPendingBit)
    i.RTC_GetCounter                         0x080058f8   Section        0  stm32f10x_rtc.o(i.RTC_GetCounter)
    i.RTC_GetITStatus                        0x0800590c   Section        0  stm32f10x_rtc.o(i.RTC_GetITStatus)
    i.RTC_IRQHandler                         0x08005930   Section        0  interrupt.o(i.RTC_IRQHandler)
    i.SPI_Cmd                                0x08005950   Section        0  stm32f10x_spi.o(i.SPI_Cmd)
    i.SPI_Init                               0x08005968   Section        0  stm32f10x_spi.o(i.SPI_Init)
    i.SVC_Handler                            0x080059a4   Section        0  stm32f10x_it.o(i.SVC_Handler)
    i.SetSysClock                            0x080059a6   Section        0  system_stm32f10x.o(i.SetSysClock)
    SetSysClock                              0x080059a7   Thumb Code     8  system_stm32f10x.o(i.SetSysClock)
    i.SetSysClockTo72                        0x080059b0   Section        0  system_stm32f10x.o(i.SetSysClockTo72)
    SetSysClockTo72                          0x080059b1   Thumb Code   214  system_stm32f10x.o(i.SetSysClockTo72)
    i.SysTick_Handler                        0x08005a90   Section        0  delay.o(i.SysTick_Handler)
    i.SystemInit                             0x08005b48   Section        0  system_stm32f10x.o(i.SystemInit)
    i.TIM2_IRQHandler                        0x08005ba8   Section        0  interrupt.o(i.TIM2_IRQHandler)
    i.TIM_ARRPreloadConfig                   0x08005bd0   Section        0  stm32f10x_tim.o(i.TIM_ARRPreloadConfig)
    i.TIM_ClearITPendingBit                  0x08005be8   Section        0  stm32f10x_tim.o(i.TIM_ClearITPendingBit)
    i.TIM_Cmd                                0x08005bee   Section        0  stm32f10x_tim.o(i.TIM_Cmd)
    i.TIM_CtrlPWMOutputs                     0x08005c06   Section        0  stm32f10x_tim.o(i.TIM_CtrlPWMOutputs)
    i.TIM_GetITStatus                        0x08005c24   Section        0  stm32f10x_tim.o(i.TIM_GetITStatus)
    i.TIM_InternalClockConfig                0x08005c46   Section        0  stm32f10x_tim.o(i.TIM_InternalClockConfig)
    i.TIM_OC1Init                            0x08005c54   Section        0  stm32f10x_tim.o(i.TIM_OC1Init)
    i.TIM_OC2Init                            0x08005cec   Section        0  stm32f10x_tim.o(i.TIM_OC2Init)
    i.TIM_OCStructInit                       0x08005d90   Section        0  stm32f10x_tim.o(i.TIM_OCStructInit)
    i.TIM_TimeBaseInit                       0x08005da4   Section        0  stm32f10x_tim.o(i.TIM_TimeBaseInit)
    i.UART4_IRQHandler                       0x08005e48   Section        0  su_03t.o(i.UART4_IRQHandler)
    i.USART1_IRQHandler                      0x08005f30   Section        0  usart.o(i.USART1_IRQHandler)
    i.USART2_IRQHandler                      0x08006044   Section        0  kqm.o(i.USART2_IRQHandler)
    i.USART3_IRQHandler                      0x0800614c   Section        0  usart.o(i.USART3_IRQHandler)
    i.USART_ClearITPendingBit                0x080061bc   Section        0  stm32f10x_usart.o(i.USART_ClearITPendingBit)
    i.USART_Cmd                              0x080061da   Section        0  stm32f10x_usart.o(i.USART_Cmd)
    i.USART_GetFlagStatus                    0x080061f2   Section        0  stm32f10x_usart.o(i.USART_GetFlagStatus)
    i.USART_GetITStatus                      0x0800620c   Section        0  stm32f10x_usart.o(i.USART_GetITStatus)
    i.USART_ITConfig                         0x08006260   Section        0  stm32f10x_usart.o(i.USART_ITConfig)
    i.USART_Init                             0x080062ac   Section        0  stm32f10x_usart.o(i.USART_Init)
    i.USART_ReceiveData                      0x08006384   Section        0  stm32f10x_usart.o(i.USART_ReceiveData)
    i.USART_SendData                         0x0800638e   Section        0  stm32f10x_usart.o(i.USART_SendData)
    i.UsageFault_Handler                     0x08006396   Section        0  stm32f10x_it.o(i.UsageFault_Handler)
    i.__0printf                              0x0800639c   Section        0  printfa.o(i.__0printf)
    i.__0sprintf                             0x080063bc   Section        0  printfa.o(i.__0sprintf)
    i.__scatterload_copy                     0x080063e4   Section       14  handlers.o(i.__scatterload_copy)
    i.__scatterload_null                     0x080063f2   Section        2  handlers.o(i.__scatterload_null)
    i.__scatterload_zeroinit                 0x080063f4   Section       14  handlers.o(i.__scatterload_zeroinit)
    i._fp_digits                             0x08006404   Section        0  printfa.o(i._fp_digits)
    _fp_digits                               0x08006405   Thumb Code   366  printfa.o(i._fp_digits)
    i._printf_core                           0x08006588   Section        0  printfa.o(i._printf_core)
    _printf_core                             0x08006589   Thumb Code  1744  printfa.o(i._printf_core)
    i._printf_post_padding                   0x08006c64   Section        0  printfa.o(i._printf_post_padding)
    _printf_post_padding                     0x08006c65   Thumb Code    36  printfa.o(i._printf_post_padding)
    i._printf_pre_padding                    0x08006c88   Section        0  printfa.o(i._printf_pre_padding)
    _printf_pre_padding                      0x08006c89   Thumb Code    46  printfa.o(i._printf_pre_padding)
    i._sputc                                 0x08006cb6   Section        0  printfa.o(i._sputc)
    _sputc                                   0x08006cb7   Thumb Code    10  printfa.o(i._sputc)
    i.air_analysis                           0x08006cc0   Section        0  kqm.o(i.air_analysis)
    i.buzzer_disable                         0x08006d48   Section        0  buzzer.o(i.buzzer_disable)
    i.buzzer_enable                          0x08006d54   Section        0  buzzer.o(i.buzzer_enable)
    i.buzzer_init                            0x08006d68   Section        0  buzzer.o(i.buzzer_init)
    i.check_server                           0x08006d9c   Section        0  my_mqtt.o(i.check_server)
    i.current_time2LCD_scale                 0x08006e00   Section        0  delay.o(i.current_time2LCD_scale)
    i.delay_1us                              0x08006e1c   Section        0  delay.o(i.delay_1us)
    i.dht_get_val                            0x08006eb0   Section        0  dht11.o(i.dht_get_val)
    i.dht_time_scale                         0x08007018   Section        0  delay.o(i.dht_time_scale)
    i.esp8266_init                           0x08007034   Section        0  esp8266.o(i.esp8266_init)
    i.fputc                                  0x0800706c   Section        0  usart.o(i.fputc)
    i.get_time_str                           0x08007084   Section        0  rtc.o(i.get_time_str)
    i.kqm_time_scale                         0x08007aec   Section        0  delay.o(i.kqm_time_scale)
    i.led_disable                            0x08007b08   Section        0  led.o(i.led_disable)
    i.led_enable                             0x08007b20   Section        0  led.o(i.led_enable)
    i.led_init                               0x08007b38   Section        0  led.o(i.led_init)
    i.led_turn                               0x08007b8c   Section        0  led.o(i.led_turn)
    i.main                                   0x08007b94   Section        0  main.o(i.main)
    i.mqtt2server                            0x08007c24   Section        0  my_mqtt.o(i.mqtt2server)
    i.mqtt_connect_server                    0x08007ca0   Section        0  my_mqtt.o(i.mqtt_connect_server)
    i.pwm_tim1_init                          0x08007d2c   Section        0  pwm.o(i.pwm_tim1_init)
    i.pwm_tim3_init                          0x08007de8   Section        0  pwm.o(i.pwm_tim3_init)
    i.sFLASH_Init                            0x08007e8c   Section        0  my_spi_flash.o(i.sFLASH_Init)
    i.show_char2LCD                          0x08007f40   Section        0  bsp_lcd.o(i.show_char2LCD)
    i.show_chin2LCD                          0x08007fa0   Section        0  bsp_lcd.o(i.show_chin2LCD)
    i.show_data2LCD                          0x08008000   Section        0  my_lcd.o(i.show_data2LCD)
    i.show_data2LCD_scale                    0x08008164   Section        0  delay.o(i.show_data2LCD_scale)
    i.show_index2LCD                         0x08008180   Section        0  my_lcd.o(i.show_index2LCD)
    i.show_time2LCD                          0x08008294   Section        0  my_lcd.o(i.show_time2LCD)
    i.soft2esp                               0x080082c0   Section        0  esp8266.o(i.soft2esp)
    i.su_o3t_init                            0x08008324   Section        0  su_03t.o(i.su_o3t_init)
    i.su_time_scale                          0x080083dc   Section        0  delay.o(i.su_time_scale)
    i.subscription_service                   0x080083f8   Section        0  my_mqtt.o(i.subscription_service)
    i.sys_tick_init                          0x080084b0   Section        0  delay.o(i.sys_tick_init)
    i.usart3_init                            0x08008504   Section        0  usart.o(i.usart3_init)
    i.usart3_send_string                     0x080085c8   Section        0  my_mqtt.o(i.usart3_send_string)
    i.usart_get_kqm__RXflag                  0x080085ec   Section        0  kqm.o(i.usart_get_kqm__RXflag)
    i.usart_get_su_RXflag                    0x08008608   Section        0  su_03t.o(i.usart_get_su_RXflag)
    i.usart_init                             0x08008624   Section        0  usart.o(i.usart_init)
    i.usart_send2su_array                    0x080086dc   Section        0  su_03t.o(i.usart_send2su_array)
    i.usart_send2su_bit                      0x080086f8   Section        0  su_03t.o(i.usart_send2su_bit)
    i.usart_send_array                       0x08008718   Section        0  usart.o(i.usart_send_array)
    i.usart_send_string                      0x0800873c   Section        0  usart.o(i.usart_send_string)
    i.usart_sendbit                          0x0800875c   Section        0  usart.o(i.usart_sendbit)
    i.vioce_analysis                         0x0800877c   Section        0  su_03t.o(i.vioce_analysis)
    i.wifi_init                              0x08008a10   Section        0  esp8266.o(i.wifi_init)
    i.writeCString                           0x08008c20   Section        0  mqttpacket.o(i.writeCString)
    i.writeChar                              0x08008c48   Section        0  mqttpacket.o(i.writeChar)
    i.writeInt                               0x08008c54   Section        0  mqttpacket.o(i.writeInt)
    i.writeMQTTString                        0x08008c84   Section        0  mqttpacket.o(i.writeMQTTString)
    .constdata                               0x08008cc2   Section     6080  bsp_lcd.o(.constdata)
    .constdata                               0x0800a484   Section       96  my_mqtt.o(.constdata)
    .constdata                               0x0800a4e4   Section       12  localtime_i.o(.constdata)
    monlen                                   0x0800a4e4   Data          12  localtime_i.o(.constdata)
    .conststring                             0x0800a4f0   Section      184  esp8266.o(.conststring)
    .conststring                             0x0800a5a8   Section      174  my_mqtt.o(.conststring)
    .data                                    0x20000000   Section        4  interrupt.o(.data)
    .data                                    0x20000004   Section       12  usart.o(.data)
    RXState                                  0x2000000e   Data           1  usart.o(.data)
    pRXpacket                                0x2000000f   Data           1  usart.o(.data)
    .data                                    0x20000010   Section       14  kqm.o(.data)
    RX_kqm_State                             0x2000001a   Data           1  kqm.o(.data)
    kqm_pRXpacket                            0x2000001b   Data           1  kqm.o(.data)
    sum                                      0x2000001c   Data           2  kqm.o(.data)
    .data                                    0x2000001e   Section       10  su_03t.o(.data)
    RX_su_State                              0x20000026   Data           1  su_03t.o(.data)
    su_pRXpacket                             0x20000027   Data           1  su_03t.o(.data)
    .data                                    0x20000028   Section        4  dht11.o(.data)
    .data                                    0x2000002c   Section        4  bsp_lcd.o(.data)
    .data                                    0x20000030   Section      496  my_lcd.o(.data)
    .data                                    0x20000220   Section       20  stm32f10x_rcc.o(.data)
    APBAHBPrescTable                         0x20000220   Data          16  stm32f10x_rcc.o(.data)
    ADCPrescTable                            0x20000230   Data           4  stm32f10x_rcc.o(.data)
    .data                                    0x20000234   Section      104  delay.o(.data)
    .data                                    0x2000029c   Section        4  stdout.o(.data)
    .bss                                     0x200002a0   Section      100  usart.o(.bss)
    .bss                                     0x20000304   Section       12  kqm.o(.bss)
    .bss                                     0x20000310   Section       14  su_03t.o(.bss)
    .bss                                     0x20000320   Section      152  adc.o(.bss)
    .bss                                     0x200003b8   Section       14  bsp_lcd.o(.bss)
    .bss                                     0x200003c6   Section     2052  esp8266.o(.bss)
    .bss                                     0x20000bcc   Section       44  localtime_w.o(.bss)
    _tms                                     0x20000bcc   Data          44  localtime_w.o(.bss)
    STACK                                    0x20000bf8   Section     1024  startup_stm32f10x_hd.o(STACK)

    Global Symbols

    Symbol Name                              Value     Ov Type        Size  Object(Section)

    BuildAttributes$$THM_ISAv4$P$D$K$B$S$PE$A:L22UL41UL21$X:L11$S22US41US21$IEEE1$IW$USESV6$~STKCKD$USESV7$~SHL$OTIME$ROPI$EBA8$MICROLIB$REQ8$PRES8$EABIv2 0x00000000   Number         0  anon$$obj.o ABSOLUTE
    __ARM_use_no_argv                        0x00000000   Number         0  main.o ABSOLUTE
    _printf_a                                0x00000000   Number         0  stubs.o ABSOLUTE
    _printf_c                                0x00000000   Number         0  stubs.o ABSOLUTE
    _printf_charcount                        0x00000000   Number         0  stubs.o ABSOLUTE
    _printf_d                                0x00000000   Number         0  stubs.o ABSOLUTE
    _printf_e                                0x00000000   Number         0  stubs.o ABSOLUTE
    _printf_f                                0x00000000   Number         0  stubs.o ABSOLUTE
    _printf_flags                            0x00000000   Number         0  stubs.o ABSOLUTE
    _printf_fp_dec                           0x00000000   Number         0  stubs.o ABSOLUTE
    _printf_fp_hex                           0x00000000   Number         0  stubs.o ABSOLUTE
    _printf_g                                0x00000000   Number         0  stubs.o ABSOLUTE
    _printf_i                                0x00000000   Number         0  stubs.o ABSOLUTE
    _printf_int_dec                          0x00000000   Number         0  stubs.o ABSOLUTE
    _printf_l                                0x00000000   Number         0  stubs.o ABSOLUTE
    _printf_lc                               0x00000000   Number         0  stubs.o ABSOLUTE
    _printf_ll                               0x00000000   Number         0  stubs.o ABSOLUTE
    _printf_lld                              0x00000000   Number         0  stubs.o ABSOLUTE
    _printf_lli                              0x00000000   Number         0  stubs.o ABSOLUTE
    _printf_llo                              0x00000000   Number         0  stubs.o ABSOLUTE
    _printf_llu                              0x00000000   Number         0  stubs.o ABSOLUTE
    _printf_llx                              0x00000000   Number         0  stubs.o ABSOLUTE
    _printf_longlong_dec                     0x00000000   Number         0  stubs.o ABSOLUTE
    _printf_longlong_hex                     0x00000000   Number         0  stubs.o ABSOLUTE
    _printf_longlong_oct                     0x00000000   Number         0  stubs.o ABSOLUTE
    _printf_ls                               0x00000000   Number         0  stubs.o ABSOLUTE
    _printf_mbtowc                           0x00000000   Number         0  stubs.o ABSOLUTE
    _printf_n                                0x00000000   Number         0  stubs.o ABSOLUTE
    _printf_o                                0x00000000   Number         0  stubs.o ABSOLUTE
    _printf_p                                0x00000000   Number         0  stubs.o ABSOLUTE
    _printf_percent                          0x00000000   Number         0  stubs.o ABSOLUTE
    _printf_pre_padding                      0x00000000   Number         0  stubs.o ABSOLUTE
    _printf_return_value                     0x00000000   Number         0  stubs.o ABSOLUTE
    _printf_s                                0x00000000   Number         0  stubs.o ABSOLUTE
    _printf_sizespec                         0x00000000   Number         0  stubs.o ABSOLUTE
    _printf_str                              0x00000000   Number         0  stubs.o ABSOLUTE
    _printf_truncate_signed                  0x00000000   Number         0  stubs.o ABSOLUTE
    _printf_truncate_unsigned                0x00000000   Number         0  stubs.o ABSOLUTE
    _printf_u                                0x00000000   Number         0  stubs.o ABSOLUTE
    _printf_wc                               0x00000000   Number         0  stubs.o ABSOLUTE
    _printf_wctomb                           0x00000000   Number         0  stubs.o ABSOLUTE
    _printf_widthprec                        0x00000000   Number         0  stubs.o ABSOLUTE
    _printf_x                                0x00000000   Number         0  stubs.o ABSOLUTE
    __cpp_initialize__aeabi_                  - Undefined Weak Reference
    __cxa_finalize                            - Undefined Weak Reference
    _clock_init                               - Undefined Weak Reference
    _microlib_exit                            - Undefined Weak Reference
    __Vectors_Size                           0x00000130   Number         0  startup_stm32f10x_hd.o ABSOLUTE
    __Vectors                                0x08000000   Data           4  startup_stm32f10x_hd.o(RESET)
    __Vectors_End                            0x08000130   Data           0  startup_stm32f10x_hd.o(RESET)
    __main                                   0x08000131   Thumb Code     0  entry.o(.ARM.Collect$$$$00000000)
    _main_stk                                0x08000131   Thumb Code     0  entry2.o(.ARM.Collect$$$$00000001)
    _main_scatterload                        0x08000135   Thumb Code     0  entry5.o(.ARM.Collect$$$$00000004)
    __main_after_scatterload                 0x08000139   Thumb Code     0  entry5.o(.ARM.Collect$$$$00000004)
    _main_clock                              0x08000139   Thumb Code     0  entry7b.o(.ARM.Collect$$$$00000008)
    _main_cpp_init                           0x08000139   Thumb Code     0  entry8b.o(.ARM.Collect$$$$0000000A)
    _main_init                               0x08000139   Thumb Code     0  entry9a.o(.ARM.Collect$$$$0000000B)
    __rt_final_cpp                           0x08000141   Thumb Code     0  entry10a.o(.ARM.Collect$$$$0000000D)
    __rt_final_exit                          0x08000141   Thumb Code     0  entry11a.o(.ARM.Collect$$$$0000000F)
    Reset_Handler                            0x08000145   Thumb Code     8  startup_stm32f10x_hd.o(.text)
    ADC1_2_IRQHandler                        0x0800015f   Thumb Code     0  startup_stm32f10x_hd.o(.text)
    ADC3_IRQHandler                          0x0800015f   Thumb Code     0  startup_stm32f10x_hd.o(.text)
    CAN1_RX1_IRQHandler                      0x0800015f   Thumb Code     0  startup_stm32f10x_hd.o(.text)
    CAN1_SCE_IRQHandler                      0x0800015f   Thumb Code     0  startup_stm32f10x_hd.o(.text)
    DMA1_Channel1_IRQHandler                 0x0800015f   Thumb Code     0  startup_stm32f10x_hd.o(.text)
    DMA1_Channel2_IRQHandler                 0x0800015f   Thumb Code     0  startup_stm32f10x_hd.o(.text)
    DMA1_Channel3_IRQHandler                 0x0800015f   Thumb Code     0  startup_stm32f10x_hd.o(.text)
    DMA1_Channel4_IRQHandler                 0x0800015f   Thumb Code     0  startup_stm32f10x_hd.o(.text)
    DMA1_Channel5_IRQHandler                 0x0800015f   Thumb Code     0  startup_stm32f10x_hd.o(.text)
    DMA1_Channel6_IRQHandler                 0x0800015f   Thumb Code     0  startup_stm32f10x_hd.o(.text)
    DMA1_Channel7_IRQHandler                 0x0800015f   Thumb Code     0  startup_stm32f10x_hd.o(.text)
    DMA2_Channel1_IRQHandler                 0x0800015f   Thumb Code     0  startup_stm32f10x_hd.o(.text)
    DMA2_Channel2_IRQHandler                 0x0800015f   Thumb Code     0  startup_stm32f10x_hd.o(.text)
    DMA2_Channel3_IRQHandler                 0x0800015f   Thumb Code     0  startup_stm32f10x_hd.o(.text)
    DMA2_Channel4_5_IRQHandler               0x0800015f   Thumb Code     0  startup_stm32f10x_hd.o(.text)
    EXTI15_10_IRQHandler                     0x0800015f   Thumb Code     0  startup_stm32f10x_hd.o(.text)
    EXTI1_IRQHandler                         0x0800015f   Thumb Code     0  startup_stm32f10x_hd.o(.text)
    EXTI2_IRQHandler                         0x0800015f   Thumb Code     0  startup_stm32f10x_hd.o(.text)
    EXTI3_IRQHandler                         0x0800015f   Thumb Code     0  startup_stm32f10x_hd.o(.text)
    FLASH_IRQHandler                         0x0800015f   Thumb Code     0  startup_stm32f10x_hd.o(.text)
    FSMC_IRQHandler                          0x0800015f   Thumb Code     0  startup_stm32f10x_hd.o(.text)
    I2C1_ER_IRQHandler                       0x0800015f   Thumb Code     0  startup_stm32f10x_hd.o(.text)
    I2C1_EV_IRQHandler                       0x0800015f   Thumb Code     0  startup_stm32f10x_hd.o(.text)
    I2C2_ER_IRQHandler                       0x0800015f   Thumb Code     0  startup_stm32f10x_hd.o(.text)
    I2C2_EV_IRQHandler                       0x0800015f   Thumb Code     0  startup_stm32f10x_hd.o(.text)
    PVD_IRQHandler                           0x0800015f   Thumb Code     0  startup_stm32f10x_hd.o(.text)
    RCC_IRQHandler                           0x0800015f   Thumb Code     0  startup_stm32f10x_hd.o(.text)
    RTCAlarm_IRQHandler                      0x0800015f   Thumb Code     0  startup_stm32f10x_hd.o(.text)
    SDIO_IRQHandler                          0x0800015f   Thumb Code     0  startup_stm32f10x_hd.o(.text)
    SPI1_IRQHandler                          0x0800015f   Thumb Code     0  startup_stm32f10x_hd.o(.text)
    SPI2_IRQHandler                          0x0800015f   Thumb Code     0  startup_stm32f10x_hd.o(.text)
    SPI3_IRQHandler                          0x0800015f   Thumb Code     0  startup_stm32f10x_hd.o(.text)
    TAMPER_IRQHandler                        0x0800015f   Thumb Code     0  startup_stm32f10x_hd.o(.text)
    TIM1_BRK_IRQHandler                      0x0800015f   Thumb Code     0  startup_stm32f10x_hd.o(.text)
    TIM1_CC_IRQHandler                       0x0800015f   Thumb Code     0  startup_stm32f10x_hd.o(.text)
    TIM1_TRG_COM_IRQHandler                  0x0800015f   Thumb Code     0  startup_stm32f10x_hd.o(.text)
    TIM1_UP_IRQHandler                       0x0800015f   Thumb Code     0  startup_stm32f10x_hd.o(.text)
    TIM3_IRQHandler                          0x0800015f   Thumb Code     0  startup_stm32f10x_hd.o(.text)
    TIM4_IRQHandler                          0x0800015f   Thumb Code     0  startup_stm32f10x_hd.o(.text)
    TIM5_IRQHandler                          0x0800015f   Thumb Code     0  startup_stm32f10x_hd.o(.text)
    TIM6_IRQHandler                          0x0800015f   Thumb Code     0  startup_stm32f10x_hd.o(.text)
    TIM7_IRQHandler                          0x0800015f   Thumb Code     0  startup_stm32f10x_hd.o(.text)
    TIM8_BRK_IRQHandler                      0x0800015f   Thumb Code     0  startup_stm32f10x_hd.o(.text)
    TIM8_CC_IRQHandler                       0x0800015f   Thumb Code     0  startup_stm32f10x_hd.o(.text)
    TIM8_TRG_COM_IRQHandler                  0x0800015f   Thumb Code     0  startup_stm32f10x_hd.o(.text)
    TIM8_UP_IRQHandler                       0x0800015f   Thumb Code     0  startup_stm32f10x_hd.o(.text)
    UART5_IRQHandler                         0x0800015f   Thumb Code     0  startup_stm32f10x_hd.o(.text)
    USBWakeUp_IRQHandler                     0x0800015f   Thumb Code     0  startup_stm32f10x_hd.o(.text)
    USB_HP_CAN1_TX_IRQHandler                0x0800015f   Thumb Code     0  startup_stm32f10x_hd.o(.text)
    USB_LP_CAN1_RX0_IRQHandler               0x0800015f   Thumb Code     0  startup_stm32f10x_hd.o(.text)
    WWDG_IRQHandler                          0x0800015f   Thumb Code     0  startup_stm32f10x_hd.o(.text)
    __aeabi_memcpy                           0x08000169   Thumb Code    36  memcpya.o(.text)
    __aeabi_memcpy4                          0x08000169   Thumb Code     0  memcpya.o(.text)
    __aeabi_memcpy8                          0x08000169   Thumb Code     0  memcpya.o(.text)
    __aeabi_memset                           0x0800018d   Thumb Code    14  memseta.o(.text)
    __aeabi_memset4                          0x0800018d   Thumb Code     0  memseta.o(.text)
    __aeabi_memset8                          0x0800018d   Thumb Code     0  memseta.o(.text)
    __aeabi_memclr                           0x0800019b   Thumb Code     4  memseta.o(.text)
    __aeabi_memclr4                          0x0800019b   Thumb Code     0  memseta.o(.text)
    __aeabi_memclr8                          0x0800019b   Thumb Code     0  memseta.o(.text)
    _memset$wrapper                          0x0800019f   Thumb Code    18  memseta.o(.text)
    strstr                                   0x080001b1   Thumb Code    36  strstr.o(.text)
    strlen                                   0x080001d5   Thumb Code    14  strlen.o(.text)
    __aeabi_fmul                             0x080001e3   Thumb Code   100  fmul.o(.text)
    __aeabi_fdiv                             0x08000247   Thumb Code   124  fdiv.o(.text)
    __aeabi_dadd                             0x080002c3   Thumb Code   322  dadd.o(.text)
    __aeabi_dsub                             0x08000405   Thumb Code     6  dadd.o(.text)
    __aeabi_drsub                            0x0800040b   Thumb Code     6  dadd.o(.text)
    __aeabi_dmul                             0x08000411   Thumb Code   228  dmul.o(.text)
    __aeabi_ddiv                             0x080004f5   Thumb Code   222  ddiv.o(.text)
    __aeabi_ui2f                             0x080005d3   Thumb Code    10  ffltui.o(.text)
    __aeabi_i2d                              0x080005dd   Thumb Code    34  dflti.o(.text)
    __aeabi_ui2d                             0x080005ff   Thumb Code    26  dfltui.o(.text)
    __aeabi_f2uiz                            0x08000619   Thumb Code    40  ffixui.o(.text)
    __aeabi_d2uiz                            0x08000641   Thumb Code    50  dfixui.o(.text)
    __aeabi_f2d                              0x08000673   Thumb Code    38  f2d.o(.text)
    __aeabi_cdcmpeq                          0x08000699   Thumb Code     0  cdcmple.o(.text)
    __aeabi_cdcmple                          0x08000699   Thumb Code    48  cdcmple.o(.text)
    __aeabi_cdrcmple                         0x080006c9   Thumb Code    48  cdrcmple.o(.text)
    __aeabi_d2f                              0x080006f9   Thumb Code    56  d2f.o(.text)
    __aeabi_cfrcmple                         0x08000731   Thumb Code    20  cfrcmple.o(.text)
    __aeabi_uidiv                            0x08000745   Thumb Code     0  uidiv.o(.text)
    __aeabi_uidivmod                         0x08000745   Thumb Code    44  uidiv.o(.text)
    __aeabi_uldivmod                         0x08000771   Thumb Code    98  uldiv.o(.text)
    __aeabi_llsl                             0x080007d3   Thumb Code    30  llshl.o(.text)
    _ll_shift_l                              0x080007d3   Thumb Code     0  llshl.o(.text)
    __aeabi_llsr                             0x080007f1   Thumb Code    32  llushr.o(.text)
    _ll_ushift_r                             0x080007f1   Thumb Code     0  llushr.o(.text)
    __aeabi_lasr                             0x08000811   Thumb Code    36  llsshr.o(.text)
    _ll_sshift_r                             0x08000811   Thumb Code     0  llsshr.o(.text)
    localtime                                0x08000835   Thumb Code     6  localtime_w.o(.text)
    _localtime                               0x08000841   Thumb Code   134  localtime_i.o(.text)
    __I$use$fp                               0x080008cd   Thumb Code     0  iusefp.o(.text)
    _float_round                             0x080008cd   Thumb Code    18  fepilogue.o(.text)
    _float_epilogue                          0x080008df   Thumb Code    92  fepilogue.o(.text)
    _double_round                            0x0800093b   Thumb Code    30  depilogue.o(.text)
    _double_epilogue                         0x08000959   Thumb Code   156  depilogue.o(.text)
    __aeabi_d2ulz                            0x080009f5   Thumb Code    48  dfixul.o(.text)
    __scatterload                            0x08000a25   Thumb Code    28  init.o(.text)
    __scatterload_rt2                        0x08000a25   Thumb Code     0  init.o(.text)
    __decompress                             0x08000a49   Thumb Code     0  __dczerorl2.o(.text)
    __decompress1                            0x08000a49   Thumb Code    86  __dczerorl2.o(.text)
    ADC1_DMA_get_val                         0x08000aa1   Thumb Code   198  adc.o(i.ADC1_DMA_get_val)
    ADC2VOL                                  0x08000b75   Thumb Code   198  adc.o(i.ADC2VOL)
    ADC_time_scale                           0x08000c65   Thumb Code    24  delay.o(i.ADC_time_scale)
    BusFault_Handler                         0x08000c81   Thumb Code     4  stm32f10x_it.o(i.BusFault_Handler)
    DebugMon_Handler                         0x08000c85   Thumb Code     2  stm32f10x_it.o(i.DebugMon_Handler)
    Delay_ms                                 0x08000c89   Thumb Code    32  delay.o(i.Delay_ms)
    Delay_s                                  0x08000cad   Thumb Code    30  delay.o(i.Delay_s)
    Delay_us                                 0x08000cd1   Thumb Code    18  delay.o(i.Delay_us)
    EXTI0_IRQHandler                         0x08000ce5   Thumb Code    62  interrupt.o(i.EXTI0_IRQHandler)
    EXTI4_IRQHandler                         0x08000d29   Thumb Code    50  interrupt.o(i.EXTI4_IRQHandler)
    EXTI9_5_IRQHandler                       0x08000d61   Thumb Code   108  interrupt.o(i.EXTI9_5_IRQHandler)
    EXTI_ClearITPendingBit                   0x08000dd5   Thumb Code     6  stm32f10x_exti.o(i.EXTI_ClearITPendingBit)
    EXTI_GetITStatus                         0x08000de1   Thumb Code    34  stm32f10x_exti.o(i.EXTI_GetITStatus)
    FSMC_NORSRAMCmd                          0x08000e09   Thumb Code    46  stm32f10x_fsmc.o(i.FSMC_NORSRAMCmd)
    FSMC_NORSRAMInit                         0x08000e3d   Thumb Code   230  stm32f10x_fsmc.o(i.FSMC_NORSRAMInit)
    GPIO_Init                                0x08000f23   Thumb Code   278  stm32f10x_gpio.o(i.GPIO_Init)
    GPIO_ReadInputDataBit                    0x08001039   Thumb Code    18  stm32f10x_gpio.o(i.GPIO_ReadInputDataBit)
    GPIO_ResetBits                           0x0800104b   Thumb Code     4  stm32f10x_gpio.o(i.GPIO_ResetBits)
    GPIO_SetBits                             0x0800104f   Thumb Code     4  stm32f10x_gpio.o(i.GPIO_SetBits)
    HardFault_Handler                        0x08001053   Thumb Code     4  stm32f10x_it.o(i.HardFault_Handler)
    LCD_Clear                                0x08001059   Thumb Code   100  bsp_lcd.o(i.LCD_Clear)
    LCD_Config                               0x080010c5   Thumb Code 13436  bsp_lcd.o(i.LCD_Config)
    LCD_Display_Dir                          0x08004545   Thumb Code   444  bsp_lcd.o(i.LCD_Display_Dir)
    LCD_DrawPoint                            0x08004705   Thumb Code    28  bsp_lcd.o(i.LCD_DrawPoint)
    LCD_FSMCConfig                           0x08004729   Thumb Code   124  bsp_lcd.o(i.LCD_FSMCConfig)
    LCD_Fast_DrawPoint                       0x080047a5   Thumb Code   370  bsp_lcd.o(i.LCD_Fast_DrawPoint)
    LCD_GPIOConfig                           0x08004921   Thumb Code   124  bsp_lcd.o(i.LCD_GPIOConfig)
    LCD_Init                                 0x080049ad   Thumb Code    48  bsp_lcd.o(i.LCD_Init)
    LCD_RD_DATA                              0x080049e1   Thumb Code    14  bsp_lcd.o(i.LCD_RD_DATA)
    LCD_ReadID                               0x080049f5   Thumb Code   452  bsp_lcd.o(i.LCD_ReadID)
    LCD_ReadReg                              0x08004bcd   Thumb Code    22  bsp_lcd.o(i.LCD_ReadReg)
    LCD_SSD_BackLightSet                     0x08004be5   Thumb Code    80  bsp_lcd.o(i.LCD_SSD_BackLightSet)
    LCD_Scan_Dir                             0x08004c39   Thumb Code   744  bsp_lcd.o(i.LCD_Scan_Dir)
    LCD_SetCursor                            0x08004f25   Thumb Code   418  bsp_lcd.o(i.LCD_SetCursor)
    LCD_ShowChar                             0x080050cd   Thumb Code   272  bsp_lcd.o(i.LCD_ShowChar)
    LCD_ShowString                           0x080051f5   Thumb Code   102  bsp_lcd.o(i.LCD_ShowString)
    LCD_WR_DATA                              0x0800525d   Thumb Code     6  bsp_lcd.o(i.LCD_WR_DATA)
    LCD_WR_REG                               0x08005269   Thumb Code     6  bsp_lcd.o(i.LCD_WR_REG)
    LCD_WriteRAM_Prepare                     0x08005275   Thumb Code    10  bsp_lcd.o(i.LCD_WriteRAM_Prepare)
    LCD_WriteReg                             0x08005289   Thumb Code    10  bsp_lcd.o(i.LCD_WriteReg)
    MQTTPacket_encode                        0x08005299   Thumb Code    54  mqttpacket.o(i.MQTTPacket_encode)
    MQTTPacket_len                           0x080052d1   Thumb Code    34  mqttpacket.o(i.MQTTPacket_len)
    MQTTSerialize_connect                    0x080052f9   Thumb Code   342  mqttconnectclient.o(i.MQTTSerialize_connect)
    MQTTSerialize_connectLength              0x08005461   Thumb Code   118  mqttconnectclient.o(i.MQTTSerialize_connectLength)
    MQTTSerialize_publish                    0x080054d7   Thumb Code   176  mqttserializepublish.o(i.MQTTSerialize_publish)
    MQTTSerialize_publishLength              0x08005587   Thumb Code    34  mqttserializepublish.o(i.MQTTSerialize_publishLength)
    MQTTSerialize_subscribe                  0x080055a9   Thumb Code   176  mqttsubscribeclient.o(i.MQTTSerialize_subscribe)
    MQTTSerialize_subscribeLength            0x08005659   Thumb Code    46  mqttsubscribeclient.o(i.MQTTSerialize_subscribeLength)
    MQTTstrlen                               0x08005687   Thumb Code    24  mqttpacket.o(i.MQTTstrlen)
    MemManage_Handler                        0x0800569f   Thumb Code     4  stm32f10x_it.o(i.MemManage_Handler)
    NMI_Handler                              0x080056a3   Thumb Code     2  stm32f10x_it.o(i.NMI_Handler)
    NVIC_Init                                0x080056a5   Thumb Code   100  misc.o(i.NVIC_Init)
    NVIC_PriorityGroupConfig                 0x08005715   Thumb Code    10  misc.o(i.NVIC_PriorityGroupConfig)
    PendSV_Handler                           0x08005729   Thumb Code     2  stm32f10x_it.o(i.PendSV_Handler)
    RCC_AHBPeriphClockCmd                    0x0800572d   Thumb Code    26  stm32f10x_rcc.o(i.RCC_AHBPeriphClockCmd)
    RCC_APB1PeriphClockCmd                   0x0800574d   Thumb Code    26  stm32f10x_rcc.o(i.RCC_APB1PeriphClockCmd)
    RCC_APB2PeriphClockCmd                   0x0800576d   Thumb Code    26  stm32f10x_rcc.o(i.RCC_APB2PeriphClockCmd)
    RCC_GetClocksFreq                        0x0800578d   Thumb Code   192  stm32f10x_rcc.o(i.RCC_GetClocksFreq)
    RGB_disable                              0x08005861   Thumb Code    18  led.o(i.RGB_disable)
    RGB_enable                               0x08005879   Thumb Code    18  led.o(i.RGB_enable)
    RGB_init                                 0x08005891   Thumb Code    78  led.o(i.RGB_init)
    RTC_ClearITPendingBit                    0x080058e9   Thumb Code    12  stm32f10x_rtc.o(i.RTC_ClearITPendingBit)
    RTC_GetCounter                           0x080058f9   Thumb Code    16  stm32f10x_rtc.o(i.RTC_GetCounter)
    RTC_GetITStatus                          0x0800590d   Thumb Code    32  stm32f10x_rtc.o(i.RTC_GetITStatus)
    RTC_IRQHandler                           0x08005931   Thumb Code    26  interrupt.o(i.RTC_IRQHandler)
    SPI_Cmd                                  0x08005951   Thumb Code    24  stm32f10x_spi.o(i.SPI_Cmd)
    SPI_Init                                 0x08005969   Thumb Code    60  stm32f10x_spi.o(i.SPI_Init)
    SVC_Handler                              0x080059a5   Thumb Code     2  stm32f10x_it.o(i.SVC_Handler)
    SysTick_Handler                          0x08005a91   Thumb Code   132  delay.o(i.SysTick_Handler)
    SystemInit                               0x08005b49   Thumb Code    78  system_stm32f10x.o(i.SystemInit)
    TIM2_IRQHandler                          0x08005ba9   Thumb Code    36  interrupt.o(i.TIM2_IRQHandler)
    TIM_ARRPreloadConfig                     0x08005bd1   Thumb Code    24  stm32f10x_tim.o(i.TIM_ARRPreloadConfig)
    TIM_ClearITPendingBit                    0x08005be9   Thumb Code     6  stm32f10x_tim.o(i.TIM_ClearITPendingBit)
    TIM_Cmd                                  0x08005bef   Thumb Code    24  stm32f10x_tim.o(i.TIM_Cmd)
    TIM_CtrlPWMOutputs                       0x08005c07   Thumb Code    30  stm32f10x_tim.o(i.TIM_CtrlPWMOutputs)
    TIM_GetITStatus                          0x08005c25   Thumb Code    34  stm32f10x_tim.o(i.TIM_GetITStatus)
    TIM_InternalClockConfig                  0x08005c47   Thumb Code    12  stm32f10x_tim.o(i.TIM_InternalClockConfig)
    TIM_OC1Init                              0x08005c55   Thumb Code   132  stm32f10x_tim.o(i.TIM_OC1Init)
    TIM_OC2Init                              0x08005ced   Thumb Code   154  stm32f10x_tim.o(i.TIM_OC2Init)
    TIM_OCStructInit                         0x08005d91   Thumb Code    20  stm32f10x_tim.o(i.TIM_OCStructInit)
    TIM_TimeBaseInit                         0x08005da5   Thumb Code   122  stm32f10x_tim.o(i.TIM_TimeBaseInit)
    UART4_IRQHandler                         0x08005e49   Thumb Code   202  su_03t.o(i.UART4_IRQHandler)
    USART1_IRQHandler                        0x08005f31   Thumb Code   248  usart.o(i.USART1_IRQHandler)
    USART2_IRQHandler                        0x08006045   Thumb Code   228  kqm.o(i.USART2_IRQHandler)
    USART3_IRQHandler                        0x0800614d   Thumb Code   100  usart.o(i.USART3_IRQHandler)
    USART_ClearITPendingBit                  0x080061bd   Thumb Code    30  stm32f10x_usart.o(i.USART_ClearITPendingBit)
    USART_Cmd                                0x080061db   Thumb Code    24  stm32f10x_usart.o(i.USART_Cmd)
    USART_GetFlagStatus                      0x080061f3   Thumb Code    26  stm32f10x_usart.o(i.USART_GetFlagStatus)
    USART_GetITStatus                        0x0800620d   Thumb Code    84  stm32f10x_usart.o(i.USART_GetITStatus)
    USART_ITConfig                           0x08006261   Thumb Code    74  stm32f10x_usart.o(i.USART_ITConfig)
    USART_Init                               0x080062ad   Thumb Code   210  stm32f10x_usart.o(i.USART_Init)
    USART_ReceiveData                        0x08006385   Thumb Code    10  stm32f10x_usart.o(i.USART_ReceiveData)
    USART_SendData                           0x0800638f   Thumb Code     8  stm32f10x_usart.o(i.USART_SendData)
    UsageFault_Handler                       0x08006397   Thumb Code     4  stm32f10x_it.o(i.UsageFault_Handler)
    __0printf                                0x0800639d   Thumb Code    22  printfa.o(i.__0printf)
    __1printf                                0x0800639d   Thumb Code     0  printfa.o(i.__0printf)
    __2printf                                0x0800639d   Thumb Code     0  printfa.o(i.__0printf)
    __c89printf                              0x0800639d   Thumb Code     0  printfa.o(i.__0printf)
    printf                                   0x0800639d   Thumb Code     0  printfa.o(i.__0printf)
    __0sprintf                               0x080063bd   Thumb Code    34  printfa.o(i.__0sprintf)
    __1sprintf                               0x080063bd   Thumb Code     0  printfa.o(i.__0sprintf)
    __2sprintf                               0x080063bd   Thumb Code     0  printfa.o(i.__0sprintf)
    __c89sprintf                             0x080063bd   Thumb Code     0  printfa.o(i.__0sprintf)
    sprintf                                  0x080063bd   Thumb Code     0  printfa.o(i.__0sprintf)
    __scatterload_copy                       0x080063e5   Thumb Code    14  handlers.o(i.__scatterload_copy)
    __scatterload_null                       0x080063f3   Thumb Code     2  handlers.o(i.__scatterload_null)
    __scatterload_zeroinit                   0x080063f5   Thumb Code    14  handlers.o(i.__scatterload_zeroinit)
    air_analysis                             0x08006cc1   Thumb Code   112  kqm.o(i.air_analysis)
    buzzer_disable                           0x08006d49   Thumb Code     8  buzzer.o(i.buzzer_disable)
    buzzer_enable                            0x08006d55   Thumb Code    14  buzzer.o(i.buzzer_enable)
    buzzer_init                              0x08006d69   Thumb Code    42  buzzer.o(i.buzzer_init)
    check_server                             0x08006d9d   Thumb Code    96  my_mqtt.o(i.check_server)
    current_time2LCD_scale                   0x08006e01   Thumb Code    24  delay.o(i.current_time2LCD_scale)
    delay_1us                                0x08006e1d   Thumb Code   146  delay.o(i.delay_1us)
    dht_get_val                              0x08006eb1   Thumb Code   352  dht11.o(i.dht_get_val)
    dht_time_scale                           0x08007019   Thumb Code    24  delay.o(i.dht_time_scale)
    esp8266_init                             0x08007035   Thumb Code    50  esp8266.o(i.esp8266_init)
    fputc                                    0x0800706d   Thumb Code    18  usart.o(i.fputc)
    get_time_str                             0x08007085   Thumb Code  2362  rtc.o(i.get_time_str)
    kqm_time_scale                           0x08007aed   Thumb Code    24  delay.o(i.kqm_time_scale)
    led_disable                              0x08007b09   Thumb Code    18  led.o(i.led_disable)
    led_enable                               0x08007b21   Thumb Code    18  led.o(i.led_enable)
    led_init                                 0x08007b39   Thumb Code    74  led.o(i.led_init)
    led_turn                                 0x08007b8d   Thumb Code     8  led.o(i.led_turn)
    main                                     0x08007b95   Thumb Code   128  main.o(i.main)
    mqtt2server                              0x08007c25   Thumb Code   114  my_mqtt.o(i.mqtt2server)
    mqtt_connect_server                      0x08007ca1   Thumb Code    86  my_mqtt.o(i.mqtt_connect_server)
    pwm_tim1_init                            0x08007d2d   Thumb Code   180  pwm.o(i.pwm_tim1_init)
    pwm_tim3_init                            0x08007de9   Thumb Code   156  pwm.o(i.pwm_tim3_init)
    sFLASH_Init                              0x08007e8d   Thumb Code   172  my_spi_flash.o(i.sFLASH_Init)
    show_char2LCD                            0x08007f41   Thumb Code    96  bsp_lcd.o(i.show_char2LCD)
    show_chin2LCD                            0x08007fa1   Thumb Code    96  bsp_lcd.o(i.show_chin2LCD)
    show_data2LCD                            0x08008001   Thumb Code   314  my_lcd.o(i.show_data2LCD)
    show_data2LCD_scale                      0x08008165   Thumb Code    24  delay.o(i.show_data2LCD_scale)
    show_index2LCD                           0x08008181   Thumb Code   214  my_lcd.o(i.show_index2LCD)
    show_time2LCD                            0x08008295   Thumb Code    44  my_lcd.o(i.show_time2LCD)
    soft2esp                                 0x080082c1   Thumb Code    92  esp8266.o(i.soft2esp)
    su_o3t_init                              0x08008325   Thumb Code   176  su_03t.o(i.su_o3t_init)
    su_time_scale                            0x080083dd   Thumb Code    24  delay.o(i.su_time_scale)
    subscription_service                     0x080083f9   Thumb Code    80  my_mqtt.o(i.subscription_service)
    sys_tick_init                            0x080084b1   Thumb Code    72  delay.o(i.sys_tick_init)
    usart3_init                              0x08008505   Thumb Code   188  usart.o(i.usart3_init)
    usart3_send_string                       0x080085c9   Thumb Code    30  my_mqtt.o(i.usart3_send_string)
    usart_get_kqm__RXflag                    0x080085ed   Thumb Code    22  kqm.o(i.usart_get_kqm__RXflag)
    usart_get_su_RXflag                      0x08008609   Thumb Code    22  su_03t.o(i.usart_get_su_RXflag)
    usart_init                               0x08008625   Thumb Code   176  usart.o(i.usart_init)
    usart_send2su_array                      0x080086dd   Thumb Code    28  su_03t.o(i.usart_send2su_array)
    usart_send2su_bit                        0x080086f9   Thumb Code    28  su_03t.o(i.usart_send2su_bit)
    usart_send_array                         0x08008719   Thumb Code    36  usart.o(i.usart_send_array)
    usart_send_string                        0x0800873d   Thumb Code    32  usart.o(i.usart_send_string)
    usart_sendbit                            0x0800875d   Thumb Code    30  usart.o(i.usart_sendbit)
    vioce_analysis                           0x0800877d   Thumb Code   602  su_03t.o(i.vioce_analysis)
    wifi_init                                0x08008a11   Thumb Code   202  esp8266.o(i.wifi_init)
    writeCString                             0x08008c21   Thumb Code    40  mqttpacket.o(i.writeCString)
    writeChar                                0x08008c49   Thumb Code    12  mqttpacket.o(i.writeChar)
    writeInt                                 0x08008c55   Thumb Code    48  mqttpacket.o(i.writeInt)
    writeMQTTString                          0x08008c85   Thumb Code    62  mqttpacket.o(i.writeMQTTString)
    asc2_1206                                0x08008cc2   Data        1140  bsp_lcd.o(.constdata)
    asc2_1608                                0x08009136   Data        1520  bsp_lcd.o(.constdata)
    asc2_2412                                0x08009726   Data        3420  bsp_lcd.o(.constdata)
    Region$$Table$$Base                      0x0800a658   Number         0  anon$$obj.o(Region$$Table)
    Region$$Table$$Limit                     0x0800a678   Number         0  anon$$obj.o(Region$$Table)
    k1                                       0x20000000   Data           1  interrupt.o(.data)
    k2                                       0x20000001   Data           1  interrupt.o(.data)
    k3                                       0x20000002   Data           1  interrupt.o(.data)
    k4                                       0x20000003   Data           1  interrupt.o(.data)
    usart_RXdata                             0x20000004   Data           1  usart.o(.data)
    usart_RXflag                             0x20000005   Data           1  usart.o(.data)
    usart_TXpacket                           0x20000006   Data           4  usart.o(.data)
    usart_RXpacket                           0x2000000a   Data           4  usart.o(.data)
    usart_kqm_RXdata                         0x20000010   Data           1  kqm.o(.data)
    usart_kqm_RXflag                         0x20000011   Data           1  kqm.o(.data)
    usart_kqm_RXpacket                       0x20000012   Data           8  kqm.o(.data)
    usart_su_RXdata                          0x2000001e   Data           1  su_03t.o(.data)
    usart_su_RXflag                          0x2000001f   Data           1  su_03t.o(.data)
    usart_su_RXpacket                        0x20000020   Data           6  su_03t.o(.data)
    dht_data                                 0x20000028   Data           4  dht11.o(.data)
    POINT_COLOR                              0x2000002c   Data           2  bsp_lcd.o(.data)
    BACK_COLOR                               0x2000002e   Data           2  bsp_lcd.o(.data)
    er                                       0x20000030   Data          32  my_lcd.o(.data)
    yang                                     0x20000050   Data          32  my_lcd.o(.data)
    hua                                      0x20000070   Data          32  my_lcd.o(.data)
    tans                                     0x20000090   Data          32  my_lcd.o(.data)
    jia                                      0x200000b0   Data          32  my_lcd.o(.data)
    wan                                      0x200000d0   Data          32  my_lcd.o(.data)
    wen                                      0x200000f0   Data          32  my_lcd.o(.data)
    shi                                      0x20000110   Data          32  my_lcd.o(.data)
    du                                       0x20000130   Data          32  my_lcd.o(.data)
    guang                                    0x20000150   Data          32  my_lcd.o(.data)
    zhao                                     0x20000170   Data          32  my_lcd.o(.data)
    yan                                      0x20000190   Data          32  my_lcd.o(.data)
    wu                                       0x200001b0   Data          32  my_lcd.o(.data)
    nong                                     0x200001d0   Data          32  my_lcd.o(.data)
    CCC                                      0x200001f0   Data          16  my_lcd.o(.data)
    PPP                                      0x20000200   Data          16  my_lcd.o(.data)
    UUU                                      0x20000210   Data          16  my_lcd.o(.data)
    led_tick                                 0x20000234   Data           8  delay.o(.data)
    key_tick                                 0x2000023c   Data           8  delay.o(.data)
    d_ms                                     0x20000244   Data           8  delay.o(.data)
    d_us                                     0x2000024c   Data           8  delay.o(.data)
    d_s                                      0x20000254   Data           8  delay.o(.data)
    su_03t                                   0x2000025c   Data           8  delay.o(.data)
    kqm                                      0x20000264   Data           8  delay.o(.data)
    dht11                                    0x2000026c   Data           8  delay.o(.data)
    ADC_DMA                                  0x20000274   Data           8  delay.o(.data)
    lowpor                                   0x2000027c   Data           8  delay.o(.data)
    current_time                             0x20000284   Data           8  delay.o(.data)
    current_time2LCD                         0x2000028c   Data           8  delay.o(.data)
    show_data2lcd                            0x20000294   Data           8  delay.o(.data)
    __stdout                                 0x2000029c   Data           4  stdout.o(.data)
    usart_RX_str_packet                      0x200002a0   Data         100  usart.o(.bss)
    kqm_data                                 0x20000304   Data          12  kqm.o(.bss)
    usart_su_TXpacket                        0x20000310   Data          14  su_03t.o(.bss)
    light_val                                0x20000320   Data          22  adc.o(.bss)
    smoke_val                                0x20000336   Data          22  adc.o(.bss)
    temp_val                                 0x2000034c   Data          22  adc.o(.bss)
    ADC1_value                               0x20000364   Data          12  adc.o(.bss)
    ADC2V                                    0x20000370   Data          12  adc.o(.bss)
    ADC1_val                                 0x2000037c   Data          60  adc.o(.bss)
    lcddev                                   0x200003b8   Data          14  bsp_lcd.o(.bss)
    esp8266                                  0x200003c6   Data        2052  esp8266.o(.bss)
    __initial_sp                             0x20000ff8   Data           0  startup_stm32f10x_hd.o(STACK)



==============================================================================

Memory Map of the image

  Image Entry point : 0x08000131

  Load Region LR_IROM1 (Base: 0x08000000, Size: 0x0000a918, Max: 0x00080000, ABSOLUTE, COMPRESSED[0x0000a83c])

    Execution Region ER_IROM1 (Exec base: 0x08000000, Load base: 0x08000000, Size: 0x0000a678, Max: 0x00080000, ABSOLUTE)

    Exec Addr    Load Addr    Size         Type   Attr      Idx    E Section Name        Object

    0x08000000   0x08000000   0x00000130   Data   RO          342    RESET               startup_stm32f10x_hd.o
    0x08000130   0x08000130   0x00000000   Code   RO         5594  * .ARM.Collect$$$$00000000  mc_w.l(entry.o)
    0x08000130   0x08000130   0x00000004   Code   RO         5913    .ARM.Collect$$$$00000001  mc_w.l(entry2.o)
    0x08000134   0x08000134   0x00000004   Code   RO         5916    .ARM.Collect$$$$00000004  mc_w.l(entry5.o)
    0x08000138   0x08000138   0x00000000   Code   RO         5918    .ARM.Collect$$$$00000008  mc_w.l(entry7b.o)
    0x08000138   0x08000138   0x00000000   Code   RO         5920    .ARM.Collect$$$$0000000A  mc_w.l(entry8b.o)
    0x08000138   0x08000138   0x00000008   Code   RO         5921    .ARM.Collect$$$$0000000B  mc_w.l(entry9a.o)
    0x08000140   0x08000140   0x00000000   Code   RO         5923    .ARM.Collect$$$$0000000D  mc_w.l(entry10a.o)
    0x08000140   0x08000140   0x00000000   Code   RO         5925    .ARM.Collect$$$$0000000F  mc_w.l(entry11a.o)
    0x08000140   0x08000140   0x00000004   Code   RO         5914    .ARM.Collect$$$$00002712  mc_w.l(entry2.o)
    0x08000144   0x08000144   0x00000024   Code   RO          343    .text               startup_stm32f10x_hd.o
    0x08000168   0x08000168   0x00000024   Code   RO         5604    .text               mc_w.l(memcpya.o)
    0x0800018c   0x0800018c   0x00000024   Code   RO         5606    .text               mc_w.l(memseta.o)
    0x080001b0   0x080001b0   0x00000024   Code   RO         5608    .text               mc_w.l(strstr.o)
    0x080001d4   0x080001d4   0x0000000e   Code   RO         5612    .text               mc_w.l(strlen.o)
    0x080001e2   0x080001e2   0x00000064   Code   RO         5883    .text               mf_w.l(fmul.o)
    0x08000246   0x08000246   0x0000007c   Code   RO         5885    .text               mf_w.l(fdiv.o)
    0x080002c2   0x080002c2   0x0000014e   Code   RO         5887    .text               mf_w.l(dadd.o)
    0x08000410   0x08000410   0x000000e4   Code   RO         5889    .text               mf_w.l(dmul.o)
    0x080004f4   0x080004f4   0x000000de   Code   RO         5891    .text               mf_w.l(ddiv.o)
    0x080005d2   0x080005d2   0x0000000a   Code   RO         5893    .text               mf_w.l(ffltui.o)
    0x080005dc   0x080005dc   0x00000022   Code   RO         5895    .text               mf_w.l(dflti.o)
    0x080005fe   0x080005fe   0x0000001a   Code   RO         5897    .text               mf_w.l(dfltui.o)
    0x08000618   0x08000618   0x00000028   Code   RO         5899    .text               mf_w.l(ffixui.o)
    0x08000640   0x08000640   0x00000032   Code   RO         5901    .text               mf_w.l(dfixui.o)
    0x08000672   0x08000672   0x00000026   Code   RO         5903    .text               mf_w.l(f2d.o)
    0x08000698   0x08000698   0x00000030   Code   RO         5905    .text               mf_w.l(cdcmple.o)
    0x080006c8   0x080006c8   0x00000030   Code   RO         5907    .text               mf_w.l(cdrcmple.o)
    0x080006f8   0x080006f8   0x00000038   Code   RO         5909    .text               mf_w.l(d2f.o)
    0x08000730   0x08000730   0x00000014   Code   RO         5911    .text               mf_w.l(cfrcmple.o)
    0x08000744   0x08000744   0x0000002c   Code   RO         5928    .text               mc_w.l(uidiv.o)
    0x08000770   0x08000770   0x00000062   Code   RO         5930    .text               mc_w.l(uldiv.o)
    0x080007d2   0x080007d2   0x0000001e   Code   RO         5932    .text               mc_w.l(llshl.o)
    0x080007f0   0x080007f0   0x00000020   Code   RO         5934    .text               mc_w.l(llushr.o)
    0x08000810   0x08000810   0x00000024   Code   RO         5936    .text               mc_w.l(llsshr.o)
    0x08000834   0x08000834   0x0000000c   Code   RO         5938    .text               mc_w.l(localtime_w.o)
    0x08000840   0x08000840   0x0000008c   Code   RO         5941    .text               mc_w.l(localtime_i.o)
    0x080008cc   0x080008cc   0x00000000   Code   RO         5953    .text               mc_w.l(iusefp.o)
    0x080008cc   0x080008cc   0x0000006e   Code   RO         5954    .text               mf_w.l(fepilogue.o)
    0x0800093a   0x0800093a   0x000000ba   Code   RO         5956    .text               mf_w.l(depilogue.o)
    0x080009f4   0x080009f4   0x00000030   Code   RO         5958    .text               mf_w.l(dfixul.o)
    0x08000a24   0x08000a24   0x00000024   Code   RO         5960    .text               mc_w.l(init.o)
    0x08000a48   0x08000a48   0x00000056   Code   RO         6002    .text               mc_w.l(__dczerorl2.o)
    0x08000a9e   0x08000a9e   0x00000002   PAD
    0x08000aa0   0x08000aa0   0x000000d4   Code   RO          926    i.ADC1_DMA_get_val  adc.o
    0x08000b74   0x08000b74   0x000000f0   Code   RO          929    i.ADC2VOL           adc.o
    0x08000c64   0x08000c64   0x0000001c   Code   RO         4848    i.ADC_time_scale    delay.o
    0x08000c80   0x08000c80   0x00000004   Code   RO            4    i.BusFault_Handler  stm32f10x_it.o
    0x08000c84   0x08000c84   0x00000002   Code   RO            5    i.DebugMon_Handler  stm32f10x_it.o
    0x08000c86   0x08000c86   0x00000002   PAD
    0x08000c88   0x08000c88   0x00000024   Code   RO         4849    i.Delay_ms          delay.o
    0x08000cac   0x08000cac   0x00000024   Code   RO         4850    i.Delay_s           delay.o
    0x08000cd0   0x08000cd0   0x00000012   Code   RO         4851    i.Delay_us          delay.o
    0x08000ce2   0x08000ce2   0x00000002   PAD
    0x08000ce4   0x08000ce4   0x00000044   Code   RO          563    i.EXTI0_IRQHandler  interrupt.o
    0x08000d28   0x08000d28   0x00000038   Code   RO          564    i.EXTI4_IRQHandler  interrupt.o
    0x08000d60   0x08000d60   0x00000074   Code   RO          565    i.EXTI9_5_IRQHandler  interrupt.o
    0x08000dd4   0x08000dd4   0x0000000c   Code   RO         2511    i.EXTI_ClearITPendingBit  stm32f10x_exti.o
    0x08000de0   0x08000de0   0x00000028   Code   RO         2515    i.EXTI_GetITStatus  stm32f10x_exti.o
    0x08000e08   0x08000e08   0x00000034   Code   RO         2773    i.FSMC_NORSRAMCmd   stm32f10x_fsmc.o
    0x08000e3c   0x08000e3c   0x000000e6   Code   RO         2775    i.FSMC_NORSRAMInit  stm32f10x_fsmc.o
    0x08000f22   0x08000f22   0x00000116   Code   RO         2900    i.GPIO_Init         stm32f10x_gpio.o
    0x08001038   0x08001038   0x00000012   Code   RO         2904    i.GPIO_ReadInputDataBit  stm32f10x_gpio.o
    0x0800104a   0x0800104a   0x00000004   Code   RO         2907    i.GPIO_ResetBits    stm32f10x_gpio.o
    0x0800104e   0x0800104e   0x00000004   Code   RO         2908    i.GPIO_SetBits      stm32f10x_gpio.o
    0x08001052   0x08001052   0x00000004   Code   RO            6    i.HardFault_Handler  stm32f10x_it.o
    0x08001056   0x08001056   0x00000002   PAD
    0x08001058   0x08001058   0x0000006c   Code   RO         1011    i.LCD_Clear         bsp_lcd.o
    0x080010c4   0x080010c4   0x00003480   Code   RO         1013    i.LCD_Config        bsp_lcd.o
    0x08004544   0x08004544   0x000001c0   Code   RO         1016    i.LCD_Display_Dir   bsp_lcd.o
    0x08004704   0x08004704   0x00000024   Code   RO         1018    i.LCD_DrawPoint     bsp_lcd.o
    0x08004728   0x08004728   0x0000007c   Code   RO         1019    i.LCD_FSMCConfig    bsp_lcd.o
    0x080047a4   0x080047a4   0x0000017c   Code   RO         1020    i.LCD_Fast_DrawPoint  bsp_lcd.o
    0x08004920   0x08004920   0x0000008c   Code   RO         1022    i.LCD_GPIOConfig    bsp_lcd.o
    0x080049ac   0x080049ac   0x00000034   Code   RO         1023    i.LCD_Init          bsp_lcd.o
    0x080049e0   0x080049e0   0x00000014   Code   RO         1024    i.LCD_RD_DATA       bsp_lcd.o
    0x080049f4   0x080049f4   0x000001d8   Code   RO         1025    i.LCD_ReadID        bsp_lcd.o
    0x08004bcc   0x08004bcc   0x00000016   Code   RO         1027    i.LCD_ReadReg       bsp_lcd.o
    0x08004be2   0x08004be2   0x00000002   PAD
    0x08004be4   0x08004be4   0x00000054   Code   RO         1028    i.LCD_SSD_BackLightSet  bsp_lcd.o
    0x08004c38   0x08004c38   0x000002ec   Code   RO         1029    i.LCD_Scan_Dir      bsp_lcd.o
    0x08004f24   0x08004f24   0x000001a8   Code   RO         1030    i.LCD_SetCursor     bsp_lcd.o
    0x080050cc   0x080050cc   0x00000128   Code   RO         1032    i.LCD_ShowChar      bsp_lcd.o
    0x080051f4   0x080051f4   0x00000066   Code   RO         1034    i.LCD_ShowString    bsp_lcd.o
    0x0800525a   0x0800525a   0x00000002   PAD
    0x0800525c   0x0800525c   0x0000000c   Code   RO         1035    i.LCD_WR_DATA       bsp_lcd.o
    0x08005268   0x08005268   0x0000000c   Code   RO         1036    i.LCD_WR_REG        bsp_lcd.o
    0x08005274   0x08005274   0x00000014   Code   RO         1038    i.LCD_WriteRAM_Prepare  bsp_lcd.o
    0x08005288   0x08005288   0x00000010   Code   RO         1039    i.LCD_WriteReg      bsp_lcd.o
    0x08005298   0x08005298   0x00000036   Code   RO         5332    i.MQTTPacket_encode  mqttpacket.o
    0x080052ce   0x080052ce   0x00000002   PAD
    0x080052d0   0x080052d0   0x00000028   Code   RO         5334    i.MQTTPacket_len    mqttpacket.o
    0x080052f8   0x080052f8   0x00000168   Code   RO         5172    i.MQTTSerialize_connect  mqttconnectclient.o
    0x08005460   0x08005460   0x00000076   Code   RO         5173    i.MQTTSerialize_connectLength  mqttconnectclient.o
    0x080054d6   0x080054d6   0x000000b0   Code   RO         5451    i.MQTTSerialize_publish  mqttserializepublish.o
    0x08005586   0x08005586   0x00000022   Code   RO         5452    i.MQTTSerialize_publishLength  mqttserializepublish.o
    0x080055a8   0x080055a8   0x000000b0   Code   RO         5495    i.MQTTSerialize_subscribe  mqttsubscribeclient.o
    0x08005658   0x08005658   0x0000002e   Code   RO         5496    i.MQTTSerialize_subscribeLength  mqttsubscribeclient.o
    0x08005686   0x08005686   0x00000018   Code   RO         5337    i.MQTTstrlen        mqttpacket.o
    0x0800569e   0x0800569e   0x00000004   Code   RO            7    i.MemManage_Handler  stm32f10x_it.o
    0x080056a2   0x080056a2   0x00000002   Code   RO            8    i.NMI_Handler       stm32f10x_it.o
    0x080056a4   0x080056a4   0x00000070   Code   RO         1605    i.NVIC_Init         misc.o
    0x08005714   0x08005714   0x00000014   Code   RO         1606    i.NVIC_PriorityGroupConfig  misc.o
    0x08005728   0x08005728   0x00000002   Code   RO            9    i.PendSV_Handler    stm32f10x_it.o
    0x0800572a   0x0800572a   0x00000002   PAD
    0x0800572c   0x0800572c   0x00000020   Code   RO         3363    i.RCC_AHBPeriphClockCmd  stm32f10x_rcc.o
    0x0800574c   0x0800574c   0x00000020   Code   RO         3364    i.RCC_APB1PeriphClockCmd  stm32f10x_rcc.o
    0x0800576c   0x0800576c   0x00000020   Code   RO         3366    i.RCC_APB2PeriphClockCmd  stm32f10x_rcc.o
    0x0800578c   0x0800578c   0x000000d4   Code   RO         3374    i.RCC_GetClocksFreq  stm32f10x_rcc.o
    0x08005860   0x08005860   0x00000018   Code   RO          491    i.RGB_disable       led.o
    0x08005878   0x08005878   0x00000018   Code   RO          492    i.RGB_enable        led.o
    0x08005890   0x08005890   0x00000058   Code   RO          493    i.RGB_init          led.o
    0x080058e8   0x080058e8   0x00000010   Code   RO         3575    i.RTC_ClearITPendingBit  stm32f10x_rtc.o
    0x080058f8   0x080058f8   0x00000014   Code   RO         3578    i.RTC_GetCounter    stm32f10x_rtc.o
    0x0800590c   0x0800590c   0x00000024   Code   RO         3581    i.RTC_GetITStatus   stm32f10x_rtc.o
    0x08005930   0x08005930   0x00000020   Code   RO          566    i.RTC_IRQHandler    interrupt.o
    0x08005950   0x08005950   0x00000018   Code   RO         3879    i.SPI_Cmd           stm32f10x_spi.o
    0x08005968   0x08005968   0x0000003c   Code   RO         3892    i.SPI_Init          stm32f10x_spi.o
    0x080059a4   0x080059a4   0x00000002   Code   RO           10    i.SVC_Handler       stm32f10x_it.o
    0x080059a6   0x080059a6   0x00000008   Code   RO          171    i.SetSysClock       system_stm32f10x.o
    0x080059ae   0x080059ae   0x00000002   PAD
    0x080059b0   0x080059b0   0x000000e0   Code   RO          172    i.SetSysClockTo72   system_stm32f10x.o
    0x08005a90   0x08005a90   0x000000b8   Code   RO         4852    i.SysTick_Handler   delay.o
    0x08005b48   0x08005b48   0x00000060   Code   RO          174    i.SystemInit        system_stm32f10x.o
    0x08005ba8   0x08005ba8   0x00000028   Code   RO          567    i.TIM2_IRQHandler   interrupt.o
    0x08005bd0   0x08005bd0   0x00000018   Code   RO         4034    i.TIM_ARRPreloadConfig  stm32f10x_tim.o
    0x08005be8   0x08005be8   0x00000006   Code   RO         4041    i.TIM_ClearITPendingBit  stm32f10x_tim.o
    0x08005bee   0x08005bee   0x00000018   Code   RO         4046    i.TIM_Cmd           stm32f10x_tim.o
    0x08005c06   0x08005c06   0x0000001e   Code   RO         4048    i.TIM_CtrlPWMOutputs  stm32f10x_tim.o
    0x08005c24   0x08005c24   0x00000022   Code   RO         4067    i.TIM_GetITStatus   stm32f10x_tim.o
    0x08005c46   0x08005c46   0x0000000c   Code   RO         4073    i.TIM_InternalClockConfig  stm32f10x_tim.o
    0x08005c52   0x08005c52   0x00000002   PAD
    0x08005c54   0x08005c54   0x00000098   Code   RO         4075    i.TIM_OC1Init       stm32f10x_tim.o
    0x08005cec   0x08005cec   0x000000a4   Code   RO         4080    i.TIM_OC2Init       stm32f10x_tim.o
    0x08005d90   0x08005d90   0x00000014   Code   RO         4093    i.TIM_OCStructInit  stm32f10x_tim.o
    0x08005da4   0x08005da4   0x000000a4   Code   RO         4117    i.TIM_TimeBaseInit  stm32f10x_tim.o
    0x08005e48   0x08005e48   0x000000e8   Code   RO          832    i.UART4_IRQHandler  su_03t.o
    0x08005f30   0x08005f30   0x00000114   Code   RO          662    i.USART1_IRQHandler  usart.o
    0x08006044   0x08006044   0x00000108   Code   RO          783    i.USART2_IRQHandler  kqm.o
    0x0800614c   0x0800614c   0x00000070   Code   RO          663    i.USART3_IRQHandler  usart.o
    0x080061bc   0x080061bc   0x0000001e   Code   RO         4591    i.USART_ClearITPendingBit  stm32f10x_usart.o
    0x080061da   0x080061da   0x00000018   Code   RO         4594    i.USART_Cmd         stm32f10x_usart.o
    0x080061f2   0x080061f2   0x0000001a   Code   RO         4597    i.USART_GetFlagStatus  stm32f10x_usart.o
    0x0800620c   0x0800620c   0x00000054   Code   RO         4598    i.USART_GetITStatus  stm32f10x_usart.o
    0x08006260   0x08006260   0x0000004a   Code   RO         4600    i.USART_ITConfig    stm32f10x_usart.o
    0x080062aa   0x080062aa   0x00000002   PAD
    0x080062ac   0x080062ac   0x000000d8   Code   RO         4601    i.USART_Init        stm32f10x_usart.o
    0x08006384   0x08006384   0x0000000a   Code   RO         4608    i.USART_ReceiveData  stm32f10x_usart.o
    0x0800638e   0x0800638e   0x00000008   Code   RO         4611    i.USART_SendData    stm32f10x_usart.o
    0x08006396   0x08006396   0x00000004   Code   RO           11    i.UsageFault_Handler  stm32f10x_it.o
    0x0800639a   0x0800639a   0x00000002   PAD
    0x0800639c   0x0800639c   0x00000020   Code   RO         5853    i.__0printf         mc_w.l(printfa.o)
    0x080063bc   0x080063bc   0x00000028   Code   RO         5855    i.__0sprintf        mc_w.l(printfa.o)
    0x080063e4   0x080063e4   0x0000000e   Code   RO         5996    i.__scatterload_copy  mc_w.l(handlers.o)
    0x080063f2   0x080063f2   0x00000002   Code   RO         5997    i.__scatterload_null  mc_w.l(handlers.o)
    0x080063f4   0x080063f4   0x0000000e   Code   RO         5998    i.__scatterload_zeroinit  mc_w.l(handlers.o)
    0x08006402   0x08006402   0x00000002   PAD
    0x08006404   0x08006404   0x00000184   Code   RO         5860    i._fp_digits        mc_w.l(printfa.o)
    0x08006588   0x08006588   0x000006dc   Code   RO         5861    i._printf_core      mc_w.l(printfa.o)
    0x08006c64   0x08006c64   0x00000024   Code   RO         5862    i._printf_post_padding  mc_w.l(printfa.o)
    0x08006c88   0x08006c88   0x0000002e   Code   RO         5863    i._printf_pre_padding  mc_w.l(printfa.o)
    0x08006cb6   0x08006cb6   0x0000000a   Code   RO         5865    i._sputc            mc_w.l(printfa.o)
    0x08006cc0   0x08006cc0   0x00000088   Code   RO          784    i.air_analysis      kqm.o
    0x08006d48   0x08006d48   0x0000000c   Code   RO          350    i.buzzer_disable    buzzer.o
    0x08006d54   0x08006d54   0x00000014   Code   RO          351    i.buzzer_enable     buzzer.o
    0x08006d68   0x08006d68   0x00000034   Code   RO          352    i.buzzer_init       buzzer.o
    0x08006d9c   0x08006d9c   0x00000064   Code   RO         1540    i.check_server      my_mqtt.o
    0x08006e00   0x08006e00   0x0000001c   Code   RO         4853    i.current_time2LCD_scale  delay.o
    0x08006e1c   0x08006e1c   0x00000092   Code   RO         4855    i.delay_1us         delay.o
    0x08006eae   0x08006eae   0x00000002   PAD
    0x08006eb0   0x08006eb0   0x00000168   Code   RO          890    i.dht_get_val       dht11.o
    0x08007018   0x08007018   0x0000001c   Code   RO         4856    i.dht_time_scale    delay.o
    0x08007034   0x08007034   0x00000038   Code   RO         1491    i.esp8266_init      esp8266.o
    0x0800706c   0x0800706c   0x00000018   Code   RO          664    i.fputc             usart.o
    0x08007084   0x08007084   0x00000a68   Code   RO         5021    i.get_time_str      rtc.o
    0x08007aec   0x08007aec   0x0000001c   Code   RO         4857    i.kqm_time_scale    delay.o
    0x08007b08   0x08007b08   0x00000018   Code   RO          494    i.led_disable       led.o
    0x08007b20   0x08007b20   0x00000018   Code   RO          495    i.led_enable        led.o
    0x08007b38   0x08007b38   0x00000054   Code   RO          496    i.led_init          led.o
    0x08007b8c   0x08007b8c   0x00000008   Code   RO          497    i.led_turn          led.o
    0x08007b94   0x08007b94   0x00000090   Code   RO          217    i.main              main.o
    0x08007c24   0x08007c24   0x0000007c   Code   RO         1542    i.mqtt2server       my_mqtt.o
    0x08007ca0   0x08007ca0   0x0000008c   Code   RO         1543    i.mqtt_connect_server  my_mqtt.o
    0x08007d2c   0x08007d2c   0x000000bc   Code   RO          622    i.pwm_tim1_init     pwm.o
    0x08007de8   0x08007de8   0x000000a4   Code   RO          623    i.pwm_tim3_init     pwm.o
    0x08007e8c   0x08007e8c   0x000000b4   Code   RO         1392    i.sFLASH_Init       my_spi_flash.o
    0x08007f40   0x08007f40   0x00000060   Code   RO         1043    i.show_char2LCD     bsp_lcd.o
    0x08007fa0   0x08007fa0   0x00000060   Code   RO         1044    i.show_chin2LCD     bsp_lcd.o
    0x08008000   0x08008000   0x00000164   Code   RO         1253    i.show_data2LCD     my_lcd.o
    0x08008164   0x08008164   0x0000001c   Code   RO         4859    i.show_data2LCD_scale  delay.o
    0x08008180   0x08008180   0x00000114   Code   RO         1254    i.show_index2LCD    my_lcd.o
    0x08008294   0x08008294   0x0000002c   Code   RO         1255    i.show_time2LCD     my_lcd.o
    0x080082c0   0x080082c0   0x00000064   Code   RO         1492    i.soft2esp          esp8266.o
    0x08008324   0x08008324   0x000000b8   Code   RO          833    i.su_o3t_init       su_03t.o
    0x080083dc   0x080083dc   0x0000001c   Code   RO         4860    i.su_time_scale     delay.o
    0x080083f8   0x080083f8   0x000000b8   Code   RO         1545    i.subscription_service  my_mqtt.o
    0x080084b0   0x080084b0   0x00000054   Code   RO         4861    i.sys_tick_init     delay.o
    0x08008504   0x08008504   0x000000c4   Code   RO          666    i.usart3_init       usart.o
    0x080085c8   0x080085c8   0x00000024   Code   RO         1546    i.usart3_send_string  my_mqtt.o
    0x080085ec   0x080085ec   0x0000001c   Code   RO          786    i.usart_get_kqm__RXflag  kqm.o
    0x08008608   0x08008608   0x0000001c   Code   RO          834    i.usart_get_su_RXflag  su_03t.o
    0x08008624   0x08008624   0x000000b8   Code   RO          669    i.usart_init        usart.o
    0x080086dc   0x080086dc   0x0000001c   Code   RO          835    i.usart_send2su_array  su_03t.o
    0x080086f8   0x080086f8   0x00000020   Code   RO          836    i.usart_send2su_bit  su_03t.o
    0x08008718   0x08008718   0x00000024   Code   RO          673    i.usart_send_array  usart.o
    0x0800873c   0x0800873c   0x00000020   Code   RO          676    i.usart_send_string  usart.o
    0x0800875c   0x0800875c   0x0000001e   Code   RO          677    i.usart_sendbit     usart.o
    0x0800877a   0x0800877a   0x00000002   PAD
    0x0800877c   0x0800877c   0x00000294   Code   RO          837    i.vioce_analysis    su_03t.o
    0x08008a10   0x08008a10   0x00000210   Code   RO         1494    i.wifi_init         esp8266.o
    0x08008c20   0x08008c20   0x00000028   Code   RO         5343    i.writeCString      mqttpacket.o
    0x08008c48   0x08008c48   0x0000000c   Code   RO         5344    i.writeChar         mqttpacket.o
    0x08008c54   0x08008c54   0x00000030   Code   RO         5345    i.writeInt          mqttpacket.o
    0x08008c84   0x08008c84   0x0000003e   Code   RO         5346    i.writeMQTTString   mqttpacket.o
    0x08008cc2   0x08008cc2   0x000017c0   Data   RO         1046    .constdata          bsp_lcd.o
    0x0800a482   0x0800a482   0x00000002   PAD
    0x0800a484   0x0800a484   0x00000060   Data   RO         1548    .constdata          my_mqtt.o
    0x0800a4e4   0x0800a4e4   0x0000000c   Data   RO         5942    .constdata          mc_w.l(localtime_i.o)
    0x0800a4f0   0x0800a4f0   0x000000b8   Data   RO         1496    .conststring        esp8266.o
    0x0800a5a8   0x0800a5a8   0x000000ae   Data   RO         1549    .conststring        my_mqtt.o
    0x0800a656   0x0800a656   0x00000002   PAD
    0x0800a658   0x0800a658   0x00000020   Data   RO         5994    Region$$Table       anon$$obj.o


    Execution Region RW_IRAM1 (Exec base: 0x20000000, Load base: 0x0800a678, Size: 0x00000ff8, Max: 0x00010000, ABSOLUTE, COMPRESSED[0x000001c4])

    Exec Addr    Load Addr    Size         Type   Attr      Idx    E Section Name        Object

    0x20000000   COMPRESSED   0x00000004   Data   RW          569    .data               interrupt.o
    0x20000004   COMPRESSED   0x0000000c   Data   RW          679    .data               usart.o
    0x20000010   COMPRESSED   0x0000000e   Data   RW          788    .data               kqm.o
    0x2000001e   COMPRESSED   0x0000000a   Data   RW          839    .data               su_03t.o
    0x20000028   COMPRESSED   0x00000004   Data   RW          892    .data               dht11.o
    0x2000002c   COMPRESSED   0x00000004   Data   RW         1047    .data               bsp_lcd.o
    0x20000030   COMPRESSED   0x000001f0   Data   RW         1256    .data               my_lcd.o
    0x20000220   COMPRESSED   0x00000014   Data   RW         3394    .data               stm32f10x_rcc.o
    0x20000234   COMPRESSED   0x00000068   Data   RW         4862    .data               delay.o
    0x2000029c   COMPRESSED   0x00000004   Data   RW         5927    .data               mc_w.l(stdout.o)
    0x200002a0        -       0x00000064   Zero   RW          678    .bss                usart.o
    0x20000304        -       0x0000000c   Zero   RW          787    .bss                kqm.o
    0x20000310        -       0x0000000e   Zero   RW          838    .bss                su_03t.o
    0x2000031e   COMPRESSED   0x00000002   PAD
    0x20000320        -       0x00000098   Zero   RW          936    .bss                adc.o
    0x200003b8        -       0x0000000e   Zero   RW         1045    .bss                bsp_lcd.o
    0x200003c6        -       0x00000804   Zero   RW         1495    .bss                esp8266.o
    0x20000bca   COMPRESSED   0x00000002   PAD
    0x20000bcc        -       0x0000002c   Zero   RW         5939    .bss                mc_w.l(localtime_w.o)
    0x20000bf8        -       0x00000400   Zero   RW          340    STACK               startup_stm32f10x_hd.o


==============================================================================

Image component sizes


      Code (inc. data)   RO Data    RW Data    ZI Data      Debug   Object Name

       452         56          0          0        152       1878   adc.o
     17148        192       6080          4         14      23847   bsp_lcd.o
        84         20          0          0          0       1247   buzzer.o
       672         98          0        104          0      31925   delay.o
       360          8          0          4          0       1597   dht11.o
       684        340        184          0       2052       2536   esp8266.o
       312         30          0          4          0       2668   interrupt.o
       428         66          0         14         12       2707   kqm.o
       276         44          0          0          0       3451   led.o
       144         16          0          0          0       5879   main.o
       132         22          0          0          0       1531   misc.o
       478         18          0          0          0       2094   mqttconnectclient.o
       280          6          0          0          0       3894   mqttpacket.o
       210          0          0          0          0       1718   mqttserializepublish.o
       222          0          0          0          0       2242   mqttsubscribeclient.o
       676        104          0        496          0       2798   my_lcd.o
       584        178        270          0          0       3079   my_mqtt.o
       180          8          0          0          0        634   my_spi_flash.o
       352         16          0          0          0       1288   pwm.o
      2664        714          0          0          0       1263   rtc.o
        36          8        304          0       1024        776   startup_stm32f10x_hd.o
        52         12          0          0          0       1056   stm32f10x_exti.o
       282          6          0          0          0       1813   stm32f10x_fsmc.o
       304          0          0          0          0       3588   stm32f10x_gpio.o
        24          0          0          0          0     270804   stm32f10x_it.o
       308         38          0         20          0       4906   stm32f10x_rcc.o
        72         12          0          0          0       1483   stm32f10x_rtc.o
        84          0          0          0          0       2129   stm32f10x_spi.o
       630         72          0          0          0       6264   stm32f10x_tim.o
       472          6          0          0          0       6595   stm32f10x_usart.o
      1164        124          0         10         14       4392   su_03t.o
       328         28          0          0          0       1941   system_stm32f10x.o
       890         62          0         12        100       5576   usart.o

    ----------------------------------------------------------------------
     31010       2304       6874        668       3372     409599   Object Totals
         0          0         32          0          0          0   (incl. Generated)
        26          0          4          0          4          0   (incl. Padding)

    ----------------------------------------------------------------------

      Code (inc. data)   RO Data    RW Data    ZI Data      Debug   Library Member Name

        86          0          0          0          0          0   __dczerorl2.o
         0          0          0          0          0          0   entry.o
         0          0          0          0          0          0   entry10a.o
         0          0          0          0          0          0   entry11a.o
         8          4          0          0          0          0   entry2.o
         4          0          0          0          0          0   entry5.o
         0          0          0          0          0          0   entry7b.o
         0          0          0          0          0          0   entry8b.o
         8          4          0          0          0          0   entry9a.o
        30          0          0          0          0          0   handlers.o
        36          8          0          0          0         68   init.o
         0          0          0          0          0          0   iusefp.o
        30          0          0          0          0         68   llshl.o
        36          0          0          0          0         68   llsshr.o
        32          0          0          0          0         68   llushr.o
       140          6         12          0          0         76   localtime_i.o
        12          6          0          0         44         68   localtime_w.o
        36          0          0          0          0         68   memcpya.o
        36          0          0          0          0        108   memseta.o
      2308         96          0          0          0        604   printfa.o
         0          0          0          4          0          0   stdout.o
        14          0          0          0          0         68   strlen.o
        36          0          0          0          0         80   strstr.o
        44          0          0          0          0         80   uidiv.o
        98          0          0          0          0         92   uldiv.o
        48          0          0          0          0         68   cdcmple.o
        48          0          0          0          0         68   cdrcmple.o
        20          0          0          0          0         68   cfrcmple.o
        56          0          0          0          0         88   d2f.o
       334          0          0          0          0        148   dadd.o
       222          0          0          0          0        100   ddiv.o
       186          0          0          0          0        176   depilogue.o
        50          0          0          0          0         76   dfixui.o
        48          0          0          0          0         68   dfixul.o
        34          0          0          0          0         76   dflti.o
        26          0          0          0          0         76   dfltui.o
       228          0          0          0          0         96   dmul.o
        38          0          0          0          0         68   f2d.o
       124          0          0          0          0         88   fdiv.o
       110          0          0          0          0        168   fepilogue.o
        40          0          0          0          0         68   ffixui.o
        10          0          0          0          0         68   ffltui.o
       100          0          0          0          0         76   fmul.o

    ----------------------------------------------------------------------
      4720        124         12          4         44       3160   Library Totals
         4          0          0          0          0          0   (incl. Padding)

    ----------------------------------------------------------------------

      Code (inc. data)   RO Data    RW Data    ZI Data      Debug   Library Name

      2994        124         12          4         44       1516   mc_w.l
      1722          0          0          0          0       1644   mf_w.l

    ----------------------------------------------------------------------
      4720        124         12          4         44       3160   Library Totals

    ----------------------------------------------------------------------

==============================================================================


      Code (inc. data)   RO Data    RW Data    ZI Data      Debug   

     35730       2428       6886        672       3416     403839   Grand Totals
     35730       2428       6886        452       3416     403839   ELF Image Totals (compressed)
     35730       2428       6886        452          0          0   ROM Totals

==============================================================================

    Total RO  Size (Code + RO Data)                42616 (  41.62kB)
    Total RW  Size (RW Data + ZI Data)              4088 (   3.99kB)
    Total ROM Size (Code + RO Data + RW Data)      43068 (  42.06kB)

==============================================================================

