Component: ARM Compiler 5.06 update 6 (build 750) Tool: armlink [4d35ed]

==============================================================================

Section Cross References

    system_stm32f10x.o(i.SetSysClock) refers to system_stm32f10x.o(i.SetSysClockTo72) for SetSysClockTo72
    system_stm32f10x.o(i.SystemCoreClockUpdate) refers to system_stm32f10x.o(.data) for SystemCoreClock
    system_stm32f10x.o(i.SystemInit) refers to system_stm32f10x.o(i.SetSysClock) for SetSysClock
    main.o(i.api_init) refers to usart.o(i.usart_init) for usart_init
    main.o(i.api_init) refers to led.o(i.led_init) for led_init
    main.o(i.api_init) refers to key.o(i.key_init) for key_init
    main.o(i.api_init) refers to buzzer.o(i.buzzer_init) for buzzer_init
    main.o(i.api_init) refers to usart.o(i.usart_send_string) for usart_send_string
    main.o(i.api_init) refers to dht11.o(i.dth11_init) for dth11_init
    main.o(i.api_init) refers to bsp_lcd.o(i.LCD_Init) for LCD_Init
    main.o(i.api_init) refers to kqm.o(i.kqm_init) for kqm_init
    main.o(i.api_init) refers to su_03t.o(i.su_o3t_init) for su_o3t_init
    main.o(i.api_init) refers to adc.o(i.ADC1_DMA_init) for ADC1_DMA_init
    main.o(i.api_init) refers to my_spi_flash.o(i.sFLASH_Init) for sFLASH_Init
    main.o(i.api_init) refers to esp8266.o(i.esp8266_init) for esp8266_init
    main.o(i.api_init) refers to my_lcd.o(i.show_index2LCD) for show_index2LCD
    main.o(i.api_init) refers to delay.o(i.Delay_ms) for Delay_ms
    main.o(i.api_init) refers to esp8266.o(i.wifi_init) for wifi_init
    main.o(i.api_init) refers to my_mqtt.o(i.subscription_service) for subscription_service
    main.o(i.api_init) refers to rtc.o(i.rtc_init) for rtc_init
    main.o(i.main) refers to misc.o(i.NVIC_PriorityGroupConfig) for NVIC_PriorityGroupConfig
    main.o(i.main) refers to main.o(i.api_init) for api_init
    main.o(i.main) refers to myrtos.o(i.freertos_demo) for freertos_demo
    main.o(i.main) refers to printfa.o(i.__0printf) for __2printf
    main.o(i.vApplicationStackOverflowHook) refers to printfa.o(i.__0printf) for __2printf
    startup_stm32f10x_hd.o(RESET) refers to startup_stm32f10x_hd.o(STACK) for __initial_sp
    startup_stm32f10x_hd.o(RESET) refers to startup_stm32f10x_hd.o(.text) for Reset_Handler
    startup_stm32f10x_hd.o(RESET) refers to stm32f10x_it.o(i.NMI_Handler) for NMI_Handler
    startup_stm32f10x_hd.o(RESET) refers to stm32f10x_it.o(i.HardFault_Handler) for HardFault_Handler
    startup_stm32f10x_hd.o(RESET) refers to stm32f10x_it.o(i.MemManage_Handler) for MemManage_Handler
    startup_stm32f10x_hd.o(RESET) refers to stm32f10x_it.o(i.BusFault_Handler) for BusFault_Handler
    startup_stm32f10x_hd.o(RESET) refers to stm32f10x_it.o(i.UsageFault_Handler) for UsageFault_Handler
    startup_stm32f10x_hd.o(RESET) refers to port.o(.emb_text) for SVC_Handler
    startup_stm32f10x_hd.o(RESET) refers to stm32f10x_it.o(i.DebugMon_Handler) for DebugMon_Handler
    startup_stm32f10x_hd.o(RESET) refers to delay.o(i.SysTick_Handler) for SysTick_Handler
    startup_stm32f10x_hd.o(RESET) refers to interrupt.o(i.RTC_IRQHandler) for RTC_IRQHandler
    startup_stm32f10x_hd.o(RESET) refers to interrupt.o(i.EXTI0_IRQHandler) for EXTI0_IRQHandler
    startup_stm32f10x_hd.o(RESET) refers to interrupt.o(i.EXTI4_IRQHandler) for EXTI4_IRQHandler
    startup_stm32f10x_hd.o(RESET) refers to interrupt.o(i.EXTI9_5_IRQHandler) for EXTI9_5_IRQHandler
    startup_stm32f10x_hd.o(RESET) refers to interrupt.o(i.TIM2_IRQHandler) for TIM2_IRQHandler
    startup_stm32f10x_hd.o(RESET) refers to usart.o(i.USART1_IRQHandler) for USART1_IRQHandler
    startup_stm32f10x_hd.o(RESET) refers to kqm.o(i.USART2_IRQHandler) for USART2_IRQHandler
    startup_stm32f10x_hd.o(RESET) refers to usart.o(i.USART3_IRQHandler) for USART3_IRQHandler
    startup_stm32f10x_hd.o(RESET) refers to su_03t.o(i.UART4_IRQHandler) for UART4_IRQHandler
    startup_stm32f10x_hd.o(.text) refers to system_stm32f10x.o(i.SystemInit) for SystemInit
    startup_stm32f10x_hd.o(.text) refers to entry.o(.ARM.Collect$$$$00000000) for __main
    key.o(i.key1_interrupt_init) refers to stm32f10x_rcc.o(i.RCC_APB2PeriphClockCmd) for RCC_APB2PeriphClockCmd
    key.o(i.key1_interrupt_init) refers to stm32f10x_gpio.o(i.GPIO_EXTILineConfig) for GPIO_EXTILineConfig
    key.o(i.key1_interrupt_init) refers to stm32f10x_exti.o(i.EXTI_Init) for EXTI_Init
    key.o(i.key1_interrupt_init) refers to misc.o(i.NVIC_Init) for NVIC_Init
    key.o(i.key2_interrupt_init) refers to stm32f10x_rcc.o(i.RCC_APB2PeriphClockCmd) for RCC_APB2PeriphClockCmd
    key.o(i.key2_interrupt_init) refers to stm32f10x_gpio.o(i.GPIO_EXTILineConfig) for GPIO_EXTILineConfig
    key.o(i.key2_interrupt_init) refers to stm32f10x_exti.o(i.EXTI_Init) for EXTI_Init
    key.o(i.key2_interrupt_init) refers to misc.o(i.NVIC_Init) for NVIC_Init
    key.o(i.key3_interrupt_init) refers to stm32f10x_rcc.o(i.RCC_APB2PeriphClockCmd) for RCC_APB2PeriphClockCmd
[...]
    TIM4_IRQHandler                          0x080001f7   Thumb Code     0  startup_stm32f10x_hd.o(.text)
    TIM5_IRQHandler                          0x080001f7   Thumb Code     0  startup_stm32f10x_hd.o(.text)
    TIM6_IRQHandler                          0x080001f7   Thumb Code     0  startup_stm32f10x_hd.o(.text)
    TIM7_IRQHandler                          0x080001f7   Thumb Code     0  startup_stm32f10x_hd.o(.text)
    TIM8_BRK_IRQHandler                      0x080001f7   Thumb Code     0  startup_stm32f10x_hd.o(.text)
    TIM8_CC_IRQHandler                       0x080001f7   Thumb Code     0  startup_stm32f10x_hd.o(.text)
    TIM8_TRG_COM_IRQHandler                  0x080001f7   Thumb Code     0  startup_stm32f10x_hd.o(.text)
    TIM8_UP_IRQHandler                       0x080001f7   Thumb Code     0  startup_stm32f10x_hd.o(.text)
    UART5_IRQHandler                         0x080001f7   Thumb Code     0  startup_stm32f10x_hd.o(.text)
    USBWakeUp_IRQHandler                     0x080001f7   Thumb Code     0  startup_stm32f10x_hd.o(.text)
    USB_HP_CAN1_TX_IRQHandler                0x080001f7   Thumb Code     0  startup_stm32f10x_hd.o(.text)
    USB_LP_CAN1_RX0_IRQHandler               0x080001f7   Thumb Code     0  startup_stm32f10x_hd.o(.text)
    WWDG_IRQHandler                          0x080001f7   Thumb Code     0  startup_stm32f10x_hd.o(.text)
    tolower                                  0x08000201   Thumb Code    12  tolower.o(.text)
    ___aeabi_memcpy8$ret                     0x0800020d   Thumb Code     0  memcpy.o(.text)
    __aeabi_memcpy                           0x0800020d   Thumb Code    40  memcpy.o(.text)
    __aeabi_memcpy4                          0x0800020d   Thumb Code     0  memcpy.o(.text)
    memcpy                                   0x0800020d   Thumb Code     0  memcpy.o(.text)
    __aeabi_memset                           0x08000235   Thumb Code    14  memseta.o(.text)
    __aeabi_memset4                          0x08000235   Thumb Code     0  memseta.o(.text)
    __aeabi_memset8                          0x08000235   Thumb Code     0  memseta.o(.text)
    __aeabi_memclr                           0x08000243   Thumb Code     4  memseta.o(.text)
    __aeabi_memclr4                          0x08000243   Thumb Code     0  memseta.o(.text)
    __aeabi_memclr8                          0x08000243   Thumb Code     0  memseta.o(.text)
    memset                                   0x08000247   Thumb Code    18  memseta.o(.text)
    strstr                                   0x08000259   Thumb Code    36  strstr.o(.text)
    strncpy                                  0x0800027d   Thumb Code    24  strncpy.o(.text)
    strlen                                   0x08000295   Thumb Code    14  strlen.o(.text)
    strcmp                                   0x080002a3   Thumb Code    28  strcmp.o(.text)
    strcpy                                   0x080002bf   Thumb Code    18  strcpy.o(.text)
    strncmp                                  0x080002d1   Thumb Code    30  strncmp.o(.text)
    sscanf                                   0x080002f1   Thumb Code    48  sscanf.o(.text)
    atoi                                     0x08000329   Thumb Code    26  atoi.o(.text)
    __aeabi_fmul                             0x08000343   Thumb Code   100  fmul.o(.text)
    __aeabi_fdiv                             0x080003a7   Thumb Code   124  fdiv.o(.text)
    __aeabi_dadd                             0x08000423   Thumb Code   322  dadd.o(.text)
    __aeabi_dsub                             0x08000565   Thumb Code     6  dadd.o(.text)
    __aeabi_drsub                            0x0800056b   Thumb Code     6  dadd.o(.text)
    __aeabi_dmul                             0x08000571   Thumb Code   228  dmul.o(.text)
    __aeabi_ddiv                             0x08000655   Thumb Code   222  ddiv.o(.text)
    __aeabi_ui2f                             0x08000733   Thumb Code    10  ffltui.o(.text)
    __aeabi_i2d                              0x0800073d   Thumb Code    34  dflti.o(.text)
    __aeabi_ui2d                             0x0800075f   Thumb Code    26  dfltui.o(.text)
    __aeabi_f2uiz                            0x08000779   Thumb Code    40  ffixui.o(.text)
    __aeabi_d2iz                             0x080007a1   Thumb Code    62  dfixi.o(.text)
    __aeabi_d2uiz                            0x080007df   Thumb Code    50  dfixui.o(.text)
    __aeabi_f2d                              0x08000811   Thumb Code    38  f2d.o(.text)
    __aeabi_cdcmpeq                          0x08000839   Thumb Code     0  cdcmple.o(.text)
    __aeabi_cdcmple                          0x08000839   Thumb Code    48  cdcmple.o(.text)
    __aeabi_cdrcmple                         0x08000869   Thumb Code    48  cdrcmple.o(.text)
    __aeabi_d2f                              0x08000899   Thumb Code    56  d2f.o(.text)
    __aeabi_cfrcmple                         0x080008d1   Thumb Code    20  cfrcmple.o(.text)
    __aeabi_uidiv                            0x080008e5   Thumb Code     0  uidiv.o(.text)
    __aeabi_uidivmod                         0x080008e5   Thumb Code    44  uidiv.o(.text)
    __aeabi_uldivmod                         0x08000911   Thumb Code    98  uldiv.o(.text)
    __aeabi_llsl                             0x08000973   Thumb Code    30  llshl.o(.text)
    _ll_shift_l                              0x08000973   Thumb Code     0  llshl.o(.text)
    __aeabi_llsr                             0x08000991   Thumb Code    32  llushr.o(.text)
    _ll_ushift_r                             0x08000991   Thumb Code     0  llushr.o(.text)
    __aeabi_lasr                             0x080009b1   Thumb Code    36  llsshr.o(.text)
    _ll_sshift_r                             0x080009b1   Thumb Code     0  llsshr.o(.text)
    localtime                                0x080009d5   Thumb Code     6  localtime_w.o(.text)
    _localtime                               0x080009e1   Thumb Code   134  localtime_i.o(.text)
    _scanf_longlong                          0x08000a6d   Thumb Code   342  _scanf_longlong.o(.text)
    _scanf_int                               0x08000bc3   Thumb Code   332  _scanf_int.o(.text)
    _scanf_string                            0x08000d0f   Thumb Code   224  _scanf_str.o(.text)
    _scanf_real                              0x08000f19   Thumb Code     0  scanf_fp.o(.text)
    _scanf_really_real                       0x08000f19   Thumb Code   556  scanf_fp.o(.text)
    __vfscanf_char                           0x0800115d   Thumb Code    20  scanf_char.o(.text)
    _sgetc                                   0x08001179   Thumb Code    30  _sgetc.o(.text)
    _sbackspace                              0x08001197   Thumb Code    34  _sgetc.o(.text)
    __strtod_int                             0x080011ef   Thumb Code    90  strtod.o(.text)
    strtol                                   0x08001255   Thumb Code   112  strtol.o(.text)
    __I$use$fp                               0x080012c5   Thumb Code     0  iusefp.o(.text)
    _float_round                             0x080012c5   Thumb Code    18  fepilogue.o(.text)
    _float_epilogue                          0x080012d7   Thumb Code    92  fepilogue.o(.text)
    _double_round                            0x08001333   Thumb Code    30  depilogue.o(.text)
    _double_epilogue                         0x08001351   Thumb Code   156  depilogue.o(.text)
    __aeabi_d2ulz                            0x080013ed   Thumb Code    48  dfixul.o(.text)
    __scatterload                            0x0800141d   Thumb Code    28  init.o(.text)
    __scatterload_rt2                        0x0800141d   Thumb Code     0  init.o(.text)
    __rt_ctype_table                         0x08001441   Thumb Code     4  ctype_o.o(.text)
    isspace                                  0x08001449   Thumb Code    18  isspace_o.o(.text)
    _chval                                   0x0800145b   Thumb Code    28  _chval.o(.text)
    __vfscanf                                0x08001479   Thumb Code   808  _scanf.o(.text)
    _strtoul                                 0x080017a5   Thumb Code   158  _strtoul.o(.text)
    __aeabi_ul2d                             0x08001843   Thumb Code    24  dfltul.o(.text)
    __decompress                             0x0800185b   Thumb Code     0  __dczerorl2.o(.text)
    __decompress1                            0x0800185b   Thumb Code    86  __dczerorl2.o(.text)
    ADC1_DMA_get_val                         0x080018b1   Thumb Code   198  adc.o(i.ADC1_DMA_get_val)
    ADC1_DMA_init                            0x08001985   Thumb Code   302  adc.o(i.ADC1_DMA_init)
    ADC2VOL                                  0x08001ac9   Thumb Code   198  adc.o(i.ADC2VOL)
    ADC_Cmd                                  0x08001bb9   Thumb Code    22  stm32f10x_adc.o(i.ADC_Cmd)
    ADC_DMACmd                               0x08001bcf   Thumb Code    22  stm32f10x_adc.o(i.ADC_DMACmd)
    ADC_GetCalibrationStatus                 0x08001be5   Thumb Code    20  stm32f10x_adc.o(i.ADC_GetCalibrationStatus)
    ADC_GetResetCalibrationStatus            0x08001bf9   Thumb Code    20  stm32f10x_adc.o(i.ADC_GetResetCalibrationStatus)
    ADC_Init                                 0x08001c0d   Thumb Code    70  stm32f10x_adc.o(i.ADC_Init)
    ADC_RegularChannelConfig                 0x08001c5d   Thumb Code   184  stm32f10x_adc.o(i.ADC_RegularChannelConfig)
    ADC_ResetCalibration                     0x08001d15   Thumb Code    10  stm32f10x_adc.o(i.ADC_ResetCalibration)
    ADC_SoftwareStartConvCmd                 0x08001d1f   Thumb Code    22  stm32f10x_adc.o(i.ADC_SoftwareStartConvCmd)
    ADC_StartCalibration                     0x08001d35   Thumb Code    10  stm32f10x_adc.o(i.ADC_StartCalibration)
    ADC_TempSensorVrefintCmd                 0x08001d41   Thumb Code    30  stm32f10x_adc.o(i.ADC_TempSensorVrefintCmd)
    BKP_DeInit                               0x08001d65   Thumb Code    16  stm32f10x_bkp.o(i.BKP_DeInit)
    BKP_ReadBackupRegister                   0x08001d75   Thumb Code    24  stm32f10x_bkp.o(i.BKP_ReadBackupRegister)
    BKP_WriteBackupRegister                  0x08001d91   Thumb Code    22  stm32f10x_bkp.o(i.BKP_WriteBackupRegister)
    BusFault_Handler                         0x08001dad   Thumb Code     4  stm32f10x_it.o(i.BusFault_Handler)
    DMA_Cmd                                  0x08001db1   Thumb Code    24  stm32f10x_dma.o(i.DMA_Cmd)
    DMA_Init                                 0x08001dc9   Thumb Code    60  stm32f10x_dma.o(i.DMA_Init)
    DebugMon_Handler                         0x08001e05   Thumb Code     2  stm32f10x_it.o(i.DebugMon_Handler)
    Delay_ms                                 0x08001e07   Thumb Code    24  delay.o(i.Delay_ms)
    Delay_us                                 0x08001e1f   Thumb Code    18  delay.o(i.Delay_us)
    EXTI0_IRQHandler                         0x08001e31   Thumb Code    62  interrupt.o(i.EXTI0_IRQHandler)
    EXTI4_IRQHandler                         0x08001e75   Thumb Code    50  interrupt.o(i.EXTI4_IRQHandler)
    EXTI9_5_IRQHandler                       0x08001ead   Thumb Code   108  interrupt.o(i.EXTI9_5_IRQHandler)
    EXTI_ClearITPendingBit                   0x08001f21   Thumb Code     6  stm32f10x_exti.o(i.EXTI_ClearITPendingBit)
    EXTI_GetITStatus                         0x08001f2d   Thumb Code    34  stm32f10x_exti.o(i.EXTI_GetITStatus)
    FSMC_NORSRAMCmd                          0x08001f55   Thumb Code    46  stm32f10x_fsmc.o(i.FSMC_NORSRAMCmd)
    FSMC_NORSRAMInit                         0x08001f89   Thumb Code   230  stm32f10x_fsmc.o(i.FSMC_NORSRAMInit)
    GPIO_Init                                0x0800206f   Thumb Code   278  stm32f10x_gpio.o(i.GPIO_Init)
    GPIO_ReadInputDataBit                    0x08002185   Thumb Code    18  stm32f10x_gpio.o(i.GPIO_ReadInputDataBit)
    GPIO_ResetBits                           0x08002197   Thumb Code     4  stm32f10x_gpio.o(i.GPIO_ResetBits)
    GPIO_SetBits                             0x0800219b   Thumb Code     4  stm32f10x_gpio.o(i.GPIO_SetBits)
    HardFault_Handler                        0x0800219f   Thumb Code     4  stm32f10x_it.o(i.HardFault_Handler)
    LCD_Clear                                0x080021a5   Thumb Code   100  bsp_lcd.o(i.LCD_Clear)
    LCD_Config                               0x08002211   Thumb Code 13436  bsp_lcd.o(i.LCD_Config)
    LCD_Display_Dir                          0x08005691   Thumb Code   444  bsp_lcd.o(i.LCD_Display_Dir)
    LCD_DrawPoint                            0x08005851   Thumb Code    28  bsp_lcd.o(i.LCD_DrawPoint)
    LCD_FSMCConfig                           0x08005875   Thumb Code   124  bsp_lcd.o(i.LCD_FSMCConfig)
    LCD_Fast_DrawPoint                       0x080058f1   Thumb Code   370  bsp_lcd.o(i.LCD_Fast_DrawPoint)
    LCD_GPIOConfig                           0x08005a6d   Thumb Code   124  bsp_lcd.o(i.LCD_GPIOConfig)
    LCD_Init                                 0x08005af9   Thumb Code    48  bsp_lcd.o(i.LCD_Init)
    LCD_RD_DATA                              0x08005b2d   Thumb Code    14  bsp_lcd.o(i.LCD_RD_DATA)
    LCD_ReadID                               0x08005b41   Thumb Code   452  bsp_lcd.o(i.LCD_ReadID)
    LCD_ReadReg                              0x08005d19   Thumb Code    22  bsp_lcd.o(i.LCD_ReadReg)
    LCD_SSD_BackLightSet                     0x08005d31   Thumb Code    80  bsp_lcd.o(i.LCD_SSD_BackLightSet)
    LCD_Scan_Dir                             0x08005d85   Thumb Code   744  bsp_lcd.o(i.LCD_Scan_Dir)
    LCD_SetCursor                            0x08006071   Thumb Code   418  bsp_lcd.o(i.LCD_SetCursor)
    LCD_ShowChar                             0x08006219   Thumb Code   272  bsp_lcd.o(i.LCD_ShowChar)
    LCD_ShowString                           0x08006341   Thumb Code   102  bsp_lcd.o(i.LCD_ShowString)
    LCD_WR_DATA                              0x080063a9   Thumb Code     6  bsp_lcd.o(i.LCD_WR_DATA)
    LCD_WR_REG                               0x080063b5   Thumb Code     6  bsp_lcd.o(i.LCD_WR_REG)
    LCD_WriteRAM_Prepare                     0x080063c1   Thumb Code    10  bsp_lcd.o(i.LCD_WriteRAM_Prepare)
    LCD_WriteReg                             0x080063d5   Thumb Code    10  bsp_lcd.o(i.LCD_WriteReg)
    MQTTPacket_encode                        0x080063e5   Thumb Code    54  mqttpacket.o(i.MQTTPacket_encode)
    MQTTPacket_len                           0x0800641d   Thumb Code    34  mqttpacket.o(i.MQTTPacket_len)
    MQTTSerialize_connect                    0x08006445   Thumb Code   342  mqttconnectclient.o(i.MQTTSerialize_connect)
    MQTTSerialize_connectLength              0x080065ad   Thumb Code   118  mqttconnectclient.o(i.MQTTSerialize_connectLength)
    MQTTSerialize_publish                    0x08006623   Thumb Code   176  mqttserializepublish.o(i.MQTTSerialize_publish)
    MQTTSerialize_publishLength              0x080066d3   Thumb Code    34  mqttserializepublish.o(i.MQTTSerialize_publishLength)
    MQTTSerialize_subscribe                  0x080066f5   Thumb Code   176  mqttsubscribeclient.o(i.MQTTSerialize_subscribe)
    MQTTSerialize_subscribeLength            0x080067a5   Thumb Code    46  mqttsubscribeclient.o(i.MQTTSerialize_subscribeLength)
    MQTTstrlen                               0x080067d3   Thumb Code    24  mqttpacket.o(i.MQTTstrlen)
    MemManage_Handler                        0x080067eb   Thumb Code     4  stm32f10x_it.o(i.MemManage_Handler)
    NMI_Handler                              0x080067ef   Thumb Code     2  stm32f10x_it.o(i.NMI_Handler)
    NVIC_Configuration                       0x080067f1   Thumb Code    34  rtc.o(i.NVIC_Configuration)
    NVIC_Init                                0x08006815   Thumb Code   100  misc.o(i.NVIC_Init)
    NVIC_PriorityGroupConfig                 0x08006885   Thumb Code    10  misc.o(i.NVIC_PriorityGroupConfig)
    PWR_BackupAccessCmd                      0x08006899   Thumb Code     6  stm32f10x_pwr.o(i.PWR_BackupAccessCmd)
    RCC_ADCCLKConfig                         0x080068a5   Thumb Code    18  stm32f10x_rcc.o(i.RCC_ADCCLKConfig)
    RCC_AHBPeriphClockCmd                    0x080068bd   Thumb Code    26  stm32f10x_rcc.o(i.RCC_AHBPeriphClockCmd)
    RCC_APB1PeriphClockCmd                   0x080068dd   Thumb Code    26  stm32f10x_rcc.o(i.RCC_APB1PeriphClockCmd)
    RCC_APB2PeriphClockCmd                   0x080068fd   Thumb Code    26  stm32f10x_rcc.o(i.RCC_APB2PeriphClockCmd)
    RCC_BackupResetCmd                       0x0800691d   Thumb Code     6  stm32f10x_rcc.o(i.RCC_BackupResetCmd)
    RCC_GetClocksFreq                        0x08006929   Thumb Code   192  stm32f10x_rcc.o(i.RCC_GetClocksFreq)
    RCC_GetFlagStatus                        0x080069fd   Thumb Code    56  stm32f10x_rcc.o(i.RCC_GetFlagStatus)
    RCC_LSEConfig                            0x08006a39   Thumb Code    46  stm32f10x_rcc.o(i.RCC_LSEConfig)
    RCC_RTCCLKCmd                            0x08006a6d   Thumb Code     6  stm32f10x_rcc.o(i.RCC_RTCCLKCmd)
    RCC_RTCCLKConfig                         0x08006a79   Thumb Code    12  stm32f10x_rcc.o(i.RCC_RTCCLKConfig)
    RGB_disable                              0x08006a89   Thumb Code    18  led.o(i.RGB_disable)
    RGB_enable                               0x08006aa1   Thumb Code    18  led.o(i.RGB_enable)
    RGB_init                                 0x08006ab9   Thumb Code    78  led.o(i.RGB_init)
    RTC_ClearITPendingBit                    0x08006b11   Thumb Code    12  stm32f10x_rtc.o(i.RTC_ClearITPendingBit)
    RTC_Configuration                        0x08006b21   Thumb Code    88  rtc.o(i.RTC_Configuration)
    RTC_EnterConfigMode                      0x08006b79   Thumb Code    14  stm32f10x_rtc.o(i.RTC_EnterConfigMode)
    RTC_ExitConfigMode                       0x08006b8d   Thumb Code    16  stm32f10x_rtc.o(i.RTC_ExitConfigMode)
    RTC_GetCounter                           0x08006ba1   Thumb Code    16  stm32f10x_rtc.o(i.RTC_GetCounter)
    RTC_GetITStatus                          0x08006bb5   Thumb Code    32  stm32f10x_rtc.o(i.RTC_GetITStatus)
    RTC_IRQHandler                           0x08006bd9   Thumb Code    26  interrupt.o(i.RTC_IRQHandler)
    RTC_ITConfig                             0x08006bf9   Thumb Code    26  stm32f10x_rtc.o(i.RTC_ITConfig)
    RTC_SetCounter                           0x08006c19   Thumb Code    24  stm32f10x_rtc.o(i.RTC_SetCounter)
    RTC_SetPrescaler                         0x08006c35   Thumb Code    26  stm32f10x_rtc.o(i.RTC_SetPrescaler)
    RTC_WaitForLastTask                      0x08006c55   Thumb Code    24  stm32f10x_rtc.o(i.RTC_WaitForLastTask)
    RTC_WaitForSynchro                       0x08006c7d   Thumb Code    30  stm32f10x_rtc.o(i.RTC_WaitForSynchro)
    SPI_Cmd                                  0x08006ca1   Thumb Code    24  stm32f10x_spi.o(i.SPI_Cmd)
    SPI_Init                                 0x08006cb9   Thumb Code    60  stm32f10x_spi.o(i.SPI_Init)
    SysTick_Handler                          0x08006ddd   Thumb Code    46  delay.o(i.SysTick_Handler)
    SystemInit                               0x08006e11   Thumb Code    78  system_stm32f10x.o(i.SystemInit)
    TIM2_IRQHandler                          0x08006e71   Thumb Code    36  interrupt.o(i.TIM2_IRQHandler)
    TIM_ClearITPendingBit                    0x08006e99   Thumb Code     6  stm32f10x_tim.o(i.TIM_ClearITPendingBit)
    TIM_GetITStatus                          0x08006e9f   Thumb Code    34  stm32f10x_tim.o(i.TIM_GetITStatus)
    Time_Adjust                              0x08006ec1   Thumb Code    58  rtc.o(i.Time_Adjust)
    UART4_IRQHandler                         0x08006efd   Thumb Code   202  su_03t.o(i.UART4_IRQHandler)
    USART1_IRQHandler                        0x08006fe5   Thumb Code   248  usart.o(i.USART1_IRQHandler)
    USART2_IRQHandler                        0x080070f9   Thumb Code   228  kqm.o(i.USART2_IRQHandler)
    USART3_IRQHandler                        0x08007201   Thumb Code    96  usart.o(i.USART3_IRQHandler)
    USART_ClearITPendingBit                  0x0800726d   Thumb Code    30  stm32f10x_usart.o(i.USART_ClearITPendingBit)
    USART_Cmd                                0x0800728b   Thumb Code    24  stm32f10x_usart.o(i.USART_Cmd)
    USART_GetFlagStatus                      0x080072a3   Thumb Code    26  stm32f10x_usart.o(i.USART_GetFlagStatus)
    USART_GetITStatus                        0x080072bd   Thumb Code    84  stm32f10x_usart.o(i.USART_GetITStatus)
    USART_ITConfig                           0x08007311   Thumb Code    74  stm32f10x_usart.o(i.USART_ITConfig)
    USART_Init                               0x0800735d   Thumb Code   210  stm32f10x_usart.o(i.USART_Init)
    USART_ReceiveData                        0x08007435   Thumb Code    10  stm32f10x_usart.o(i.USART_ReceiveData)
    USART_SendData                           0x0800743f   Thumb Code     8  stm32f10x_usart.o(i.USART_SendData)
    UsageFault_Handler                       0x08007447   Thumb Code     4  stm32f10x_it.o(i.UsageFault_Handler)
    __0printf                                0x0800744d   Thumb Code    22  printfa.o(i.__0printf)
    __1printf                                0x0800744d   Thumb Code     0  printfa.o(i.__0printf)
    __2printf                                0x0800744d   Thumb Code     0  printfa.o(i.__0printf)
    __c89printf                              0x0800744d   Thumb Code     0  printfa.o(i.__0printf)
    printf                                   0x0800744d   Thumb Code     0  printfa.o(i.__0printf)
    __0sprintf                               0x0800746d   Thumb Code    34  printfa.o(i.__0sprintf)
    __1sprintf                               0x0800746d   Thumb Code     0  printfa.o(i.__0sprintf)
    __2sprintf                               0x0800746d   Thumb Code     0  printfa.o(i.__0sprintf)
    __c89sprintf                             0x0800746d   Thumb Code     0  printfa.o(i.__0sprintf)
    sprintf                                  0x0800746d   Thumb Code     0  printfa.o(i.__0sprintf)
    __aeabi_errno_addr                       0x08007495   Thumb Code     4  errno.o(i.__aeabi_errno_addr)
    __rt_errno_addr                          0x08007495   Thumb Code     0  errno.o(i.__aeabi_errno_addr)
    free                                     0x0800749d   Thumb Code    88  mallocr.o(i.__free$realloc)
    malloc                                   0x080074f9   Thumb Code    64  mallocr.o(i.__malloc$realloc)
    __read_errno                             0x08007549   Thumb Code     6  errno.o(i.__read_errno)
    __scatterload_copy                       0x08007555   Thumb Code    14  handlers.o(i.__scatterload_copy)
    __scatterload_null                       0x08007563   Thumb Code     2  handlers.o(i.__scatterload_null)
    __scatterload_zeroinit                   0x08007565   Thumb Code    14  handlers.o(i.__scatterload_zeroinit)
    __set_errno                              0x08007575   Thumb Code     6  errno.o(i.__set_errno)
    _is_digit                                0x08007705   Thumb Code    14  scanf_fp.o(i._is_digit)
    air_analysis                             0x08007e4d   Thumb Code   160  kqm.o(i.air_analysis)
    api_init                                 0x08007f39   Thumb Code    92  main.o(i.api_init)
    atof                                     0x08007fa5   Thumb Code    42  atof.o(i.atof)
    buzzer_disable                           0x08008019   Thumb Code     8  buzzer.o(i.buzzer_disable)
    buzzer_enable                            0x08008025   Thumb Code    14  buzzer.o(i.buzzer_enable)
    buzzer_init                              0x08008039   Thumb Code    42  buzzer.o(i.buzzer_init)
    cJSON_Delete                             0x0800806d   Thumb Code    84  cjson.o(i.cJSON_Delete)
    cJSON_GetObjectItem                      0x080080c5   Thumb Code    18  cjson.o(i.cJSON_GetObjectItem)
    cJSON_Parse                              0x080080f3   Thumb Code    16  cjson.o(i.cJSON_Parse)
    cJSON_ParseWithLengthOpts                0x08008105   Thumb Code   204  cjson.o(i.cJSON_ParseWithLengthOpts)
    cJSON_ParseWithOpts                      0x080081d9   Thumb Code    40  cjson.o(i.cJSON_ParseWithOpts)
    cJSON_Print                              0x08008201   Thumb Code    16  cjson.o(i.cJSON_Print)
    check_server                             0x0800825d   Thumb Code    80  my_mqtt.o(i.check_server)
    connect_seniverse                        0x08008335   Thumb Code   268  esp8266.o(i.connect_seniverse)
    delay_1us                                0x080085c9   Thumb Code   146  delay.o(i.delay_1us)
    dht_get_val                              0x0800865d   Thumb Code   352  dht11.o(i.dht_get_val)
    dth11_init                               0x080087c5   Thumb Code    50  dht11.o(i.dth11_init)
    esp8266_init                             0x080088b5   Thumb Code    50  esp8266.o(i.esp8266_init)
    fputc                                    0x080088ed   Thumb Code    18  usart.o(i.fputc)
    freertos_demo                            0x08008905   Thumb Code    28  myrtos.o(i.freertos_demo)
    get_server_time                          0x0800898d   Thumb Code   118  my_mqtt.o(i.get_server_time)
    get_time_str                             0x08008add   Thumb Code  2362  rtc.o(i.get_time_str)
    key_init                                 0x08009595   Thumb Code    58  key.o(i.key_init)
    kqm_init                                 0x080095d9   Thumb Code   150  kqm.o(i.kqm_init)
    led_disable                              0x08009679   Thumb Code    18  led.o(i.led_disable)
    led_enable                               0x08009691   Thumb Code    18  led.o(i.led_enable)
    led_init                                 0x080096a9   Thumb Code    74  led.o(i.led_init)
    led_turn                                 0x080096fd   Thumb Code     8  led.o(i.led_turn)
    main                                     0x08009705   Thumb Code    26  main.o(i.main)
    mqtt2server                              0x08009739   Thumb Code   122  my_mqtt.o(i.mqtt2server)
    mqtt_connect_server                      0x080097c5   Thumb Code    86  my_mqtt.o(i.mqtt_connect_server)
    pvPortMalloc                             0x0800af15   Thumb Code   188  heap_4.o(i.pvPortMalloc)
    pxPortInitialiseStack                    0x0800afe5   Thumb Code    30  port.o(i.pxPortInitialiseStack)
    realloc                                  0x0800b009   Thumb Code   102  mallocr.o(i.realloc)
    rtc_init                                 0x0800b075   Thumb Code   106  rtc.o(i.rtc_init)
    sFLASH_Init                              0x0800b179   Thumb Code   172  my_spi_flash.o(i.sFLASH_Init)
    send_data2server                         0x0800b22d   Thumb Code   184  my_mqtt.o(i.send_data2server)
    show_char2LCD                            0x0800b37d   Thumb Code    96  bsp_lcd.o(i.show_char2LCD)
    show_chin2LCD                            0x0800b3dd   Thumb Code    96  bsp_lcd.o(i.show_chin2LCD)
    show_data2LCD                            0x0800b43d   Thumb Code   314  my_lcd.o(i.show_data2LCD)
    show_index2LCD                           0x0800b5a1   Thumb Code   214  my_lcd.o(i.show_index2LCD)
    show_time2LCD                            0x0800b6b5   Thumb Code    44  my_lcd.o(i.show_time2LCD)
    soft2esp                                 0x0800b71d   Thumb Code    84  esp8266.o(i.soft2esp)
    start_task                               0x0800b779   Thumb Code   146  myrtos.o(i.start_task)
    strtod                                   0x0800b871   Thumb Code    28  strtod.o(i.strtod)
    su_o3t_init                              0x0800b88d   Thumb Code   172  su_03t.o(i.su_o3t_init)
    subscription_service                     0x0800b941   Thumb Code    86  my_mqtt.o(i.subscription_service)
    task1                                    0x0800ba01   Thumb Code    54  myrtos.o(i.task1)
    task2                                    0x0800ba69   Thumb Code    20  myrtos.o(i.task2)
    task3                                    0x0800ba91   Thumb Code    30  myrtos.o(i.task3)
    task4                                    0x0800bac5   Thumb Code    18  myrtos.o(i.task4)
    task5                                    0x0800bad9   Thumb Code    28  myrtos.o(i.task5)
    task6                                    0x0800bb0d   Thumb Code    38  myrtos.o(i.task6)
    usart3_init                              0x0800bb65   Thumb Code   184  usart.o(i.usart3_init)
    usart3_send_string                       0x0800bc25   Thumb Code    30  my_mqtt.o(i.usart3_send_string)
    usart_get_kqm__RXflag                    0x0800bc49   Thumb Code    22  kqm.o(i.usart_get_kqm__RXflag)
    usart_get_su_RXflag                      0x0800bc65   Thumb Code    22  su_03t.o(i.usart_get_su_RXflag)
    usart_init                               0x0800bc81   Thumb Code   172  usart.o(i.usart_init)
    usart_send2su_array                      0x0800bd35   Thumb Code    28  su_03t.o(i.usart_send2su_array)
    usart_send2su_bit                        0x0800bd51   Thumb Code    28  su_03t.o(i.usart_send2su_bit)
    usart_send_array                         0x0800bd71   Thumb Code    36  usart.o(i.usart_send_array)
    usart_send_string                        0x0800bd95   Thumb Code    32  usart.o(i.usart_send_string)
    usart_sendbit                            0x0800bdb5   Thumb Code    30  usart.o(i.usart_sendbit)
    uxListRemove                             0x0800beff   Thumb Code    40  list.o(i.uxListRemove)
    vApplicationStackOverflowHook            0x0800bf29   Thumb Code    10  main.o(i.vApplicationStackOverflowHook)
    vListInitialise                          0x0800bf45   Thumb Code    26  list.o(i.vListInitialise)
    vListInitialiseItem                      0x0800bf5f   Thumb Code     6  list.o(i.vListInitialiseItem)
    vListInsert                              0x0800bf65   Thumb Code    52  list.o(i.vListInsert)
    vListInsertEnd                           0x0800bf99   Thumb Code    24  list.o(i.vListInsertEnd)
    vPortEnterCritical                       0x0800bfb1   Thumb Code    30  port.o(i.vPortEnterCritical)
    vPortExitCritical                        0x0800bfd5   Thumb Code    28  port.o(i.vPortExitCritical)
    vPortFree                                0x0800bff5   Thumb Code    64  heap_4.o(i.vPortFree)
    vPortSetupTimerInterrupt                 0x0800c03d   Thumb Code    20  port.o(i.vPortSetupTimerInterrupt)
    vQueueAddToRegistry                      0x0800c055   Thumb Code    38  queue.o(i.vQueueAddToRegistry)
    vQueueWaitForMessageRestricted           0x0800c081   Thumb Code    74  queue.o(i.vQueueWaitForMessageRestricted)
    vTaskDelay                               0x0800c0cd   Thumb Code    46  tasks.o(i.vTaskDelay)
    vTaskDelete                              0x0800c101   Thumb Code   166  tasks.o(i.vTaskDelete)
    vTaskInternalSetTimeOutState             0x0800c1cd   Thumb Code    14  tasks.o(i.vTaskInternalSetTimeOutState)
    vTaskMissedYield                         0x0800c1e5   Thumb Code     8  tasks.o(i.vTaskMissedYield)
    vTaskPlaceOnEventList                    0x0800c1f1   Thumb Code    28  tasks.o(i.vTaskPlaceOnEventList)
    vTaskPlaceOnEventListRestricted          0x0800c211   Thumb Code    36  tasks.o(i.vTaskPlaceOnEventListRestricted)
    vTaskStartScheduler                      0x0800c239   Thumb Code    82  tasks.o(i.vTaskStartScheduler)
    vTaskSuspendAll                          0x0800c2a9   Thumb Code    12  tasks.o(i.vTaskSuspendAll)
    vTaskSwitchContext                       0x0800c2b9   Thumb Code   106  tasks.o(i.vTaskSwitchContext)
    vioce_analysis                           0x0800c339   Thumb Code   602  su_03t.o(i.vioce_analysis)
    whther_analisys                          0x0800c5cd   Thumb Code   104  my_mqtt.o(i.whther_analisys)
    wifi_init                                0x0800c6b1   Thumb Code   176  esp8266.o(i.wifi_init)
    writeCString                             0x0800c839   Thumb Code    40  mqttpacket.o(i.writeCString)
    writeChar                                0x0800c861   Thumb Code    12  mqttpacket.o(i.writeChar)
    writeInt                                 0x0800c86d   Thumb Code    48  mqttpacket.o(i.writeInt)
    writeMQTTString                          0x0800c89d   Thumb Code    62  mqttpacket.o(i.writeMQTTString)
    xPortStartScheduler                      0x0800c8dd   Thumb Code    42  port.o(i.xPortStartScheduler)
    xQueueGenericCreate                      0x0800c911   Thumb Code    58  queue.o(i.xQueueGenericCreate)
    xQueueGenericReset                       0x0800c94d   Thumb Code   122  queue.o(i.xQueueGenericReset)
    xQueueGenericSend                        0x0800c9cd   Thumb Code   324  queue.o(i.xQueueGenericSend)
    xQueueGenericSendFromISR                 0x0800cb15   Thumb Code   156  queue.o(i.xQueueGenericSendFromISR)
    xQueueReceive                            0x0800cbb1   Thumb Code   256  queue.o(i.xQueueReceive)
    xTaskCheckForTimeOut                     0x0800ccb5   Thumb Code    84  tasks.o(i.xTaskCheckForTimeOut)
    xTaskCreate                              0x0800cd11   Thumb Code    96  tasks.o(i.xTaskCreate)
    xTaskGetSchedulerState                   0x0800cd71   Thumb Code    24  tasks.o(i.xTaskGetSchedulerState)
    xTaskGetTickCount                        0x0800cd91   Thumb Code     6  tasks.o(i.xTaskGetTickCount)
    xTaskIncrementTick                       0x0800cd9d   Thumb Code   238  tasks.o(i.xTaskIncrementTick)
    xTaskPriorityDisinherit                  0x0800ceb9   Thumb Code   122  tasks.o(i.xTaskPriorityDisinherit)
    xTaskRemoveFromEventList                 0x0800cf3d   Thumb Code   104  tasks.o(i.xTaskRemoveFromEventList)
    xTaskResumeAll                           0x0800cfbd   Thumb Code   196  tasks.o(i.xTaskResumeAll)
    xTimerCreateTimerTask                    0x0800d0a5   Thumb Code    42  timers.o(i.xTimerCreateTimerTask)
    xTimerGenericCommand                     0x0800d0e5   Thumb Code   104  timers.o(i.xTimerGenericCommand)
    asc2_1206                                0x0800d150   Data        1140  bsp_lcd.o(.constdata)
    asc2_1608                                0x0800d5c4   Data        1520  bsp_lcd.o(.constdata)
    asc2_2412                                0x0800dbb4   Data        3420  bsp_lcd.o(.constdata)
    __ctype_table                            0x0800ed7c   Data         129  ctype_o.o(.constdata)
    Region$$Table$$Base                      0x0800ef8c   Number         0  anon$$obj.o(Region$$Table)
    Region$$Table$$Limit                     0x0800efac   Number         0  anon$$obj.o(Region$$Table)
    k1                                       0x20000000   Data           1  interrupt.o(.data)
    k2                                       0x20000001   Data           1  interrupt.o(.data)
    k3                                       0x20000002   Data           1  interrupt.o(.data)
    k4                                       0x20000003   Data           1  interrupt.o(.data)
    usart_RXdata                             0x20000004   Data           1  usart.o(.data)
    usart_RXflag                             0x20000005   Data           1  usart.o(.data)
    usart_TXpacket                           0x20000006   Data           4  usart.o(.data)
    usart_RXpacket                           0x2000000a   Data           4  usart.o(.data)
    usart_kqm_RXdata                         0x20000010   Data           1  kqm.o(.data)
    usart_kqm_RXflag                         0x20000011   Data           1  kqm.o(.data)
    usart_kqm_RXpacket                       0x20000012   Data           8  kqm.o(.data)
    usart_su_RXdata                          0x2000001e   Data           1  su_03t.o(.data)
    usart_su_RXflag                          0x2000001f   Data           1  su_03t.o(.data)
    usart_su_RXpacket                        0x20000020   Data           6  su_03t.o(.data)
    dht_data                                 0x20000028   Data           4  dht11.o(.data)
    POINT_COLOR                              0x2000002c   Data           2  bsp_lcd.o(.data)
    BACK_COLOR                               0x2000002e   Data           2  bsp_lcd.o(.data)
    er                                       0x20000030   Data          32  my_lcd.o(.data)
    yang                                     0x20000050   Data          32  my_lcd.o(.data)
    hua                                      0x20000070   Data          32  my_lcd.o(.data)
    tans                                     0x20000090   Data          32  my_lcd.o(.data)
    jia                                      0x200000b0   Data          32  my_lcd.o(.data)
    wan                                      0x200000d0   Data          32  my_lcd.o(.data)
    wen                                      0x200000f0   Data          32  my_lcd.o(.data)
    shi                                      0x20000110   Data          32  my_lcd.o(.data)
    du                                       0x20000130   Data          32  my_lcd.o(.data)
    guang                                    0x20000150   Data          32  my_lcd.o(.data)
    zhao                                     0x20000170   Data          32  my_lcd.o(.data)
    yan                                      0x20000190   Data          32  my_lcd.o(.data)
    wu                                       0x200001b0   Data          32  my_lcd.o(.data)
    nong                                     0x200001d0   Data          32  my_lcd.o(.data)
    CCC                                      0x200001f0   Data          16  my_lcd.o(.data)
    PPP                                      0x20000200   Data          16  my_lcd.o(.data)
    UUU                                      0x20000210   Data          16  my_lcd.o(.data)
    StartTask_Handler                        0x20000220   Data           4  myrtos.o(.data)
    Task1_Handler                            0x20000224   Data           4  myrtos.o(.data)
    Task2_Handler                            0x20000228   Data           4  myrtos.o(.data)
    Task3_Handler                            0x2000022c   Data           4  myrtos.o(.data)
    Task4_Handler                            0x20000230   Data           4  myrtos.o(.data)
    Task5_Handler                            0x20000234   Data           4  myrtos.o(.data)
    Task6_Handler                            0x20000238   Data           4  myrtos.o(.data)
    pxCurrentTCB                             0x20000250   Data           4  tasks.o(.data)
    __stdout                                 0x200002d0   Data           4  stdout.o(.data)
    __microlib_freelist                      0x200002d4   Data           4  mvars.o(.data)
    __microlib_freelist_initialised          0x200002d8   Data           4  mvars.o(.data)
    usart_RX_str_packet                      0x200002e0   Data         100  usart.o(.bss)
    kqm_data                                 0x20000344   Data          12  kqm.o(.bss)
    usart_su_TXpacket                        0x20000350   Data          14  su_03t.o(.bss)
    light_val                                0x20000360   Data          22  adc.o(.bss)
    smoke_val                                0x20000376   Data          22  adc.o(.bss)
    temp_val                                 0x2000038c   Data          22  adc.o(.bss)
    ADC1_value                               0x200003a4   Data          12  adc.o(.bss)
    ADC2V                                    0x200003b0   Data          12  adc.o(.bss)
    ADC1_val                                 0x200003bc   Data          60  adc.o(.bss)
    lcddev                                   0x200003f8   Data          14  bsp_lcd.o(.bss)
    esp8266                                  0x20000406   Data        3076  esp8266.o(.bss)
    xQueueRegistry                           0x2000100c   Data          80  queue.o(.bss)
    __heap_base                              0x200061e0   Data           0  startup_stm32f10x_hd.o(HEAP)
    __heap_limit                             0x200063e0   Data           0  startup_stm32f10x_hd.o(HEAP)
    __initial_sp                             0x200067e0   Data           0  startup_stm32f10x_hd.o(STACK)



==============================================================================

Memory Map of the image

  Image Entry point : 0x08000131

  Load Region LR_IROM1 (Base: 0x08000000, Size: 0x0000f28c, Max: 0x00080000, ABSOLUTE, COMPRESSED[0x0000f170])

    Execution Region ER_IROM1 (Exec base: 0x08000000, Load base: 0x08000000, Size: 0x0000efac, Max: 0x00080000, ABSOLUTE)

    Exec Addr    Load Addr    Size         Type   Attr      Idx    E Section Name        Object

    0x08000000   0x08000000   0x00000130   Data   RO          377    RESET               startup_stm32f10x_hd.o
    0x08000130   0x08000130   0x00000000   Code   RO         7510  * .ARM.Collect$$$$00000000  mc_w.l(entry.o)
    0x08000130   0x08000130   0x00000004   Code   RO         7873    .ARM.Collect$$$$00000001  mc_w.l(entry2.o)
    0x08000134   0x08000134   0x00000004   Code   RO         7876    .ARM.Collect$$$$00000004  mc_w.l(entry5.o)
    0x08000138   0x08000138   0x00000000   Code   RO         7878    .ARM.Collect$$$$00000008  mc_w.l(entry7b.o)
    0x08000138   0x08000138   0x00000000   Code   RO         7880    .ARM.Collect$$$$0000000A  mc_w.l(entry8b.o)
    0x08000138   0x08000138   0x00000008   Code   RO         7881    .ARM.Collect$$$$0000000B  mc_w.l(entry9a.o)
    0x08000140   0x08000140   0x00000000   Code   RO         7883    .ARM.Collect$$$$0000000D  mc_w.l(entry10a.o)
    0x08000140   0x08000140   0x00000000   Code   RO         7885    .ARM.Collect$$$$0000000F  mc_w.l(entry11a.o)
    0x08000140   0x08000140   0x00000004   Code   RO         7874    .ARM.Collect$$$$00002712  mc_w.l(entry2.o)
    0x08000144   0x08000144   0x00000096   Code   RO         6687    .emb_text           port.o
    0x080001da   0x080001da   0x00000002   PAD
    0x080001dc   0x080001dc   0x00000024   Code   RO          378    .text               startup_stm32f10x_hd.o
    0x08000200   0x08000200   0x0000000c   Code   RO         7513    .text               mc_w.l(tolower.o)
    0x0800020c   0x0800020c   0x00000028   Code   RO         7522    .text               mc_w.l(memcpy.o)
    0x08000234   0x08000234   0x00000024   Code   RO         7528    .text               mc_w.l(memseta.o)
    0x08000258   0x08000258   0x00000024   Code   RO         7530    .text               mc_w.l(strstr.o)
    0x0800027c   0x0800027c   0x00000018   Code   RO         7532    .text               mc_w.l(strncpy.o)
    0x08000294   0x08000294   0x0000000e   Code   RO         7534    .text               mc_w.l(strlen.o)
    0x080002a2   0x080002a2   0x0000001c   Code   RO         7536    .text               mc_w.l(strcmp.o)
    0x080002be   0x080002be   0x00000012   Code   RO         7540    .text               mc_w.l(strcpy.o)
    0x080002d0   0x080002d0   0x0000001e   Code   RO         7542    .text               mc_w.l(strncmp.o)
    0x080002ee   0x080002ee   0x00000002   PAD
    0x080002f0   0x080002f0   0x00000038   Code   RO         7837    .text               mc_w.l(sscanf.o)
    0x08000328   0x08000328   0x0000001a   Code   RO         7839    .text               mc_w.l(atoi.o)
    0x08000342   0x08000342   0x00000064   Code   RO         7841    .text               mf_w.l(fmul.o)
    0x080003a6   0x080003a6   0x0000007c   Code   RO         7843    .text               mf_w.l(fdiv.o)
    0x08000422   0x08000422   0x0000014e   Code   RO         7845    .text               mf_w.l(dadd.o)
    0x08000570   0x08000570   0x000000e4   Code   RO         7847    .text               mf_w.l(dmul.o)
    0x08000654   0x08000654   0x000000de   Code   RO         7849    .text               mf_w.l(ddiv.o)
    0x08000732   0x08000732   0x0000000a   Code   RO         7851    .text               mf_w.l(ffltui.o)
    0x0800073c   0x0800073c   0x00000022   Code   RO         7853    .text               mf_w.l(dflti.o)
    0x0800075e   0x0800075e   0x0000001a   Code   RO         7855    .text               mf_w.l(dfltui.o)
    0x08000778   0x08000778   0x00000028   Code   RO         7857    .text               mf_w.l(ffixui.o)
    0x080007a0   0x080007a0   0x0000003e   Code   RO         7859    .text               mf_w.l(dfixi.o)
    0x080007de   0x080007de   0x00000032   Code   RO         7861    .text               mf_w.l(dfixui.o)
    0x08000810   0x08000810   0x00000026   Code   RO         7863    .text               mf_w.l(f2d.o)
    0x08000836   0x08000836   0x00000002   PAD
    0x08000838   0x08000838   0x00000030   Code   RO         7865    .text               mf_w.l(cdcmple.o)
    0x08000868   0x08000868   0x00000030   Code   RO         7867    .text               mf_w.l(cdrcmple.o)
    0x08000898   0x08000898   0x00000038   Code   RO         7869    .text               mf_w.l(d2f.o)
    0x080008d0   0x080008d0   0x00000014   Code   RO         7871    .text               mf_w.l(cfrcmple.o)
    0x080008e4   0x080008e4   0x0000002c   Code   RO         7888    .text               mc_w.l(uidiv.o)
    0x08000910   0x08000910   0x00000062   Code   RO         7890    .text               mc_w.l(uldiv.o)
    0x08000972   0x08000972   0x0000001e   Code   RO         7892    .text               mc_w.l(llshl.o)
    0x08000990   0x08000990   0x00000020   Code   RO         7894    .text               mc_w.l(llushr.o)
    0x080009b0   0x080009b0   0x00000024   Code   RO         7896    .text               mc_w.l(llsshr.o)
    0x080009d4   0x080009d4   0x0000000c   Code   RO         7898    .text               mc_w.l(localtime_w.o)
    0x080009e0   0x080009e0   0x0000008c   Code   RO         7901    .text               mc_w.l(localtime_i.o)
    0x08000a6c   0x08000a6c   0x00000156   Code   RO         7913    .text               mc_w.l(_scanf_longlong.o)
    0x08000bc2   0x08000bc2   0x0000014c   Code   RO         7915    .text               mc_w.l(_scanf_int.o)
    0x08000d0e   0x08000d0e   0x000000e0   Code   RO         7917    .text               mc_w.l(_scanf_str.o)
    0x08000dee   0x08000dee   0x00000002   PAD
    0x08000df0   0x08000df0   0x00000360   Code   RO         7919    .text               mc_w.l(scanf_fp.o)
    0x08001150   0x08001150   0x00000028   Code   RO         7923    .text               mc_w.l(scanf_char.o)
    0x08001178   0x08001178   0x00000040   Code   RO         7925    .text               mc_w.l(_sgetc.o)
    0x080011b8   0x080011b8   0x0000009c   Code   RO         7927    .text               mc_w.l(strtod.o)
    0x08001254   0x08001254   0x00000070   Code   RO         7929    .text               mc_w.l(strtol.o)
    0x080012c4   0x080012c4   0x00000000   Code   RO         7931    .text               mc_w.l(iusefp.o)
    0x080012c4   0x080012c4   0x0000006e   Code   RO         7932    .text               mf_w.l(fepilogue.o)
    0x08001332   0x08001332   0x000000ba   Code   RO         7934    .text               mf_w.l(depilogue.o)
    0x080013ec   0x080013ec   0x00000030   Code   RO         7936    .text               mf_w.l(dfixul.o)
    0x0800141c   0x0800141c   0x00000024   Code   RO         7938    .text               mc_w.l(init.o)
    0x08001440   0x08001440   0x00000008   Code   RO         7942    .text               mc_w.l(ctype_o.o)
    0x08001448   0x08001448   0x00000012   Code   RO         7964    .text               mc_w.l(isspace_o.o)
    0x0800145a   0x0800145a   0x0000001c   Code   RO         7970    .text               mc_w.l(_chval.o)
    0x08001476   0x08001476   0x00000002   PAD
    0x08001478   0x08001478   0x0000032c   Code   RO         7972    .text               mc_w.l(_scanf.o)
    0x080017a4   0x080017a4   0x0000009e   Code   RO         7974    .text               mc_w.l(_strtoul.o)
    0x08001842   0x08001842   0x00000018   Code   RO         7976    .text               mf_w.l(dfltul.o)
    0x0800185a   0x0800185a   0x00000056   Code   RO         7989    .text               mc_w.l(__dczerorl2.o)
    0x080018b0   0x080018b0   0x000000d4   Code   RO          967    i.ADC1_DMA_get_val  adc.o
    0x08001984   0x08001984   0x00000144   Code   RO          968    i.ADC1_DMA_init     adc.o
    0x08001ac8   0x08001ac8   0x000000f0   Code   RO          970    i.ADC2VOL           adc.o
    0x08001bb8   0x08001bb8   0x00000016   Code   RO         1816    i.ADC_Cmd           stm32f10x_adc.o
    0x08001bce   0x08001bce   0x00000016   Code   RO         1817    i.ADC_DMACmd        stm32f10x_adc.o
    0x08001be4   0x08001be4   0x00000014   Code   RO         1824    i.ADC_GetCalibrationStatus  stm32f10x_adc.o
    0x08001bf8   0x08001bf8   0x00000014   Code   RO         1830    i.ADC_GetResetCalibrationStatus  stm32f10x_adc.o
    0x08001c0c   0x08001c0c   0x00000050   Code   RO         1834    i.ADC_Init          stm32f10x_adc.o
    0x08001c5c   0x08001c5c   0x000000b8   Code   RO         1838    i.ADC_RegularChannelConfig  stm32f10x_adc.o
    0x08001d14   0x08001d14   0x0000000a   Code   RO         1839    i.ADC_ResetCalibration  stm32f10x_adc.o
    0x08001d1e   0x08001d1e   0x00000016   Code   RO         1841    i.ADC_SoftwareStartConvCmd  stm32f10x_adc.o
    0x08001d34   0x08001d34   0x0000000a   Code   RO         1843    i.ADC_StartCalibration  stm32f10x_adc.o
    0x08001d3e   0x08001d3e   0x00000002   PAD
    0x08001d40   0x08001d40   0x00000024   Code   RO         1845    i.ADC_TempSensorVrefintCmd  stm32f10x_adc.o
    0x08001d64   0x08001d64   0x00000010   Code   RO         2046    i.BKP_DeInit        stm32f10x_bkp.o
    0x08001d74   0x08001d74   0x0000001c   Code   RO         2051    i.BKP_ReadBackupRegister  stm32f10x_bkp.o
    0x08001d90   0x08001d90   0x0000001c   Code   RO         2055    i.BKP_WriteBackupRegister  stm32f10x_bkp.o
    0x08001dac   0x08001dac   0x00000004   Code   RO            4    i.BusFault_Handler  stm32f10x_it.o
    0x08001db0   0x08001db0   0x00000018   Code   RO         2585    i.DMA_Cmd           stm32f10x_dma.o
    0x08001dc8   0x08001dc8   0x0000003c   Code   RO         2591    i.DMA_Init          stm32f10x_dma.o
    0x08001e04   0x08001e04   0x00000002   Code   RO            5    i.DebugMon_Handler  stm32f10x_it.o
    0x08001e06   0x08001e06   0x00000018   Code   RO         5006    i.Delay_ms          delay.o
    0x08001e1e   0x08001e1e   0x00000012   Code   RO         5008    i.Delay_us          delay.o
    0x08001e30   0x08001e30   0x00000044   Code   RO          604    i.EXTI0_IRQHandler  interrupt.o
    0x08001e74   0x08001e74   0x00000038   Code   RO          605    i.EXTI4_IRQHandler  interrupt.o
    0x08001eac   0x08001eac   0x00000074   Code   RO          606    i.EXTI9_5_IRQHandler  interrupt.o
    0x08001f20   0x08001f20   0x0000000c   Code   RO         2668    i.EXTI_ClearITPendingBit  stm32f10x_exti.o
    0x08001f2c   0x08001f2c   0x00000028   Code   RO         2672    i.EXTI_GetITStatus  stm32f10x_exti.o
    0x08001f54   0x08001f54   0x00000034   Code   RO         2930    i.FSMC_NORSRAMCmd   stm32f10x_fsmc.o
    0x08001f88   0x08001f88   0x000000e6   Code   RO         2932    i.FSMC_NORSRAMInit  stm32f10x_fsmc.o
    0x0800206e   0x0800206e   0x00000116   Code   RO         3057    i.GPIO_Init         stm32f10x_gpio.o
    0x08002184   0x08002184   0x00000012   Code   RO         3061    i.GPIO_ReadInputDataBit  stm32f10x_gpio.o
    0x08002196   0x08002196   0x00000004   Code   RO         3064    i.GPIO_ResetBits    stm32f10x_gpio.o
    0x0800219a   0x0800219a   0x00000004   Code   RO         3065    i.GPIO_SetBits      stm32f10x_gpio.o
    0x0800219e   0x0800219e   0x00000004   Code   RO            6    i.HardFault_Handler  stm32f10x_it.o
    0x080021a2   0x080021a2   0x00000002   PAD
    0x080021a4   0x080021a4   0x0000006c   Code   RO         1052    i.LCD_Clear         bsp_lcd.o
    0x08002210   0x08002210   0x00003480   Code   RO         1054    i.LCD_Config        bsp_lcd.o
    0x08005690   0x08005690   0x000001c0   Code   RO         1057    i.LCD_Display_Dir   bsp_lcd.o
    0x08005850   0x08005850   0x00000024   Code   RO         1059    i.LCD_DrawPoint     bsp_lcd.o
    0x08005874   0x08005874   0x0000007c   Code   RO         1060    i.LCD_FSMCConfig    bsp_lcd.o
    0x080058f0   0x080058f0   0x0000017c   Code   RO         1061    i.LCD_Fast_DrawPoint  bsp_lcd.o
    0x08005a6c   0x08005a6c   0x0000008c   Code   RO         1063    i.LCD_GPIOConfig    bsp_lcd.o
    0x08005af8   0x08005af8   0x00000034   Code   RO         1064    i.LCD_Init          bsp_lcd.o
    0x08005b2c   0x08005b2c   0x00000014   Code   RO         1065    i.LCD_RD_DATA       bsp_lcd.o
    0x08005b40   0x08005b40   0x000001d8   Code   RO         1066    i.LCD_ReadID        bsp_lcd.o
    0x08005d18   0x08005d18   0x00000016   Code   RO         1068    i.LCD_ReadReg       bsp_lcd.o
    0x08005d2e   0x08005d2e   0x00000002   PAD
    0x08005d30   0x08005d30   0x00000054   Code   RO         1069    i.LCD_SSD_BackLightSet  bsp_lcd.o
    0x08005d84   0x08005d84   0x000002ec   Code   RO         1070    i.LCD_Scan_Dir      bsp_lcd.o
    0x08006070   0x08006070   0x000001a8   Code   RO         1071    i.LCD_SetCursor     bsp_lcd.o
    0x08006218   0x08006218   0x00000128   Code   RO         1073    i.LCD_ShowChar      bsp_lcd.o
    0x08006340   0x08006340   0x00000066   Code   RO         1075    i.LCD_ShowString    bsp_lcd.o
    0x080063a6   0x080063a6   0x00000002   PAD
    0x080063a8   0x080063a8   0x0000000c   Code   RO         1076    i.LCD_WR_DATA       bsp_lcd.o
    0x080063b4   0x080063b4   0x0000000c   Code   RO         1077    i.LCD_WR_REG        bsp_lcd.o
    0x080063c0   0x080063c0   0x00000014   Code   RO         1079    i.LCD_WriteRAM_Prepare  bsp_lcd.o
    0x080063d4   0x080063d4   0x00000010   Code   RO         1080    i.LCD_WriteReg      bsp_lcd.o
    0x080063e4   0x080063e4   0x00000036   Code   RO         5501    i.MQTTPacket_encode  mqttpacket.o
    0x0800641a   0x0800641a   0x00000002   PAD
    0x0800641c   0x0800641c   0x00000028   Code   RO         5503    i.MQTTPacket_len    mqttpacket.o
    0x08006444   0x08006444   0x00000168   Code   RO         5341    i.MQTTSerialize_connect  mqttconnectclient.o
    0x080065ac   0x080065ac   0x00000076   Code   RO         5342    i.MQTTSerialize_connectLength  mqttconnectclient.o
    0x08006622   0x08006622   0x000000b0   Code   RO         5620    i.MQTTSerialize_publish  mqttserializepublish.o
    0x080066d2   0x080066d2   0x00000022   Code   RO         5621    i.MQTTSerialize_publishLength  mqttserializepublish.o
    0x080066f4   0x080066f4   0x000000b0   Code   RO         5664    i.MQTTSerialize_subscribe  mqttsubscribeclient.o
    0x080067a4   0x080067a4   0x0000002e   Code   RO         5665    i.MQTTSerialize_subscribeLength  mqttsubscribeclient.o
    0x080067d2   0x080067d2   0x00000018   Code   RO         5506    i.MQTTstrlen        mqttpacket.o
    0x080067ea   0x080067ea   0x00000004   Code   RO            7    i.MemManage_Handler  stm32f10x_it.o
    0x080067ee   0x080067ee   0x00000002   Code   RO            8    i.NMI_Handler       stm32f10x_it.o
    0x080067f0   0x080067f0   0x00000022   Code   RO         5186    i.NVIC_Configuration  rtc.o
    0x08006812   0x08006812   0x00000002   PAD
    0x08006814   0x08006814   0x00000070   Code   RO         1762    i.NVIC_Init         misc.o
    0x08006884   0x08006884   0x00000014   Code   RO         1763    i.NVIC_PriorityGroupConfig  misc.o
    0x08006898   0x08006898   0x0000000c   Code   RO         3447    i.PWR_BackupAccessCmd  stm32f10x_pwr.o
    0x080068a4   0x080068a4   0x00000018   Code   RO         3519    i.RCC_ADCCLKConfig  stm32f10x_rcc.o
    0x080068bc   0x080068bc   0x00000020   Code   RO         3520    i.RCC_AHBPeriphClockCmd  stm32f10x_rcc.o
    0x080068dc   0x080068dc   0x00000020   Code   RO         3521    i.RCC_APB1PeriphClockCmd  stm32f10x_rcc.o
    0x080068fc   0x080068fc   0x00000020   Code   RO         3523    i.RCC_APB2PeriphClockCmd  stm32f10x_rcc.o
    0x0800691c   0x0800691c   0x0000000c   Code   RO         3526    i.RCC_BackupResetCmd  stm32f10x_rcc.o
    0x08006928   0x08006928   0x000000d4   Code   RO         3531    i.RCC_GetClocksFreq  stm32f10x_rcc.o
    0x080069fc   0x080069fc   0x0000003c   Code   RO         3532    i.RCC_GetFlagStatus  stm32f10x_rcc.o
    0x08006a38   0x08006a38   0x00000034   Code   RO         3539    i.RCC_LSEConfig     stm32f10x_rcc.o
    0x08006a6c   0x08006a6c   0x0000000c   Code   RO         3546    i.RCC_RTCCLKCmd     stm32f10x_rcc.o
    0x08006a78   0x08006a78   0x00000010   Code   RO         3547    i.RCC_RTCCLKConfig  stm32f10x_rcc.o
    0x08006a88   0x08006a88   0x00000018   Code   RO          532    i.RGB_disable       led.o
    0x08006aa0   0x08006aa0   0x00000018   Code   RO          533    i.RGB_enable        led.o
    0x08006ab8   0x08006ab8   0x00000058   Code   RO          534    i.RGB_init          led.o
    0x08006b10   0x08006b10   0x00000010   Code   RO         3732    i.RTC_ClearITPendingBit  stm32f10x_rtc.o
    0x08006b20   0x08006b20   0x00000058   Code   RO         5187    i.RTC_Configuration  rtc.o
    0x08006b78   0x08006b78   0x00000014   Code   RO         3733    i.RTC_EnterConfigMode  stm32f10x_rtc.o
    0x08006b8c   0x08006b8c   0x00000014   Code   RO         3734    i.RTC_ExitConfigMode  stm32f10x_rtc.o
    0x08006ba0   0x08006ba0   0x00000014   Code   RO         3735    i.RTC_GetCounter    stm32f10x_rtc.o
    0x08006bb4   0x08006bb4   0x00000024   Code   RO         3738    i.RTC_GetITStatus   stm32f10x_rtc.o
    0x08006bd8   0x08006bd8   0x00000020   Code   RO          607    i.RTC_IRQHandler    interrupt.o
    0x08006bf8   0x08006bf8   0x00000020   Code   RO         3739    i.RTC_ITConfig      stm32f10x_rtc.o
    0x08006c18   0x08006c18   0x0000001c   Code   RO         3741    i.RTC_SetCounter    stm32f10x_rtc.o
    0x08006c34   0x08006c34   0x00000020   Code   RO         3742    i.RTC_SetPrescaler  stm32f10x_rtc.o
    0x08006c54   0x08006c54   0x00000028   Code   RO         3743    i.RTC_WaitForLastTask  stm32f10x_rtc.o
    0x08006c7c   0x08006c7c   0x00000024   Code   RO         3744    i.RTC_WaitForSynchro  stm32f10x_rtc.o
    0x08006ca0   0x08006ca0   0x00000018   Code   RO         4036    i.SPI_Cmd           stm32f10x_spi.o
    0x08006cb8   0x08006cb8   0x0000003c   Code   RO         4049    i.SPI_Init          stm32f10x_spi.o
    0x08006cf4   0x08006cf4   0x00000008   Code   RO          159    i.SetSysClock       system_stm32f10x.o
    0x08006cfc   0x08006cfc   0x000000e0   Code   RO          160    i.SetSysClockTo72   system_stm32f10x.o
    0x08006ddc   0x08006ddc   0x00000034   Code   RO         5009    i.SysTick_Handler   delay.o
    0x08006e10   0x08006e10   0x00000060   Code   RO          162    i.SystemInit        system_stm32f10x.o
    0x08006e70   0x08006e70   0x00000028   Code   RO          608    i.TIM2_IRQHandler   interrupt.o
    0x08006e98   0x08006e98   0x00000006   Code   RO         4198    i.TIM_ClearITPendingBit  stm32f10x_tim.o
    0x08006e9e   0x08006e9e   0x00000022   Code   RO         4224    i.TIM_GetITStatus   stm32f10x_tim.o
    0x08006ec0   0x08006ec0   0x0000003a   Code   RO         5188    i.Time_Adjust       rtc.o
    0x08006efa   0x08006efa   0x00000002   PAD
    0x08006efc   0x08006efc   0x000000e8   Code   RO          873    i.UART4_IRQHandler  su_03t.o
    0x08006fe4   0x08006fe4   0x00000114   Code   RO          703    i.USART1_IRQHandler  usart.o
    0x080070f8   0x080070f8   0x00000108   Code   RO          824    i.USART2_IRQHandler  kqm.o
    0x08007200   0x08007200   0x0000006c   Code   RO          704    i.USART3_IRQHandler  usart.o
    0x0800726c   0x0800726c   0x0000001e   Code   RO         4748    i.USART_ClearITPendingBit  stm32f10x_usart.o
    0x0800728a   0x0800728a   0x00000018   Code   RO         4751    i.USART_Cmd         stm32f10x_usart.o
    0x080072a2   0x080072a2   0x0000001a   Code   RO         4754    i.USART_GetFlagStatus  stm32f10x_usart.o
    0x080072bc   0x080072bc   0x00000054   Code   RO         4755    i.USART_GetITStatus  stm32f10x_usart.o
    0x08007310   0x08007310   0x0000004a   Code   RO         4757    i.USART_ITConfig    stm32f10x_usart.o
    0x0800735a   0x0800735a   0x00000002   PAD
    0x0800735c   0x0800735c   0x000000d8   Code   RO         4758    i.USART_Init        stm32f10x_usart.o
    0x08007434   0x08007434   0x0000000a   Code   RO         4765    i.USART_ReceiveData  stm32f10x_usart.o
    0x0800743e   0x0800743e   0x00000008   Code   RO         4768    i.USART_SendData    stm32f10x_usart.o
    0x08007446   0x08007446   0x00000004   Code   RO            9    i.UsageFault_Handler  stm32f10x_it.o
    0x0800744a   0x0800744a   0x00000002   PAD
    0x0800744c   0x0800744c   0x00000020   Code   RO         7781    i.__0printf         mc_w.l(printfa.o)
    0x0800746c   0x0800746c   0x00000028   Code   RO         7783    i.__0sprintf        mc_w.l(printfa.o)
    0x08007494   0x08007494   0x00000008   Code   RO         7906    i.__aeabi_errno_addr  mc_w.l(errno.o)
    0x0800749c   0x0800749c   0x0000005c   Code   RO         7813    i.__free$realloc    mc_w.l(mallocr.o)
    0x080074f8   0x080074f8   0x00000050   Code   RO         7814    i.__malloc$realloc  mc_w.l(mallocr.o)
    0x08007548   0x08007548   0x0000000c   Code   RO         7907    i.__read_errno      mc_w.l(errno.o)
    0x08007554   0x08007554   0x0000000e   Code   RO         7983    i.__scatterload_copy  mc_w.l(handlers.o)
    0x08007562   0x08007562   0x00000002   Code   RO         7984    i.__scatterload_null  mc_w.l(handlers.o)
    0x08007564   0x08007564   0x0000000e   Code   RO         7985    i.__scatterload_zeroinit  mc_w.l(handlers.o)
    0x08007572   0x08007572   0x00000002   PAD
    0x08007574   0x08007574   0x0000000c   Code   RO         7908    i.__set_errno       mc_w.l(errno.o)
    0x08007580   0x08007580   0x00000184   Code   RO         7788    i._fp_digits        mc_w.l(printfa.o)
    0x08007704   0x08007704   0x0000000e   Code   RO         7921    i._is_digit         mc_w.l(scanf_fp.o)
    0x08007712   0x08007712   0x00000002   PAD
    0x08007714   0x08007714   0x000006dc   Code   RO         7789    i._printf_core      mc_w.l(printfa.o)
    0x08007df0   0x08007df0   0x00000024   Code   RO         7790    i._printf_post_padding  mc_w.l(printfa.o)
    0x08007e14   0x08007e14   0x0000002e   Code   RO         7791    i._printf_pre_padding  mc_w.l(printfa.o)
    0x08007e42   0x08007e42   0x0000000a   Code   RO         7793    i._sputc            mc_w.l(printfa.o)
    0x08007e4c   0x08007e4c   0x000000ec   Code   RO          825    i.air_analysis      kqm.o
    0x08007f38   0x08007f38   0x0000006c   Code   RO          205    i.api_init          main.o
    0x08007fa4   0x08007fa4   0x0000002a   Code   RO         7499    i.atof              m_ws.l(atof.o)
    0x08007fce   0x08007fce   0x00000048   Code   RO         6824    i.buffer_skip_whitespace  cjson.o
    0x08008016   0x08008016   0x00000002   PAD
    0x08008018   0x08008018   0x0000000c   Code   RO          385    i.buzzer_disable    buzzer.o
    0x08008024   0x08008024   0x00000014   Code   RO          386    i.buzzer_enable     buzzer.o
    0x08008038   0x08008038   0x00000034   Code   RO          387    i.buzzer_init       buzzer.o
    0x0800806c   0x0800806c   0x00000058   Code   RO         6856    i.cJSON_Delete      cjson.o
    0x080080c4   0x080080c4   0x00000012   Code   RO         6869    i.cJSON_GetObjectItem  cjson.o
    0x080080d6   0x080080d6   0x0000001c   Code   RO         6886    i.cJSON_New_Item    cjson.o
    0x080080f2   0x080080f2   0x00000010   Code   RO         6887    i.cJSON_Parse       cjson.o
    0x08008102   0x08008102   0x00000002   PAD
    0x08008104   0x08008104   0x000000d4   Code   RO         6889    i.cJSON_ParseWithLengthOpts  cjson.o
    0x080081d8   0x080081d8   0x00000028   Code   RO         6890    i.cJSON_ParseWithOpts  cjson.o
    0x08008200   0x08008200   0x00000014   Code   RO         6891    i.cJSON_Print       cjson.o
    0x08008214   0x08008214   0x00000048   Code   RO         6905    i.case_insensitive_strcmp  cjson.o
    0x0800825c   0x0800825c   0x00000054   Code   RO         1588    i.check_server      my_mqtt.o
    0x080082b0   0x080082b0   0x00000084   Code   RO         6907    i.compare_double    cjson.o
    0x08008334   0x08008334   0x00000294   Code   RO         1532    i.connect_seniverse  esp8266.o
    0x080085c8   0x080085c8   0x00000092   Code   RO         5012    i.delay_1us         delay.o
    0x0800865a   0x0800865a   0x00000002   PAD
    0x0800865c   0x0800865c   0x00000168   Code   RO          931    i.dht_get_val       dht11.o
    0x080087c4   0x080087c4   0x00000038   Code   RO          932    i.dth11_init        dht11.o
    0x080087fc   0x080087fc   0x000000b8   Code   RO         6909    i.ensure            cjson.o
    0x080088b4   0x080088b4   0x00000038   Code   RO         1533    i.esp8266_init      esp8266.o
    0x080088ec   0x080088ec   0x00000018   Code   RO          705    i.fputc             usart.o
    0x08008904   0x08008904   0x00000030   Code   RO         1665    i.freertos_demo     myrtos.o
    0x08008934   0x08008934   0x00000004   Code   RO         6911    i.get_decimal_point  cjson.o
    0x08008938   0x08008938   0x00000052   Code   RO         6912    i.get_object_item   cjson.o
    0x0800898a   0x0800898a   0x00000002   PAD
    0x0800898c   0x0800898c   0x00000150   Code   RO         1589    i.get_server_time   my_mqtt.o
    0x08008adc   0x08008adc   0x00000a68   Code   RO         5190    i.get_time_str      rtc.o
    0x08009544   0x08009544   0x00000050   Code   RO         7815    i.internal_alloc    mc_w.l(mallocr.o)
    0x08009594   0x08009594   0x00000044   Code   RO          433    i.key_init          key.o
    0x080095d8   0x080095d8   0x000000a0   Code   RO          826    i.kqm_init          kqm.o
    0x08009678   0x08009678   0x00000018   Code   RO          535    i.led_disable       led.o
    0x08009690   0x08009690   0x00000018   Code   RO          536    i.led_enable        led.o
    0x080096a8   0x080096a8   0x00000054   Code   RO          537    i.led_init          led.o
    0x080096fc   0x080096fc   0x00000008   Code   RO          538    i.led_turn          led.o
    0x08009704   0x08009704   0x00000034   Code   RO          206    i.main              main.o
    0x08009738   0x08009738   0x0000008c   Code   RO         1590    i.mqtt2server       my_mqtt.o
    0x080097c4   0x080097c4   0x0000008c   Code   RO         1591    i.mqtt_connect_server  my_mqtt.o
    0x08009850   0x08009850   0x000000f8   Code   RO         6914    i.parse_array       cjson.o
    0x08009948   0x08009948   0x0000005a   Code   RO         6915    i.parse_hex4        cjson.o
    0x080099a2   0x080099a2   0x00000002   PAD
    0x080099a4   0x080099a4   0x00000138   Code   RO         6916    i.parse_number      cjson.o
    0x08009adc   0x08009adc   0x0000013e   Code   RO         6917    i.parse_object      cjson.o
    0x08009c1a   0x08009c1a   0x0000018c   Code   RO         6918    i.parse_string      cjson.o
    0x08009da6   0x08009da6   0x00000002   PAD
    0x08009da8   0x08009da8   0x0000013c   Code   RO         6919    i.parse_value       cjson.o
    0x08009ee4   0x08009ee4   0x000000b4   Code   RO         6920    i.print             cjson.o
    0x08009f98   0x08009f98   0x000000b2   Code   RO         6921    i.print_array       cjson.o
    0x0800a04a   0x0800a04a   0x00000002   PAD
    0x0800a04c   0x0800a04c   0x00000154   Code   RO         6922    i.print_number      cjson.o
    0x0800a1a0   0x0800a1a0   0x00000174   Code   RO         6923    i.print_object      cjson.o
    0x0800a314   0x0800a314   0x00000010   Code   RO         6924    i.print_string      cjson.o
    0x0800a324   0x0800a324   0x00000174   Code   RO         6925    i.print_string_ptr  cjson.o
    0x0800a498   0x0800a498   0x00000104   Code   RO         6926    i.print_value       cjson.o
    0x0800a59c   0x0800a59c   0x00000098   Code   RO         6190    i.prvAddCurrentTaskToDelayedList  tasks.o
    0x0800a634   0x0800a634   0x000000b4   Code   RO         6191    i.prvAddNewTaskToReadyList  tasks.o
    0x0800a6e8   0x0800a6e8   0x00000064   Code   RO         6533    i.prvCheckForValidListAndQueue  timers.o
    0x0800a74c   0x0800a74c   0x00000048   Code   RO         6192    i.prvCheckTasksWaitingTermination  tasks.o
    0x0800a794   0x0800a794   0x0000002a   Code   RO         5943    i.prvCopyDataFromQueue  queue.o
    0x0800a7be   0x0800a7be   0x0000007e   Code   RO         5944    i.prvCopyDataToQueue  queue.o
    0x0800a83c   0x0800a83c   0x00000012   Code   RO         6193    i.prvDeleteTCB      tasks.o
    0x0800a84e   0x0800a84e   0x00000002   PAD
    0x0800a850   0x0800a850   0x00000028   Code   RO         6534    i.prvGetNextExpireTime  timers.o
    0x0800a878   0x0800a878   0x0000007c   Code   RO         6764    i.prvHeapInit       heap_4.o
    0x0800a8f4   0x0800a8f4   0x00000028   Code   RO         6194    i.prvIdleTask       tasks.o
    0x0800a91c   0x0800a91c   0x0000002a   Code   RO         5947    i.prvInitialiseNewQueue  queue.o
    0x0800a946   0x0800a946   0x00000090   Code   RO         6195    i.prvInitialiseNewTask  tasks.o
    0x0800a9d6   0x0800a9d6   0x00000002   PAD
    0x0800a9d8   0x0800a9d8   0x00000068   Code   RO         6196    i.prvInitialiseTaskLists  tasks.o
    0x0800aa40   0x0800aa40   0x00000068   Code   RO         6765    i.prvInsertBlockIntoFreeList  heap_4.o
    0x0800aaa8   0x0800aaa8   0x00000058   Code   RO         6536    i.prvInsertTimerInActiveList  timers.o
    0x0800ab00   0x0800ab00   0x0000001a   Code   RO         5948    i.prvIsQueueEmpty   queue.o
    0x0800ab1a   0x0800ab1a   0x0000001e   Code   RO         5949    i.prvIsQueueFull    queue.o
    0x0800ab38   0x0800ab38   0x00000052   Code   RO         5950    i.prvNotifyQueueSetContainer  queue.o
    0x0800ab8a   0x0800ab8a   0x00000002   PAD
    0x0800ab8c   0x0800ab8c   0x0000005c   Code   RO         6537    i.prvProcessExpiredTimer  timers.o
    0x0800abe8   0x0800abe8   0x0000010c   Code   RO         6538    i.prvProcessReceivedCommands  timers.o
    0x0800acf4   0x0800acf4   0x00000074   Code   RO         6539    i.prvProcessTimerOrBlockTask  timers.o
    0x0800ad68   0x0800ad68   0x00000034   Code   RO         6197    i.prvResetNextTaskUnblockTime  tasks.o
    0x0800ad9c   0x0800ad9c   0x0000002c   Code   RO         6540    i.prvSampleTimeNow  timers.o
    0x0800adc8   0x0800adc8   0x00000088   Code   RO         6541    i.prvSwitchTimerLists  timers.o
    0x0800ae50   0x0800ae50   0x00000016   Code   RO         6688    i.prvTaskExitError  port.o
    0x0800ae66   0x0800ae66   0x0000001a   Code   RO         6542    i.prvTimerTask      timers.o
    0x0800ae80   0x0800ae80   0x00000092   Code   RO         5951    i.prvUnlockQueue    queue.o
    0x0800af12   0x0800af12   0x00000002   PAD
    0x0800af14   0x0800af14   0x000000d0   Code   RO         6766    i.pvPortMalloc      heap_4.o
    0x0800afe4   0x0800afe4   0x00000024   Code   RO         6689    i.pxPortInitialiseStack  port.o
    0x0800b008   0x0800b008   0x0000006c   Code   RO         7816    i.realloc           mc_w.l(mallocr.o)
    0x0800b074   0x0800b074   0x00000104   Code   RO         5191    i.rtc_init          rtc.o
    0x0800b178   0x0800b178   0x000000b4   Code   RO         1433    i.sFLASH_Init       my_spi_flash.o
    0x0800b22c   0x0800b22c   0x00000150   Code   RO         1592    i.send_data2server  my_mqtt.o
    0x0800b37c   0x0800b37c   0x00000060   Code   RO         1084    i.show_char2LCD     bsp_lcd.o
    0x0800b3dc   0x0800b3dc   0x00000060   Code   RO         1085    i.show_chin2LCD     bsp_lcd.o
    0x0800b43c   0x0800b43c   0x00000164   Code   RO         1294    i.show_data2LCD     my_lcd.o
    0x0800b5a0   0x0800b5a0   0x00000114   Code   RO         1295    i.show_index2LCD    my_lcd.o
    0x0800b6b4   0x0800b6b4   0x0000002c   Code   RO         1296    i.show_time2LCD     my_lcd.o
    0x0800b6e0   0x0800b6e0   0x0000003c   Code   RO         6930    i.skip_utf8_bom     cjson.o
    0x0800b71c   0x0800b71c   0x0000005c   Code   RO         1534    i.soft2esp          esp8266.o
    0x0800b778   0x0800b778   0x000000f8   Code   RO         1666    i.start_task        myrtos.o
    0x0800b870   0x0800b870   0x0000001c   Code   RO         7507    i.strtod            m_ws.l(strtod.o)
    0x0800b88c   0x0800b88c   0x000000b4   Code   RO          874    i.su_o3t_init       su_03t.o
    0x0800b940   0x0800b940   0x000000c0   Code   RO         1594    i.subscription_service  my_mqtt.o
    0x0800ba00   0x0800ba00   0x00000068   Code   RO         1667    i.task1             myrtos.o
    0x0800ba68   0x0800ba68   0x00000028   Code   RO         1668    i.task2             myrtos.o
    0x0800ba90   0x0800ba90   0x00000034   Code   RO         1669    i.task3             myrtos.o
    0x0800bac4   0x0800bac4   0x00000012   Code   RO         1670    i.task4             myrtos.o
    0x0800bad6   0x0800bad6   0x00000002   PAD
    0x0800bad8   0x0800bad8   0x00000034   Code   RO         1671    i.task5             myrtos.o
    0x0800bb0c   0x0800bb0c   0x00000034   Code   RO         1672    i.task6             myrtos.o
    0x0800bb40   0x0800bb40   0x00000024   Code   RO         6932    i.update_offset     cjson.o
    0x0800bb64   0x0800bb64   0x000000c0   Code   RO          707    i.usart3_init       usart.o
    0x0800bc24   0x0800bc24   0x00000024   Code   RO         1595    i.usart3_send_string  my_mqtt.o
    0x0800bc48   0x0800bc48   0x0000001c   Code   RO          827    i.usart_get_kqm__RXflag  kqm.o
    0x0800bc64   0x0800bc64   0x0000001c   Code   RO          875    i.usart_get_su_RXflag  su_03t.o
    0x0800bc80   0x0800bc80   0x000000b4   Code   RO          710    i.usart_init        usart.o
    0x0800bd34   0x0800bd34   0x0000001c   Code   RO          876    i.usart_send2su_array  su_03t.o
    0x0800bd50   0x0800bd50   0x00000020   Code   RO          877    i.usart_send2su_bit  su_03t.o
    0x0800bd70   0x0800bd70   0x00000024   Code   RO          714    i.usart_send_array  usart.o
    0x0800bd94   0x0800bd94   0x00000020   Code   RO          717    i.usart_send_string  usart.o
    0x0800bdb4   0x0800bdb4   0x0000001e   Code   RO          718    i.usart_sendbit     usart.o
    0x0800bdd2   0x0800bdd2   0x0000012c   Code   RO         6933    i.utf16_literal_to_utf8  cjson.o
    0x0800befe   0x0800befe   0x00000028   Code   RO         5891    i.uxListRemove      list.o
    0x0800bf26   0x0800bf26   0x00000002   PAD
    0x0800bf28   0x0800bf28   0x0000001c   Code   RO          207    i.vApplicationStackOverflowHook  main.o
    0x0800bf44   0x0800bf44   0x0000001a   Code   RO         5892    i.vListInitialise   list.o
    0x0800bf5e   0x0800bf5e   0x00000006   Code   RO         5893    i.vListInitialiseItem  list.o
    0x0800bf64   0x0800bf64   0x00000034   Code   RO         5894    i.vListInsert       list.o
    0x0800bf98   0x0800bf98   0x00000018   Code   RO         5895    i.vListInsertEnd    list.o
    0x0800bfb0   0x0800bfb0   0x00000024   Code   RO         6691    i.vPortEnterCritical  port.o
    0x0800bfd4   0x0800bfd4   0x00000020   Code   RO         6692    i.vPortExitCritical  port.o
    0x0800bff4   0x0800bff4   0x00000048   Code   RO         6767    i.vPortFree         heap_4.o
    0x0800c03c   0x0800c03c   0x00000018   Code   RO         6693    i.vPortSetupTimerInterrupt  port.o
    0x0800c054   0x0800c054   0x0000002c   Code   RO         5955    i.vQueueAddToRegistry  queue.o
    0x0800c080   0x0800c080   0x0000004a   Code   RO         5958    i.vQueueWaitForMessageRestricted  queue.o
    0x0800c0ca   0x0800c0ca   0x00000002   PAD
    0x0800c0cc   0x0800c0cc   0x00000034   Code   RO         6205    i.vTaskDelay        tasks.o
    0x0800c100   0x0800c100   0x000000cc   Code   RO         6207    i.vTaskDelete       tasks.o
    0x0800c1cc   0x0800c1cc   0x00000018   Code   RO         6209    i.vTaskInternalSetTimeOutState  tasks.o
    0x0800c1e4   0x0800c1e4   0x0000000c   Code   RO         6210    i.vTaskMissedYield  tasks.o
    0x0800c1f0   0x0800c1f0   0x00000020   Code   RO         6212    i.vTaskPlaceOnEventList  tasks.o
    0x0800c210   0x0800c210   0x00000028   Code   RO         6213    i.vTaskPlaceOnEventListRestricted  tasks.o
    0x0800c238   0x0800c238   0x00000070   Code   RO         6220    i.vTaskStartScheduler  tasks.o
    0x0800c2a8   0x0800c2a8   0x00000010   Code   RO         6222    i.vTaskSuspendAll   tasks.o
    0x0800c2b8   0x0800c2b8   0x00000080   Code   RO         6223    i.vTaskSwitchContext  tasks.o
    0x0800c338   0x0800c338   0x00000294   Code   RO          878    i.vioce_analysis    su_03t.o
    0x0800c5cc   0x0800c5cc   0x000000e4   Code   RO         1596    i.whther_analisys   my_mqtt.o
    0x0800c6b0   0x0800c6b0   0x00000188   Code   RO         1536    i.wifi_init         esp8266.o
    0x0800c838   0x0800c838   0x00000028   Code   RO         5512    i.writeCString      mqttpacket.o
    0x0800c860   0x0800c860   0x0000000c   Code   RO         5513    i.writeChar         mqttpacket.o
    0x0800c86c   0x0800c86c   0x00000030   Code   RO         5514    i.writeInt          mqttpacket.o
    0x0800c89c   0x0800c89c   0x0000003e   Code   RO         5515    i.writeMQTTString   mqttpacket.o
    0x0800c8da   0x0800c8da   0x00000002   PAD
    0x0800c8dc   0x0800c8dc   0x00000034   Code   RO         6694    i.xPortStartScheduler  port.o
    0x0800c910   0x0800c910   0x0000003a   Code   RO         5963    i.xQueueGenericCreate  queue.o
    0x0800c94a   0x0800c94a   0x00000002   PAD
    0x0800c94c   0x0800c94c   0x00000080   Code   RO         5964    i.xQueueGenericReset  queue.o
    0x0800c9cc   0x0800c9cc   0x00000148   Code   RO         5965    i.xQueueGenericSend  queue.o
    0x0800cb14   0x0800cb14   0x0000009c   Code   RO         5966    i.xQueueGenericSendFromISR  queue.o
    0x0800cbb0   0x0800cbb0   0x00000104   Code   RO         5973    i.xQueueReceive     queue.o
    0x0800ccb4   0x0800ccb4   0x0000005c   Code   RO         6224    i.xTaskCheckForTimeOut  tasks.o
    0x0800cd10   0x0800cd10   0x00000060   Code   RO         6225    i.xTaskCreate       tasks.o
    0x0800cd70   0x0800cd70   0x00000020   Code   RO         6229    i.xTaskGetSchedulerState  tasks.o
    0x0800cd90   0x0800cd90   0x0000000c   Code   RO         6230    i.xTaskGetTickCount  tasks.o
    0x0800cd9c   0x0800cd9c   0x0000011c   Code   RO         6232    i.xTaskIncrementTick  tasks.o
    0x0800ceb8   0x0800ceb8   0x00000084   Code   RO         6235    i.xTaskPriorityDisinherit  tasks.o
    0x0800cf3c   0x0800cf3c   0x00000080   Code   RO         6237    i.xTaskRemoveFromEventList  tasks.o
    0x0800cfbc   0x0800cfbc   0x000000e8   Code   RO         6238    i.xTaskResumeAll    tasks.o
    0x0800d0a4   0x0800d0a4   0x00000040   Code   RO         6547    i.xTimerCreateTimerTask  timers.o
    0x0800d0e4   0x0800d0e4   0x0000006c   Code   RO         6548    i.xTimerGenericCommand  timers.o
    0x0800d150   0x0800d150   0x000017c0   Data   RO         1087    .constdata          bsp_lcd.o
    0x0800e910   0x0800e910   0x00000400   Data   RO         1538    .constdata          esp8266.o
    0x0800ed10   0x0800ed10   0x00000060   Data   RO         1598    .constdata          my_mqtt.o
    0x0800ed70   0x0800ed70   0x0000000c   Data   RO         7902    .constdata          mc_w.l(localtime_i.o)
    0x0800ed7c   0x0800ed7c   0x00000081   Data   RO         7943    .constdata          mc_w.l(ctype_o.o)
    0x0800edfd   0x0800edfd   0x00000003   PAD
    0x0800ee00   0x0800ee00   0x00000004   Data   RO         7944    .constdata          mc_w.l(ctype_o.o)
    0x0800ee04   0x0800ee04   0x00000041   Data   RO         1539    .conststring        esp8266.o
    0x0800ee45   0x0800ee45   0x00000003   PAD
    0x0800ee48   0x0800ee48   0x00000142   Data   RO         1599    .conststring        my_mqtt.o
    0x0800ef8a   0x0800ef8a   0x00000002   PAD
    0x0800ef8c   0x0800ef8c   0x00000020   Data   RO         7981    Region$$Table       anon$$obj.o


    Execution Region RW_IRAM1 (Exec base: 0x20000000, Load base: 0x0800efac, Size: 0x000067e0, Max: 0x00010000, ABSOLUTE, COMPRESSED[0x000001c4])

    Exec Addr    Load Addr    Size         Type   Attr      Idx    E Section Name        Object

    0x20000000   COMPRESSED   0x00000004   Data   RW          610    .data               interrupt.o
    0x20000004   COMPRESSED   0x0000000c   Data   RW          720    .data               usart.o
    0x20000010   COMPRESSED   0x0000000e   Data   RW          829    .data               kqm.o
    0x2000001e   COMPRESSED   0x0000000a   Data   RW          880    .data               su_03t.o
    0x20000028   COMPRESSED   0x00000004   Data   RW          933    .data               dht11.o
    0x2000002c   COMPRESSED   0x00000004   Data   RW         1088    .data               bsp_lcd.o
    0x20000030   COMPRESSED   0x000001f0   Data   RW         1297    .data               my_lcd.o
    0x20000220   COMPRESSED   0x0000001c   Data   RW         1673    .data               myrtos.o
    0x2000023c   COMPRESSED   0x00000014   Data   RW         3551    .data               stm32f10x_rcc.o
    0x20000250   COMPRESSED   0x0000003c   Data   RW         6241    .data               tasks.o
    0x2000028c   COMPRESSED   0x00000014   Data   RW         6556    .data               timers.o
    0x200002a0   COMPRESSED   0x00000004   Data   RW         6695    .data               port.o
    0x200002a4   COMPRESSED   0x00000018   Data   RW         6772    .data               heap_4.o
    0x200002bc   COMPRESSED   0x00000014   Data   RW         6935    .data               cjson.o
    0x200002d0   COMPRESSED   0x00000004   Data   RW         7887    .data               mc_w.l(stdout.o)
    0x200002d4   COMPRESSED   0x00000004   Data   RW         7904    .data               mc_w.l(mvars.o)
    0x200002d8   COMPRESSED   0x00000004   Data   RW         7905    .data               mc_w.l(mvars.o)
    0x200002dc   COMPRESSED   0x00000004   Data   RW         7909    .data               mc_w.l(errno.o)
    0x200002e0        -       0x00000064   Zero   RW          719    .bss                usart.o
    0x20000344        -       0x0000000c   Zero   RW          828    .bss                kqm.o
    0x20000350        -       0x0000000e   Zero   RW          879    .bss                su_03t.o
    0x2000035e   COMPRESSED   0x00000002   PAD
    0x20000360        -       0x00000098   Zero   RW          977    .bss                adc.o
    0x200003f8        -       0x0000000e   Zero   RW         1086    .bss                bsp_lcd.o
    0x20000406        -       0x00000c04   Zero   RW         1537    .bss                esp8266.o
    0x2000100a   COMPRESSED   0x00000002   PAD
    0x2000100c        -       0x00000050   Zero   RW         5980    .bss                queue.o
    0x2000105c        -       0x0000012c   Zero   RW         6240    .bss                tasks.o
    0x20001188        -       0x00000028   Zero   RW         6555    .bss                timers.o
    0x200011b0        -       0x00005000   Zero   RW         6771    .bss                heap_4.o
    0x200061b0        -       0x0000002c   Zero   RW         7899    .bss                mc_w.l(localtime_w.o)
    0x200061dc   COMPRESSED   0x00000004   PAD
    0x200061e0        -       0x00000200   Zero   RW          376    HEAP                startup_stm32f10x_hd.o
    0x200063e0        -       0x00000400   Zero   RW          375    STACK               startup_stm32f10x_hd.o


==============================================================================

Image component sizes


      Code (inc. data)   RO Data    RW Data    ZI Data      Debug   Object Name

       776         78          0          0        152       2682   adc.o
     17148        192       6080          4         14      24299   bsp_lcd.o
        84         20          0          0          0       1299   buzzer.o
      4762        146          0         20          0      31306   cjson.o
       240          6          0          0          0       4652   delay.o
       416         14          0          4          0       2142   dht11.o
      1200        622       1089          0       3076       3516   esp8266.o
         0          0          0          0          0       9524   event_groups.o
       508         62          0         24      20480       3907   heap_4.o
       312         30          0          4          0       2772   interrupt.o
        68         10          0          0          0        491   key.o
       688        128          0         14         12       3458   kqm.o
       276         44          0          0          0       3583   led.o
       148          0          0          0          0       3246   list.o
       188         60          0          0          0      18686   main.o
       132         22          0          0          0       1583   misc.o
       478         18          0          0          0       2146   mqttconnectclient.o
       280          6          0          0          0       4014   mqttpacket.o
       210          0          0          0          0       1750   mqttserializepublish.o
       222          0          0          0          0       2294   mqttsubscribeclient.o
       676        104          0        496          0       2886   my_lcd.o
      1492        682        418          0          0       5650   my_mqtt.o
       180          8          0          0          0        650   my_spi_flash.o
       614        252          0         28          0       4497   myrtos.o
       352         42          0          4          0       8410   port.o
      1542         20          0          0         80      15334   queue.o
      3104        868          0          0          0       3277   rtc.o
        36          8        304          0       1536        804   startup_stm32f10x_hd.o
       426         16          0          0          0       7824   stm32f10x_adc.o
        72         10          0          0          0       2720   stm32f10x_bkp.o
        84          0          0          0          0       2821   stm32f10x_dma.o
        52         12          0          0          0       1092   stm32f10x_exti.o
       282          6          0          0          0       1865   stm32f10x_fsmc.o
       304          0          0          0          0       3668   stm32f10x_gpio.o
        20          0          0          0          0     289073   stm32f10x_it.o
        12          6          0          0          0        490   stm32f10x_pwr.o
       484         70          0         20          0       8153   stm32f10x_rcc.o
       280         60          0          0          0       4984   stm32f10x_rtc.o
        84          0          0          0          0       2181   stm32f10x_spi.o
        40          0          0          0          0       1802   stm32f10x_tim.o
       472          6          0          0          0       6743   stm32f10x_usart.o
      1160        124          0         10         14       4520   su_03t.o
       328         28          0          0          0       2009   system_stm32f10x.o
      2390        382          0         60        300      27716   tasks.o
      1082        114          0         20         40      13583   timers.o
       878         62          0         12        100       5720   usart.o

    ----------------------------------------------------------------------
     44634       4338       7928        720      25808     555822   Object Totals
         0          0         32          0          0          0   (incl. Generated)
        52          0          5          0          4          0   (incl. Padding)

    ----------------------------------------------------------------------

      Code (inc. data)   RO Data    RW Data    ZI Data      Debug   Library Member Name

        42          0          0          0          0         84   atof.o
        28          0          0          0          0         80   strtod.o
        86          0          0          0          0          0   __dczerorl2.o
        28          0          0          0          0         68   _chval.o
       812          4          0          0          0        112   _scanf.o
       332          0          0          0          0         96   _scanf_int.o
       342          0          0          0          0        100   _scanf_longlong.o
       224          0          0          0          0         96   _scanf_str.o
        64          0          0          0          0         84   _sgetc.o
       158          0          0          0          0         92   _strtoul.o
        26          0          0          0          0         80   atoi.o
         8          4        133          0          0         68   ctype_o.o
         0          0          0          0          0          0   entry.o
         0          0          0          0          0          0   entry10a.o
         0          0          0          0          0          0   entry11a.o
         8          4          0          0          0          0   entry2.o
         4          0          0          0          0          0   entry5.o
         0          0          0          0          0          0   entry7b.o
         0          0          0          0          0          0   entry8b.o
         8          4          0          0          0          0   entry9a.o
        32         16          0          4          0        204   errno.o
        30          0          0          0          0          0   handlers.o
        36          8          0          0          0         68   init.o
        18          0          0          0          0         76   isspace_o.o
         0          0          0          0          0          0   iusefp.o
        30          0          0          0          0         68   llshl.o
        36          0          0          0          0         68   llsshr.o
        32          0          0          0          0         68   llushr.o
       140          6         12          0          0         76   localtime_i.o
        12          6          0          0         44         68   localtime_w.o
       360         30          0          0          0        356   mallocr.o
        40          0          0          0          0         76   memcpy.o
        36          0          0          0          0        108   memseta.o
         0          0          0          8          0          0   mvars.o
      2308         96          0          0          0        604   printfa.o
        40          8          0          0          0         84   scanf_char.o
       878         12          0          0          0        216   scanf_fp.o
        56          8          0          0          0         84   sscanf.o
         0          0          0          4          0          0   stdout.o
        28          0          0          0          0         76   strcmp.o
        18          0          0          0          0         68   strcpy.o
        14          0          0          0          0         68   strlen.o
        30          0          0          0          0         80   strncmp.o
        24          0          0          0          0         76   strncpy.o
        36          0          0          0          0         80   strstr.o
       156         12          0          0          0        120   strtod.o
       112          0          0          0          0         88   strtol.o
        12          0          0          0          0         68   tolower.o
        44          0          0          0          0         80   uidiv.o
        98          0          0          0          0         92   uldiv.o
        48          0          0          0          0         68   cdcmple.o
        48          0          0          0          0         68   cdrcmple.o
        20          0          0          0          0         68   cfrcmple.o
        56          0          0          0          0         88   d2f.o
       334          0          0          0          0        148   dadd.o
       222          0          0          0          0        100   ddiv.o
       186          0          0          0          0        176   depilogue.o
        62          0          0          0          0         80   dfixi.o
        50          0          0          0          0         76   dfixui.o
        48          0          0          0          0         68   dfixul.o
        34          0          0          0          0         76   dflti.o
        26          0          0          0          0         76   dfltui.o
        24          0          0          0          0         76   dfltul.o
       228          0          0          0          0         96   dmul.o
        38          0          0          0          0         68   f2d.o
       124          0          0          0          0         88   fdiv.o
       110          0          0          0          0        168   fepilogue.o
        40          0          0          0          0         68   ffixui.o
        10          0          0          0          0         68   ffltui.o
       100          0          0          0          0         76   fmul.o

    ----------------------------------------------------------------------
      8646        218        148         16         48       5880   Library Totals
        12          0          3          0          4          0   (incl. Padding)

    ----------------------------------------------------------------------

      Code (inc. data)   RO Data    RW Data    ZI Data      Debug   Library Name

        70          0          0          0          0        164   m_ws.l
      6756        218        145         16         44       3916   mc_w.l
      1808          0          0          0          0       1800   mf_w.l

    ----------------------------------------------------------------------
      8646        218        148         16         48       5880   Library Totals

    ----------------------------------------------------------------------

==============================================================================


      Code (inc. data)   RO Data    RW Data    ZI Data      Debug   

     53280       4556       8076        736      25856     544670   Grand Totals
     53280       4556       8076        452      25856     544670   ELF Image Totals (compressed)
     53280       4556       8076        452          0          0   ROM Totals

==============================================================================

    Total RO  Size (Code + RO Data)                61356 (  59.92kB)
    Total RW  Size (RW Data + ZI Data)             26592 (  25.97kB)
    Total ROM Size (Code + RO Data + RW Data)      61808 (  60.36kB)

==============================================================================

