Component: ARM Compiler 5.06 update 6 (build 750) Tool: armlink [4d35ed]

==============================================================================

Section Cross References

    system_stm32f10x.o(i.SetSysClock) refers to system_stm32f10x.o(i.SetSysClockTo72) for SetSysClockTo72
    system_stm32f10x.o(i.SystemCoreClockUpdate) refers to system_stm32f10x.o(.data) for SystemCoreClock
    system_stm32f10x.o(i.SystemInit) refers to system_stm32f10x.o(i.SetSysClock) for SetSysClock
    main.o(i.main) refers to delay.o(i.sys_tick_init) for sys_tick_init
    main.o(i.main) refers to pwm.o(i.pwm_tim3_init) for pwm_tim3_init
    main.o(i.main) refers to pwm.o(i.pwm_tim1_init) for pwm_tim1_init
    main.o(i.main) refers to usart.o(i.usart_init) for usart_init
    main.o(i.main) refers to bsp_lcd.o(i.LCD_Init) for LCD_Init
    main.o(i.main) refers to bsp_lcd.o(i.LCD_Clear) for LCD_Clear
    main.o(i.main) refers to led.o(i.led_init) for led_init
    main.o(i.main) refers to led.o(i.RGB_init) for RGB_init
    main.o(i.main) refers to kqm.o(i.kqm_init) for kqm_init
    main.o(i.main) refers to su_03t.o(i.su_o3t_init) for su_o3t_init
    main.o(i.main) refers to buzzer.o(i.buzzer_init) for buzzer_init
    main.o(i.main) refers to dht11.o(i.dth11_init) for dth11_init
    main.o(i.main) refers to adc.o(i.ADC1_DMA_init) for ADC1_DMA_init
    main.o(i.main) refers to rtc.o(i.rtc_init) for rtc_init
    main.o(i.main) refers to my_spi_flash.o(i.sFLASH_Init) for sFLASH_Init
    main.o(i.main) refers to usart.o(i.usart_send_string) for usart_send_string
    main.o(i.main) refers to my_lcd.o(i.show_index2LCD) for show_index2LCD
    main.o(i.main) refers to my_spi_flash.o(i.sFLASH_ReadBuffer) for sFLASH_ReadBuffer
    main.o(i.main) refers to printfa.o(i.__0printf) for __2printf
    startup_stm32f10x_hd.o(RESET) refers to startup_stm32f10x_hd.o(STACK) for __initial_sp
    startup_stm32f10x_hd.o(RESET) refers to startup_stm32f10x_hd.o(.text) for Reset_Handler
    startup_stm32f10x_hd.o(RESET) refers to stm32f10x_it.o(i.NMI_Handler) for NMI_Handler
    startup_stm32f10x_hd.o(RESET) refers to stm32f10x_it.o(i.HardFault_Handler) for HardFault_Handler
    startup_stm32f10x_hd.o(RESET) refers to stm32f10x_it.o(i.MemManage_Handler) for MemManage_Handler
    startup_stm32f10x_hd.o(RESET) refers to stm32f10x_it.o(i.BusFault_Handler) for BusFault_Handler
    startup_stm32f10x_hd.o(RESET) refers to stm32f10x_it.o(i.UsageFault_Handler) for UsageFault_Handler
    startup_stm32f10x_hd.o(RESET) refers to stm32f10x_it.o(i.SVC_Handler) for SVC_Handler
    startup_stm32f10x_hd.o(RESET) refers to stm32f10x_it.o(i.DebugMon_Handler) for DebugMon_Handler
    startup_stm32f10x_hd.o(RESET) refers to stm32f10x_it.o(i.PendSV_Handler) for PendSV_Handler
    startup_stm32f10x_hd.o(RESET) refers to delay.o(i.SysTick_Handler) for SysTick_Handler
    startup_stm32f10x_hd.o(RESET) refers to interrupt.o(i.RTC_IRQHandler) for RTC_IRQHandler
    startup_stm32f10x_hd.o(RESET) refers to interrupt.o(i.EXTI0_IRQHandler) for EXTI0_IRQHandler
    startup_stm32f10x_hd.o(RESET) refers to interrupt.o(i.EXTI4_IRQHandler) for EXTI4_IRQHandler
    startup_stm32f10x_hd.o(RESET) refers to interrupt.o(i.EXTI9_5_IRQHandler) for EXTI9_5_IRQHandler
    startup_stm32f10x_hd.o(RESET) refers to interrupt.o(i.TIM2_IRQHandler) for TIM2_IRQHandler
    startup_stm32f10x_hd.o(RESET) refers to usart.o(i.USART1_IRQHandler) for USART1_IRQHandler
    startup_stm32f10x_hd.o(RESET) refers to kqm.o(i.USART2_IRQHandler) for USART2_IRQHandler
    startup_stm32f10x_hd.o(RESET) refers to su_03t.o(i.UART4_IRQHandler) for UART4_IRQHandler
    startup_stm32f10x_hd.o(.text) refers to system_stm32f10x.o(i.SystemInit) for SystemInit
    startup_stm32f10x_hd.o(.text) refers to entry.o(.ARM.Collect$$$$00000000) for __main
    key.o(i.key1_interrupt_init) refers to stm32f10x_rcc.o(i.RCC_APB2PeriphClockCmd) for RCC_APB2PeriphClockCmd
    key.o(i.key1_interrupt_init) refers to stm32f10x_gpio.o(i.GPIO_EXTILineConfig) for GPIO_EXTILineConfig
    key.o(i.key1_interrupt_init) refers to stm32f10x_exti.o(i.EXTI_Init) for EXTI_Init
    key.o(i.key1_interrupt_init) refers to misc.o(i.NVIC_PriorityGroupConfig) for NVIC_PriorityGroupConfig
    key.o(i.key1_interrupt_init) refers to misc.o(i.NVIC_Init) for NVIC_Init
    key.o(i.key2_interrupt_init) refers to stm32f10x_rcc.o(i.RCC_APB2PeriphClockCmd) for RCC_APB2PeriphClockCmd
    key.o(i.key2_interrupt_init) refers to stm32f10x_gpio.o(i.GPIO_EXTILineConfig) for GPIO_EXTILineConfig
    key.o(i.key2_interrupt_init) refers to stm32f10x_exti.o(i.EXTI_Init) for EXTI_Init
    key.o(i.key2_interrupt_init) refers to misc.o(i.NVIC_PriorityGroupConfig) for NVIC_PriorityGroupConfig
    key.o(i.key2_interrupt_init) refers to misc.o(i.NVIC_Init) for NVIC_Init
    key.o(i.key3_interrupt_init) refers to stm32f10x_rcc.o(i.RCC_APB2PeriphClockCmd) for RCC_APB2PeriphClockCmd
    key.o(i.key3_interrupt_init) refers to stm32f10x_gpio.o(i.GPIO_EXTILineConfig) for GPIO_EXTILineConfig
[...]
    ..\\lib\\src\\stm32f10x_dbgmcu.c         0x00000000   Number         0  stm32f10x_dbgmcu.o ABSOLUTE
    ..\\lib\\src\\stm32f10x_dma.c            0x00000000   Number         0  stm32f10x_dma.o ABSOLUTE
    ..\\lib\\src\\stm32f10x_exti.c           0x00000000   Number         0  stm32f10x_exti.o ABSOLUTE
    ..\\lib\\src\\stm32f10x_flash.c          0x00000000   Number         0  stm32f10x_flash.o ABSOLUTE
    ..\\lib\\src\\stm32f10x_fsmc.c           0x00000000   Number         0  stm32f10x_fsmc.o ABSOLUTE
    ..\\lib\\src\\stm32f10x_gpio.c           0x00000000   Number         0  stm32f10x_gpio.o ABSOLUTE
    ..\\lib\\src\\stm32f10x_i2c.c            0x00000000   Number         0  stm32f10x_i2c.o ABSOLUTE
    ..\\lib\\src\\stm32f10x_iwdg.c           0x00000000   Number         0  stm32f10x_iwdg.o ABSOLUTE
    ..\\lib\\src\\stm32f10x_pwr.c            0x00000000   Number         0  stm32f10x_pwr.o ABSOLUTE
    ..\\lib\\src\\stm32f10x_rcc.c            0x00000000   Number         0  stm32f10x_rcc.o ABSOLUTE
    ..\\lib\\src\\stm32f10x_rtc.c            0x00000000   Number         0  stm32f10x_rtc.o ABSOLUTE
    ..\\lib\\src\\stm32f10x_sdio.c           0x00000000   Number         0  stm32f10x_sdio.o ABSOLUTE
    ..\\lib\\src\\stm32f10x_spi.c            0x00000000   Number         0  stm32f10x_spi.o ABSOLUTE
    ..\\lib\\src\\stm32f10x_tim.c            0x00000000   Number         0  stm32f10x_tim.o ABSOLUTE
    ..\\lib\\src\\stm32f10x_usart.c          0x00000000   Number         0  stm32f10x_usart.o ABSOLUTE
    ..\\lib\\src\\stm32f10x_wwdg.c           0x00000000   Number         0  stm32f10x_wwdg.o ABSOLUTE
    ..\\user\\api\\ADC.c                     0x00000000   Number         0  adc.o ABSOLUTE
    ..\\user\\api\\bsp_lcd.c                 0x00000000   Number         0  bsp_lcd.o ABSOLUTE
    ..\\user\\api\\buzzer.c                  0x00000000   Number         0  buzzer.o ABSOLUTE
    ..\\user\\api\\dht11.c                   0x00000000   Number         0  dht11.o ABSOLUTE
    ..\\user\\api\\interrupt.c               0x00000000   Number         0  interrupt.o ABSOLUTE
    ..\\user\\api\\key.c                     0x00000000   Number         0  key.o ABSOLUTE
    ..\\user\\api\\kqm.c                     0x00000000   Number         0  kqm.o ABSOLUTE
    ..\\user\\api\\led.c                     0x00000000   Number         0  led.o ABSOLUTE
    ..\\user\\api\\my_lcd.c                  0x00000000   Number         0  my_lcd.o ABSOLUTE
    ..\\user\\api\\my_spi_flash.c            0x00000000   Number         0  my_spi_flash.o ABSOLUTE
    ..\\user\\api\\myi2c.c                   0x00000000   Number         0  myi2c.o ABSOLUTE
    ..\\user\\api\\pwm.c                     0x00000000   Number         0  pwm.o ABSOLUTE
    ..\\user\\api\\su_03t.c                  0x00000000   Number         0  su_03t.o ABSOLUTE
    ..\\user\\api\\usart.c                   0x00000000   Number         0  usart.o ABSOLUTE
    ..\\user\\main.c                         0x00000000   Number         0  main.o ABSOLUTE
    ..\\user\\stm32f10x_it.c                 0x00000000   Number         0  stm32f10x_it.o ABSOLUTE
    ..\\user\\system_stm32f10x.c             0x00000000   Number         0  system_stm32f10x.o ABSOLUTE
    ..\lib\src\misc.c                        0x00000000   Number         0  misc.o ABSOLUTE
    ..\lib\src\stm32f10x_adc.c               0x00000000   Number         0  stm32f10x_adc.o ABSOLUTE
    ..\lib\src\stm32f10x_bkp.c               0x00000000   Number         0  stm32f10x_bkp.o ABSOLUTE
    ..\lib\src\stm32f10x_can.c               0x00000000   Number         0  stm32f10x_can.o ABSOLUTE
    ..\lib\src\stm32f10x_cec.c               0x00000000   Number         0  stm32f10x_cec.o ABSOLUTE
    ..\lib\src\stm32f10x_crc.c               0x00000000   Number         0  stm32f10x_crc.o ABSOLUTE
    ..\lib\src\stm32f10x_dac.c               0x00000000   Number         0  stm32f10x_dac.o ABSOLUTE
    ..\lib\src\stm32f10x_dbgmcu.c            0x00000000   Number         0  stm32f10x_dbgmcu.o ABSOLUTE
    ..\lib\src\stm32f10x_dma.c               0x00000000   Number         0  stm32f10x_dma.o ABSOLUTE
    ..\lib\src\stm32f10x_exti.c              0x00000000   Number         0  stm32f10x_exti.o ABSOLUTE
    ..\lib\src\stm32f10x_flash.c             0x00000000   Number         0  stm32f10x_flash.o ABSOLUTE
    ..\lib\src\stm32f10x_fsmc.c              0x00000000   Number         0  stm32f10x_fsmc.o ABSOLUTE
    ..\lib\src\stm32f10x_gpio.c              0x00000000   Number         0  stm32f10x_gpio.o ABSOLUTE
    ..\lib\src\stm32f10x_i2c.c               0x00000000   Number         0  stm32f10x_i2c.o ABSOLUTE
    ..\lib\src\stm32f10x_iwdg.c              0x00000000   Number         0  stm32f10x_iwdg.o ABSOLUTE
    ..\lib\src\stm32f10x_pwr.c               0x00000000   Number         0  stm32f10x_pwr.o ABSOLUTE
    ..\lib\src\stm32f10x_rcc.c               0x00000000   Number         0  stm32f10x_rcc.o ABSOLUTE
    ..\lib\src\stm32f10x_rtc.c               0x00000000   Number         0  stm32f10x_rtc.o ABSOLUTE
    ..\lib\src\stm32f10x_sdio.c              0x00000000   Number         0  stm32f10x_sdio.o ABSOLUTE
    ..\lib\src\stm32f10x_spi.c               0x00000000   Number         0  stm32f10x_spi.o ABSOLUTE
    ..\lib\src\stm32f10x_tim.c               0x00000000   Number         0  stm32f10x_tim.o ABSOLUTE
    ..\lib\src\stm32f10x_usart.c             0x00000000   Number         0  stm32f10x_usart.o ABSOLUTE
    ..\lib\src\stm32f10x_wwdg.c              0x00000000   Number         0  stm32f10x_wwdg.o ABSOLUTE
    ..\startup\startup_stm32f10x_hd.s        0x00000000   Number         0  startup_stm32f10x_hd.o ABSOLUTE
    ..\user\api\ADC.c                        0x00000000   Number         0  adc.o ABSOLUTE
    ..\user\api\bsp_lcd.c                    0x00000000   Number         0  bsp_lcd.o ABSOLUTE
    ..\user\api\buzzer.c                     0x00000000   Number         0  buzzer.o ABSOLUTE
    ..\user\api\dht11.c                      0x00000000   Number         0  dht11.o ABSOLUTE
    ..\user\api\interrupt.c                  0x00000000   Number         0  interrupt.o ABSOLUTE
    ..\user\api\key.c                        0x00000000   Number         0  key.o ABSOLUTE
    ..\user\api\kqm.c                        0x00000000   Number         0  kqm.o ABSOLUTE
    ..\user\api\led.c                        0x00000000   Number         0  led.o ABSOLUTE
    ..\user\api\my_lcd.c                     0x00000000   Number         0  my_lcd.o ABSOLUTE
    ..\user\api\my_spi_flash.c               0x00000000   Number         0  my_spi_flash.o ABSOLUTE
    ..\user\api\myi2c.c                      0x00000000   Number         0  myi2c.o ABSOLUTE
    ..\user\api\photos1.c                    0x00000000   Number         0  photos1.o ABSOLUTE
    ..\user\api\photos2.c                    0x00000000   Number         0  photos2.o ABSOLUTE
    ..\user\api\pwm.c                        0x00000000   Number         0  pwm.o ABSOLUTE
    ..\user\api\su_03t.c                     0x00000000   Number         0  su_03t.o ABSOLUTE
    ..\user\api\usart.c                      0x00000000   Number         0  usart.o ABSOLUTE
    ..\user\main.c                           0x00000000   Number         0  main.o ABSOLUTE
    ..\user\photos\1.c                       0x00000000   Number         0  1.o ABSOLUTE
    ..\user\photos\10.c                      0x00000000   Number         0  10.o ABSOLUTE
    ..\user\photos\11.c                      0x00000000   Number         0  11.o ABSOLUTE
    ..\user\photos\12.c                      0x00000000   Number         0  12.o ABSOLUTE
    ..\user\photos\2.c                       0x00000000   Number         0  2.o ABSOLUTE
    ..\user\photos\3.c                       0x00000000   Number         0  3.o ABSOLUTE
    ..\user\photos\4.c                       0x00000000   Number         0  4.o ABSOLUTE
    ..\user\photos\5.c                       0x00000000   Number         0  5.o ABSOLUTE
    ..\user\photos\6.c                       0x00000000   Number         0  6.o ABSOLUTE
    ..\user\photos\7.c                       0x00000000   Number         0  7.o ABSOLUTE
    ..\user\photos\8.c                       0x00000000   Number         0  8.o ABSOLUTE
    ..\user\photos\9.c                       0x00000000   Number         0  9.o ABSOLUTE
    ..\user\stm32f10x_it.c                   0x00000000   Number         0  stm32f10x_it.o ABSOLUTE
    ..\user\system_stm32f10x.c               0x00000000   Number         0  system_stm32f10x.o ABSOLUTE
    cdcmple.s                                0x00000000   Number         0  cdcmple.o ABSOLUTE
    cdrcmple.s                               0x00000000   Number         0  cdrcmple.o ABSOLUTE
    cfrcmple.s                               0x00000000   Number         0  cfrcmple.o ABSOLUTE
    dc.s                                     0x00000000   Number         0  dc.o ABSOLUTE
    handlers.s                               0x00000000   Number         0  handlers.o ABSOLUTE
    init.s                                   0x00000000   Number         0  init.o ABSOLUTE
    RESET                                    0x08000000   Section      304  startup_stm32f10x_hd.o(RESET)
    .ARM.Collect$$$$00000000                 0x08000130   Section        0  entry.o(.ARM.Collect$$$$00000000)
    .ARM.Collect$$$$00000001                 0x08000130   Section        4  entry2.o(.ARM.Collect$$$$00000001)
    .ARM.Collect$$$$00000004                 0x08000134   Section        4  entry5.o(.ARM.Collect$$$$00000004)
    .ARM.Collect$$$$00000008                 0x08000138   Section        0  entry7b.o(.ARM.Collect$$$$00000008)
    .ARM.Collect$$$$0000000A                 0x08000138   Section        0  entry8b.o(.ARM.Collect$$$$0000000A)
    .ARM.Collect$$$$0000000B                 0x08000138   Section        8  entry9a.o(.ARM.Collect$$$$0000000B)
    .ARM.Collect$$$$0000000D                 0x08000140   Section        0  entry10a.o(.ARM.Collect$$$$0000000D)
    .ARM.Collect$$$$0000000F                 0x08000140   Section        0  entry11a.o(.ARM.Collect$$$$0000000F)
    .ARM.Collect$$$$00002712                 0x08000140   Section        4  entry2.o(.ARM.Collect$$$$00002712)
    __lit__00000000                          0x08000140   Data           4  entry2.o(.ARM.Collect$$$$00002712)
    .text                                    0x08000144   Section       36  startup_stm32f10x_hd.o(.text)
    .text                                    0x08000168   Section        0  mktime.o(.text)
    .text                                    0x08000210   Section        0  memcpya.o(.text)
    .text                                    0x08000234   Section        0  dadd.o(.text)
    .text                                    0x08000382   Section        0  dmul.o(.text)
    .text                                    0x08000466   Section        0  ddiv.o(.text)
    .text                                    0x08000544   Section        0  dfltui.o(.text)
    .text                                    0x0800055e   Section        0  dfixui.o(.text)
    .text                                    0x08000590   Section       48  cdrcmple.o(.text)
    .text                                    0x080005c0   Section        0  uidiv.o(.text)
    .text                                    0x080005ec   Section        0  uldiv.o(.text)
    .text                                    0x0800064e   Section        0  llshl.o(.text)
    .text                                    0x0800066c   Section        0  llushr.o(.text)
    .text                                    0x0800068c   Section        0  llsshr.o(.text)
    .text                                    0x080006b0   Section        0  localtime_i.o(.text)
    .text                                    0x0800073c   Section        0  depilogue.o(.text)
    .text                                    0x0800073c   Section        0  iusefp.o(.text)
    .text                                    0x080007f6   Section        0  dfixul.o(.text)
    .text                                    0x08000828   Section       36  init.o(.text)
    .text                                    0x0800084c   Section        0  __dczerorl2.o(.text)
    i.ADC1_DMA_init                          0x080008a4   Section        0  adc.o(i.ADC1_DMA_init)
    i.ADC_Cmd                                0x080009e8   Section        0  stm32f10x_adc.o(i.ADC_Cmd)
    i.ADC_DMACmd                             0x080009fe   Section        0  stm32f10x_adc.o(i.ADC_DMACmd)
    i.ADC_GetCalibrationStatus               0x08000a14   Section        0  stm32f10x_adc.o(i.ADC_GetCalibrationStatus)
    i.ADC_GetResetCalibrationStatus          0x08000a28   Section        0  stm32f10x_adc.o(i.ADC_GetResetCalibrationStatus)
    i.ADC_Init                               0x08000a3c   Section        0  stm32f10x_adc.o(i.ADC_Init)
    i.ADC_RegularChannelConfig               0x08000a8c   Section        0  stm32f10x_adc.o(i.ADC_RegularChannelConfig)
    i.ADC_ResetCalibration                   0x08000b44   Section        0  stm32f10x_adc.o(i.ADC_ResetCalibration)
    i.ADC_SoftwareStartConvCmd               0x08000b4e   Section        0  stm32f10x_adc.o(i.ADC_SoftwareStartConvCmd)
    i.ADC_StartCalibration                   0x08000b64   Section        0  stm32f10x_adc.o(i.ADC_StartCalibration)
    i.ADC_TempSensorVrefintCmd               0x08000b70   Section        0  stm32f10x_adc.o(i.ADC_TempSensorVrefintCmd)
    i.BKP_DeInit                             0x08000b94   Section        0  stm32f10x_bkp.o(i.BKP_DeInit)
    i.BKP_ReadBackupRegister                 0x08000ba4   Section        0  stm32f10x_bkp.o(i.BKP_ReadBackupRegister)
    i.BKP_WriteBackupRegister                0x08000bc0   Section        0  stm32f10x_bkp.o(i.BKP_WriteBackupRegister)
    i.BusFault_Handler                       0x08000bdc   Section        0  stm32f10x_it.o(i.BusFault_Handler)
    i.DMA_Cmd                                0x08000be0   Section        0  stm32f10x_dma.o(i.DMA_Cmd)
    i.DMA_Init                               0x08000bf8   Section        0  stm32f10x_dma.o(i.DMA_Init)
    i.DebugMon_Handler                       0x08000c34   Section        0  stm32f10x_it.o(i.DebugMon_Handler)
    i.Delay_ms                               0x08000c38   Section        0  delay.o(i.Delay_ms)
    i.Delay_us                               0x08000c5c   Section        0  delay.o(i.Delay_us)
    i.EXTI0_IRQHandler                       0x08000c70   Section        0  interrupt.o(i.EXTI0_IRQHandler)
    i.EXTI4_IRQHandler                       0x08000cb4   Section        0  interrupt.o(i.EXTI4_IRQHandler)
    i.EXTI9_5_IRQHandler                     0x08000ce8   Section        0  interrupt.o(i.EXTI9_5_IRQHandler)
    i.EXTI_ClearITPendingBit                 0x08000d58   Section        0  stm32f10x_exti.o(i.EXTI_ClearITPendingBit)
    i.EXTI_GetITStatus                       0x08000d64   Section        0  stm32f10x_exti.o(i.EXTI_GetITStatus)
    i.FSMC_NORSRAMCmd                        0x08000d8c   Section        0  stm32f10x_fsmc.o(i.FSMC_NORSRAMCmd)
    i.FSMC_NORSRAMInit                       0x08000dc0   Section        0  stm32f10x_fsmc.o(i.FSMC_NORSRAMInit)
    i.GPIO_Init                              0x08000ea6   Section        0  stm32f10x_gpio.o(i.GPIO_Init)
    i.GPIO_ResetBits                         0x08000fbc   Section        0  stm32f10x_gpio.o(i.GPIO_ResetBits)
    i.GPIO_SetBits                           0x08000fc0   Section        0  stm32f10x_gpio.o(i.GPIO_SetBits)
    i.HardFault_Handler                      0x08000fc4   Section        0  stm32f10x_it.o(i.HardFault_Handler)
    i.LCD_Clear                              0x08000fc8   Section        0  bsp_lcd.o(i.LCD_Clear)
    i.LCD_Config                             0x08001034   Section        0  bsp_lcd.o(i.LCD_Config)
    i.LCD_Display_Dir                        0x080044b4   Section        0  bsp_lcd.o(i.LCD_Display_Dir)
    i.LCD_DrawPoint                          0x08004674   Section        0  bsp_lcd.o(i.LCD_DrawPoint)
    i.LCD_FSMCConfig                         0x08004698   Section        0  bsp_lcd.o(i.LCD_FSMCConfig)
    i.LCD_GPIOConfig                         0x08004714   Section        0  bsp_lcd.o(i.LCD_GPIOConfig)
    i.LCD_Init                               0x080047a0   Section        0  bsp_lcd.o(i.LCD_Init)
    i.LCD_RD_DATA                            0x080047d4   Section        0  bsp_lcd.o(i.LCD_RD_DATA)
    i.LCD_ReadID                             0x080047e8   Section        0  bsp_lcd.o(i.LCD_ReadID)
    i.LCD_ReadReg                            0x080049c0   Section        0  bsp_lcd.o(i.LCD_ReadReg)
    i.LCD_SSD_BackLightSet                   0x080049d8   Section        0  bsp_lcd.o(i.LCD_SSD_BackLightSet)
    i.LCD_Scan_Dir                           0x08004a2c   Section        0  bsp_lcd.o(i.LCD_Scan_Dir)
    i.LCD_SetCursor                          0x08004d18   Section        0  bsp_lcd.o(i.LCD_SetCursor)
    i.LCD_WR_DATA                            0x08004ec0   Section        0  bsp_lcd.o(i.LCD_WR_DATA)
    i.LCD_WR_REG                             0x08004ecc   Section        0  bsp_lcd.o(i.LCD_WR_REG)
    i.LCD_WriteRAM_Prepare                   0x08004ed8   Section        0  bsp_lcd.o(i.LCD_WriteRAM_Prepare)
    i.LCD_WriteReg                           0x08004eec   Section        0  bsp_lcd.o(i.LCD_WriteReg)
    i.MemManage_Handler                      0x08004efc   Section        0  stm32f10x_it.o(i.MemManage_Handler)
    i.NMI_Handler                            0x08004f00   Section        0  stm32f10x_it.o(i.NMI_Handler)
    i.NVIC_Configuration                     0x08004f02   Section        0  rtc.o(i.NVIC_Configuration)
    i.NVIC_Init                              0x08004f2c   Section        0  misc.o(i.NVIC_Init)
    i.NVIC_PriorityGroupConfig               0x08004f9c   Section        0  misc.o(i.NVIC_PriorityGroupConfig)
    i.PWR_BackupAccessCmd                    0x08004fb0   Section        0  stm32f10x_pwr.o(i.PWR_BackupAccessCmd)
    i.PendSV_Handler                         0x08004fbc   Section        0  stm32f10x_it.o(i.PendSV_Handler)
    i.RCC_ADCCLKConfig                       0x08004fc0   Section        0  stm32f10x_rcc.o(i.RCC_ADCCLKConfig)
    i.RCC_AHBPeriphClockCmd                  0x08004fd8   Section        0  stm32f10x_rcc.o(i.RCC_AHBPeriphClockCmd)
    i.RCC_APB1PeriphClockCmd                 0x08004ff8   Section        0  stm32f10x_rcc.o(i.RCC_APB1PeriphClockCmd)
    i.RCC_APB2PeriphClockCmd                 0x08005018   Section        0  stm32f10x_rcc.o(i.RCC_APB2PeriphClockCmd)
    i.RCC_BackupResetCmd                     0x08005038   Section        0  stm32f10x_rcc.o(i.RCC_BackupResetCmd)
    i.RCC_GetClocksFreq                      0x08005044   Section        0  stm32f10x_rcc.o(i.RCC_GetClocksFreq)
    i.RCC_GetFlagStatus                      0x08005118   Section        0  stm32f10x_rcc.o(i.RCC_GetFlagStatus)
    i.RCC_LSEConfig                          0x08005154   Section        0  stm32f10x_rcc.o(i.RCC_LSEConfig)
    i.RCC_RTCCLKCmd                          0x08005188   Section        0  stm32f10x_rcc.o(i.RCC_RTCCLKCmd)
    i.RCC_RTCCLKConfig                       0x08005194   Section        0  stm32f10x_rcc.o(i.RCC_RTCCLKConfig)
    i.RGB_disable                            0x080051a4   Section        0  led.o(i.RGB_disable)
    i.RGB_enable                             0x080051bc   Section        0  led.o(i.RGB_enable)
    i.RGB_init                               0x080051d4   Section        0  led.o(i.RGB_init)
    i.RTC_ClearITPendingBit                  0x0800522c   Section        0  stm32f10x_rtc.o(i.RTC_ClearITPendingBit)
    i.RTC_Configuration                      0x0800523c   Section        0  rtc.o(i.RTC_Configuration)
    i.RTC_EnterConfigMode                    0x08005294   Section        0  stm32f10x_rtc.o(i.RTC_EnterConfigMode)
    i.RTC_ExitConfigMode                     0x080052a8   Section        0  stm32f10x_rtc.o(i.RTC_ExitConfigMode)
    i.RTC_GetITStatus                        0x080052bc   Section        0  stm32f10x_rtc.o(i.RTC_GetITStatus)
    i.RTC_IRQHandler                         0x080052e0   Section        0  interrupt.o(i.RTC_IRQHandler)
    i.RTC_ITConfig                           0x08005300   Section        0  stm32f10x_rtc.o(i.RTC_ITConfig)
    i.RTC_SetCounter                         0x08005320   Section        0  stm32f10x_rtc.o(i.RTC_SetCounter)
    i.RTC_SetPrescaler                       0x0800533c   Section        0  stm32f10x_rtc.o(i.RTC_SetPrescaler)
    i.RTC_WaitForLastTask                    0x0800535c   Section        0  stm32f10x_rtc.o(i.RTC_WaitForLastTask)
    i.RTC_WaitForSynchro                     0x08005370   Section        0  stm32f10x_rtc.o(i.RTC_WaitForSynchro)
    i.SPI_Cmd                                0x08005394   Section        0  stm32f10x_spi.o(i.SPI_Cmd)
    i.SPI_I2S_GetFlagStatus                  0x080053ac   Section        0  stm32f10x_spi.o(i.SPI_I2S_GetFlagStatus)
    i.SPI_I2S_ReceiveData                    0x080053be   Section        0  stm32f10x_spi.o(i.SPI_I2S_ReceiveData)
    i.SPI_I2S_SendData                       0x080053c4   Section        0  stm32f10x_spi.o(i.SPI_I2S_SendData)
    i.SPI_Init                               0x080053c8   Section        0  stm32f10x_spi.o(i.SPI_Init)
    i.SVC_Handler                            0x08005404   Section        0  stm32f10x_it.o(i.SVC_Handler)
    i.SetSysClock                            0x08005406   Section        0  system_stm32f10x.o(i.SetSysClock)
    SetSysClock                              0x08005407   Thumb Code     8  system_stm32f10x.o(i.SetSysClock)
    i.SetSysClockTo72                        0x08005410   Section        0  system_stm32f10x.o(i.SetSysClockTo72)
    SetSysClockTo72                          0x08005411   Thumb Code   214  system_stm32f10x.o(i.SetSysClockTo72)
    i.SysTick_Handler                        0x080054f0   Section        0  delay.o(i.SysTick_Handler)
    i.SystemInit                             0x080055a8   Section        0  system_stm32f10x.o(i.SystemInit)
    i.TIM2_IRQHandler                        0x08005608   Section        0  interrupt.o(i.TIM2_IRQHandler)
    i.TIM_ARRPreloadConfig                   0x08005630   Section        0  stm32f10x_tim.o(i.TIM_ARRPreloadConfig)
    i.TIM_ClearITPendingBit                  0x08005648   Section        0  stm32f10x_tim.o(i.TIM_ClearITPendingBit)
    i.TIM_Cmd                                0x0800564e   Section        0  stm32f10x_tim.o(i.TIM_Cmd)
    i.TIM_CtrlPWMOutputs                     0x08005666   Section        0  stm32f10x_tim.o(i.TIM_CtrlPWMOutputs)
    i.TIM_GetITStatus                        0x08005684   Section        0  stm32f10x_tim.o(i.TIM_GetITStatus)
    i.TIM_InternalClockConfig                0x080056a6   Section        0  stm32f10x_tim.o(i.TIM_InternalClockConfig)
    i.TIM_OC1Init                            0x080056b4   Section        0  stm32f10x_tim.o(i.TIM_OC1Init)
    i.TIM_OC2Init                            0x0800574c   Section        0  stm32f10x_tim.o(i.TIM_OC2Init)
    i.TIM_OCStructInit                       0x080057f0   Section        0  stm32f10x_tim.o(i.TIM_OCStructInit)
    i.TIM_TimeBaseInit                       0x08005804   Section        0  stm32f10x_tim.o(i.TIM_TimeBaseInit)
    i.Time_Adjust                            0x080058a8   Section        0  rtc.o(i.Time_Adjust)
    i.Time_Regulate                          0x080058c0   Section        0  rtc.o(i.Time_Regulate)
    i.UART4_IRQHandler                       0x080058dc   Section        0  su_03t.o(i.UART4_IRQHandler)
    i.USART1_IRQHandler                      0x080059bc   Section        0  usart.o(i.USART1_IRQHandler)
    i.USART2_IRQHandler                      0x08005adc   Section        0  kqm.o(i.USART2_IRQHandler)
    i.USART_ClearITPendingBit                0x08005bdc   Section        0  stm32f10x_usart.o(i.USART_ClearITPendingBit)
    i.USART_Cmd                              0x08005bfa   Section        0  stm32f10x_usart.o(i.USART_Cmd)
    i.USART_GetFlagStatus                    0x08005c12   Section        0  stm32f10x_usart.o(i.USART_GetFlagStatus)
    i.USART_GetITStatus                      0x08005c2c   Section        0  stm32f10x_usart.o(i.USART_GetITStatus)
    i.USART_ITConfig                         0x08005c80   Section        0  stm32f10x_usart.o(i.USART_ITConfig)
    i.USART_Init                             0x08005ccc   Section        0  stm32f10x_usart.o(i.USART_Init)
    i.USART_ReceiveData                      0x08005da4   Section        0  stm32f10x_usart.o(i.USART_ReceiveData)
    i.USART_SendData                         0x08005dae   Section        0  stm32f10x_usart.o(i.USART_SendData)
    i.UsageFault_Handler                     0x08005db6   Section        0  stm32f10x_it.o(i.UsageFault_Handler)
    i.__0printf                              0x08005dbc   Section        0  printfa.o(i.__0printf)
    i.__scatterload_copy                     0x08005ddc   Section       14  handlers.o(i.__scatterload_copy)
    i.__scatterload_null                     0x08005dea   Section        2  handlers.o(i.__scatterload_null)
    i.__scatterload_zeroinit                 0x08005dec   Section       14  handlers.o(i.__scatterload_zeroinit)
    i._fp_digits                             0x08005dfc   Section        0  printfa.o(i._fp_digits)
    _fp_digits                               0x08005dfd   Thumb Code   366  printfa.o(i._fp_digits)
    i._printf_core                           0x08005f80   Section        0  printfa.o(i._printf_core)
    _printf_core                             0x08005f81   Thumb Code  1744  printfa.o(i._printf_core)
    i._printf_post_padding                   0x0800665c   Section        0  printfa.o(i._printf_post_padding)
    _printf_post_padding                     0x0800665d   Thumb Code    36  printfa.o(i._printf_post_padding)
    i._printf_pre_padding                    0x08006680   Section        0  printfa.o(i._printf_pre_padding)
    _printf_pre_padding                      0x08006681   Thumb Code    46  printfa.o(i._printf_pre_padding)
    i.buzzer_disable                         0x080066b0   Section        0  buzzer.o(i.buzzer_disable)
    i.buzzer_enable                          0x080066bc   Section        0  buzzer.o(i.buzzer_enable)
    i.buzzer_init                            0x080066d0   Section        0  buzzer.o(i.buzzer_init)
    i.delay_1us                              0x08006704   Section        0  delay.o(i.delay_1us)
    i.dth11_init                             0x08006798   Section        0  dht11.o(i.dth11_init)
    i.fputc                                  0x080067d0   Section        0  usart.o(i.fputc)
    i.kqm_init                               0x080067e0   Section        0  kqm.o(i.kqm_init)
    i.led_init                               0x08006884   Section        0  led.o(i.led_init)
    i.led_turn                               0x080068d8   Section        0  led.o(i.led_turn)
    i.main                                   0x080068e0   Section        0  main.o(i.main)
    i.pwm_tim1_init                          0x08006974   Section        0  pwm.o(i.pwm_tim1_init)
    i.pwm_tim3_init                          0x08006a30   Section        0  pwm.o(i.pwm_tim3_init)
    i.rtc_init                               0x08006ad4   Section        0  rtc.o(i.rtc_init)
    i.sFLASH_Init                            0x08006bd8   Section        0  my_spi_flash.o(i.sFLASH_Init)
    i.sFLASH_ReadBuffer                      0x08006c8c   Section        0  my_spi_flash.o(i.sFLASH_ReadBuffer)
    i.sFLASH_SendByte                        0x08006ce0   Section        0  my_spi_flash.o(i.sFLASH_SendByte)
    i.show_char2LCD                          0x08006d18   Section        0  bsp_lcd.o(i.show_char2LCD)
    i.show_chin2LCD                          0x08006d78   Section        0  bsp_lcd.o(i.show_chin2LCD)
    i.show_index2LCD                         0x08006dd8   Section        0  my_lcd.o(i.show_index2LCD)
    i.su_o3t_init                            0x08006eec   Section        0  su_03t.o(i.su_o3t_init)
    i.sys_tick_init                          0x08006fa4   Section        0  delay.o(i.sys_tick_init)
    i.usart_init                             0x08006ff8   Section        0  usart.o(i.usart_init)
    i.usart_send_array                       0x080070b0   Section        0  usart.o(i.usart_send_array)
    i.usart_send_string                      0x080070cc   Section        0  usart.o(i.usart_send_string)
    i.usart_sendbit                          0x080070e8   Section        0  usart.o(i.usart_sendbit)
    .constdata                               0x08007108   Section       44  rtc.o(.constdata)
    .constdata                               0x08007134   Section       12  mktime.o(.constdata)
    monlen                                   0x08007134   Data          12  mktime.o(.constdata)
    .constdata                               0x08007140   Section       12  localtime_i.o(.constdata)
    monlen                                   0x08007140   Data          12  localtime_i.o(.constdata)
    .data                                    0x20000000   Section        4  interrupt.o(.data)
    .data                                    0x20000004   Section       12  usart.o(.data)
    RXState                                  0x2000000e   Data           1  usart.o(.data)
    pRXpacket                                0x2000000f   Data           1  usart.o(.data)
    .data                                    0x20000010   Section       14  kqm.o(.data)
    RX_kqm_State                             0x2000001a   Data           1  kqm.o(.data)
    kqm_pRXpacket                            0x2000001b   Data           1  kqm.o(.data)
    sum                                      0x2000001c   Data           2  kqm.o(.data)
    .data                                    0x2000001e   Section       10  su_03t.o(.data)
    RX_su_State                              0x20000026   Data           1  su_03t.o(.data)
    su_pRXpacket                             0x20000027   Data           1  su_03t.o(.data)
    .data                                    0x20000028   Section        4  bsp_lcd.o(.data)
    .data                                    0x2000002c   Section      496  my_lcd.o(.data)
    .data                                    0x2000021c   Section       20  stm32f10x_rcc.o(.data)
    APBAHBPrescTable                         0x2000021c   Data          16  stm32f10x_rcc.o(.data)
    ADCPrescTable                            0x2000022c   Data           4  stm32f10x_rcc.o(.data)
    .data                                    0x20000230   Section      104  delay.o(.data)
    .data                                    0x20000298   Section        4  stdout.o(.data)
    .bss                                     0x2000029c   Section      100  usart.o(.bss)
    .bss                                     0x20000300   Section      152  adc.o(.bss)
    .bss                                     0x20000398   Section       14  bsp_lcd.o(.bss)
    STACK                                    0x200003a8   Section     1024  startup_stm32f10x_hd.o(STACK)

    Global Symbols

    Symbol Name                              Value     Ov Type        Size  Object(Section)

    BuildAttributes$$THM_ISAv4$P$D$K$B$S$PE$A:L22UL41UL21$X:L11$S22US41US21$IEEE1$IW$USESV6$~STKCKD$USESV7$~SHL$OTIME$ROPI$EBA8$MICROLIB$REQ8$PRES8$EABIv2 0x00000000   Number         0  anon$$obj.o ABSOLUTE
    __ARM_use_no_argv                        0x00000000   Number         0  main.o ABSOLUTE
    _printf_a                                0x00000000   Number         0  stubs.o ABSOLUTE
    _printf_c                                0x00000000   Number         0  stubs.o ABSOLUTE
    _printf_charcount                        0x00000000   Number         0  stubs.o ABSOLUTE
    _printf_d                                0x00000000   Number         0  stubs.o ABSOLUTE
    _printf_e                                0x00000000   Number         0  stubs.o ABSOLUTE
    _printf_f                                0x00000000   Number         0  stubs.o ABSOLUTE
    _printf_flags                            0x00000000   Number         0  stubs.o ABSOLUTE
    _printf_fp_dec                           0x00000000   Number         0  stubs.o ABSOLUTE
    _printf_fp_hex                           0x00000000   Number         0  stubs.o ABSOLUTE
    _printf_g                                0x00000000   Number         0  stubs.o ABSOLUTE
    _printf_i                                0x00000000   Number         0  stubs.o ABSOLUTE
    _printf_int_dec                          0x00000000   Number         0  stubs.o ABSOLUTE
    _printf_l                                0x00000000   Number         0  stubs.o ABSOLUTE
    _printf_lc                               0x00000000   Number         0  stubs.o ABSOLUTE
    _printf_ll                               0x00000000   Number         0  stubs.o ABSOLUTE
    _printf_lld                              0x00000000   Number         0  stubs.o ABSOLUTE
    _printf_lli                              0x00000000   Number         0  stubs.o ABSOLUTE
    _printf_llo                              0x00000000   Number         0  stubs.o ABSOLUTE
    _printf_llu                              0x00000000   Number         0  stubs.o ABSOLUTE
    _printf_llx                              0x00000000   Number         0  stubs.o ABSOLUTE
    _printf_longlong_dec                     0x00000000   Number         0  stubs.o ABSOLUTE
    _printf_longlong_hex                     0x00000000   Number         0  stubs.o ABSOLUTE
    _printf_longlong_oct                     0x00000000   Number         0  stubs.o ABSOLUTE
    _printf_ls                               0x00000000   Number         0  stubs.o ABSOLUTE
    _printf_mbtowc                           0x00000000   Number         0  stubs.o ABSOLUTE
    _printf_n                                0x00000000   Number         0  stubs.o ABSOLUTE
    _printf_o                                0x00000000   Number         0  stubs.o ABSOLUTE
    _printf_p                                0x00000000   Number         0  stubs.o ABSOLUTE
    _printf_percent                          0x00000000   Number         0  stubs.o ABSOLUTE
    _printf_pre_padding                      0x00000000   Number         0  stubs.o ABSOLUTE
    _printf_return_value                     0x00000000   Number         0  stubs.o ABSOLUTE
    _printf_s                                0x00000000   Number         0  stubs.o ABSOLUTE
    _printf_sizespec                         0x00000000   Number         0  stubs.o ABSOLUTE
    _printf_str                              0x00000000   Number         0  stubs.o ABSOLUTE
    _printf_truncate_signed                  0x00000000   Number         0  stubs.o ABSOLUTE
    _printf_truncate_unsigned                0x00000000   Number         0  stubs.o ABSOLUTE
    _printf_u                                0x00000000   Number         0  stubs.o ABSOLUTE
    _printf_wc                               0x00000000   Number         0  stubs.o ABSOLUTE
    _printf_wctomb                           0x00000000   Number         0  stubs.o ABSOLUTE
    _printf_widthprec                        0x00000000   Number         0  stubs.o ABSOLUTE
    _printf_x                                0x00000000   Number         0  stubs.o ABSOLUTE
    __cpp_initialize__aeabi_                  - Undefined Weak Reference
    __cxa_finalize                            - Undefined Weak Reference
    _clock_init                               - Undefined Weak Reference
    _microlib_exit                            - Undefined Weak Reference
    __Vectors_Size                           0x00000130   Number         0  startup_stm32f10x_hd.o ABSOLUTE
    __Vectors                                0x08000000   Data           4  startup_stm32f10x_hd.o(RESET)
    __Vectors_End                            0x08000130   Data           0  startup_stm32f10x_hd.o(RESET)
    __main                                   0x08000131   Thumb Code     0  entry.o(.ARM.Collect$$$$00000000)
    _main_stk                                0x08000131   Thumb Code     0  entry2.o(.ARM.Collect$$$$00000001)
    _main_scatterload                        0x08000135   Thumb Code     0  entry5.o(.ARM.Collect$$$$00000004)
    __main_after_scatterload                 0x08000139   Thumb Code     0  entry5.o(.ARM.Collect$$$$00000004)
    _main_clock                              0x08000139   Thumb Code     0  entry7b.o(.ARM.Collect$$$$00000008)
    _main_cpp_init                           0x08000139   Thumb Code     0  entry8b.o(.ARM.Collect$$$$0000000A)
    _main_init                               0x08000139   Thumb Code     0  entry9a.o(.ARM.Collect$$$$0000000B)
    __rt_final_cpp                           0x08000141   Thumb Code     0  entry10a.o(.ARM.Collect$$$$0000000D)
    __rt_final_exit                          0x08000141   Thumb Code     0  entry11a.o(.ARM.Collect$$$$0000000F)
    Reset_Handler                            0x08000145   Thumb Code     8  startup_stm32f10x_hd.o(.text)
    ADC1_2_IRQHandler                        0x0800015f   Thumb Code     0  startup_stm32f10x_hd.o(.text)
    ADC3_IRQHandler                          0x0800015f   Thumb Code     0  startup_stm32f10x_hd.o(.text)
    CAN1_RX1_IRQHandler                      0x0800015f   Thumb Code     0  startup_stm32f10x_hd.o(.text)
    CAN1_SCE_IRQHandler                      0x0800015f   Thumb Code     0  startup_stm32f10x_hd.o(.text)
    DMA1_Channel1_IRQHandler                 0x0800015f   Thumb Code     0  startup_stm32f10x_hd.o(.text)
    DMA1_Channel2_IRQHandler                 0x0800015f   Thumb Code     0  startup_stm32f10x_hd.o(.text)
    DMA1_Channel3_IRQHandler                 0x0800015f   Thumb Code     0  startup_stm32f10x_hd.o(.text)
    DMA1_Channel4_IRQHandler                 0x0800015f   Thumb Code     0  startup_stm32f10x_hd.o(.text)
    DMA1_Channel5_IRQHandler                 0x0800015f   Thumb Code     0  startup_stm32f10x_hd.o(.text)
    DMA1_Channel6_IRQHandler                 0x0800015f   Thumb Code     0  startup_stm32f10x_hd.o(.text)
    DMA1_Channel7_IRQHandler                 0x0800015f   Thumb Code     0  startup_stm32f10x_hd.o(.text)
    DMA2_Channel1_IRQHandler                 0x0800015f   Thumb Code     0  startup_stm32f10x_hd.o(.text)
    DMA2_Channel2_IRQHandler                 0x0800015f   Thumb Code     0  startup_stm32f10x_hd.o(.text)
    DMA2_Channel3_IRQHandler                 0x0800015f   Thumb Code     0  startup_stm32f10x_hd.o(.text)
    DMA2_Channel4_5_IRQHandler               0x0800015f   Thumb Code     0  startup_stm32f10x_hd.o(.text)
    EXTI15_10_IRQHandler                     0x0800015f   Thumb Code     0  startup_stm32f10x_hd.o(.text)
    EXTI1_IRQHandler                         0x0800015f   Thumb Code     0  startup_stm32f10x_hd.o(.text)
    EXTI2_IRQHandler                         0x0800015f   Thumb Code     0  startup_stm32f10x_hd.o(.text)
    EXTI3_IRQHandler                         0x0800015f   Thumb Code     0  startup_stm32f10x_hd.o(.text)
    FLASH_IRQHandler                         0x0800015f   Thumb Code     0  startup_stm32f10x_hd.o(.text)
    FSMC_IRQHandler                          0x0800015f   Thumb Code     0  startup_stm32f10x_hd.o(.text)
    I2C1_ER_IRQHandler                       0x0800015f   Thumb Code     0  startup_stm32f10x_hd.o(.text)
    I2C1_EV_IRQHandler                       0x0800015f   Thumb Code     0  startup_stm32f10x_hd.o(.text)
    I2C2_ER_IRQHandler                       0x0800015f   Thumb Code     0  startup_stm32f10x_hd.o(.text)
    I2C2_EV_IRQHandler                       0x0800015f   Thumb Code     0  startup_stm32f10x_hd.o(.text)
    PVD_IRQHandler                           0x0800015f   Thumb Code     0  startup_stm32f10x_hd.o(.text)
    RCC_IRQHandler                           0x0800015f   Thumb Code     0  startup_stm32f10x_hd.o(.text)
    RTCAlarm_IRQHandler                      0x0800015f   Thumb Code     0  startup_stm32f10x_hd.o(.text)
    SDIO_IRQHandler                          0x0800015f   Thumb Code     0  startup_stm32f10x_hd.o(.text)
    SPI1_IRQHandler                          0x0800015f   Thumb Code     0  startup_stm32f10x_hd.o(.text)
    SPI2_IRQHandler                          0x0800015f   Thumb Code     0  startup_stm32f10x_hd.o(.text)
    SPI3_IRQHandler                          0x0800015f   Thumb Code     0  startup_stm32f10x_hd.o(.text)
    TAMPER_IRQHandler                        0x0800015f   Thumb Code     0  startup_stm32f10x_hd.o(.text)
    TIM1_BRK_IRQHandler                      0x0800015f   Thumb Code     0  startup_stm32f10x_hd.o(.text)
    TIM1_CC_IRQHandler                       0x0800015f   Thumb Code     0  startup_stm32f10x_hd.o(.text)
    TIM1_TRG_COM_IRQHandler                  0x0800015f   Thumb Code     0  startup_stm32f10x_hd.o(.text)
    TIM1_UP_IRQHandler                       0x0800015f   Thumb Code     0  startup_stm32f10x_hd.o(.text)
    TIM3_IRQHandler                          0x0800015f   Thumb Code     0  startup_stm32f10x_hd.o(.text)
    TIM4_IRQHandler                          0x0800015f   Thumb Code     0  startup_stm32f10x_hd.o(.text)
    TIM5_IRQHandler                          0x0800015f   Thumb Code     0  startup_stm32f10x_hd.o(.text)
    TIM6_IRQHandler                          0x0800015f   Thumb Code     0  startup_stm32f10x_hd.o(.text)
    TIM7_IRQHandler                          0x0800015f   Thumb Code     0  startup_stm32f10x_hd.o(.text)
    TIM8_BRK_IRQHandler                      0x0800015f   Thumb Code     0  startup_stm32f10x_hd.o(.text)
    TIM8_CC_IRQHandler                       0x0800015f   Thumb Code     0  startup_stm32f10x_hd.o(.text)
    TIM8_TRG_COM_IRQHandler                  0x0800015f   Thumb Code     0  startup_stm32f10x_hd.o(.text)
    TIM8_UP_IRQHandler                       0x0800015f   Thumb Code     0  startup_stm32f10x_hd.o(.text)
    UART5_IRQHandler                         0x0800015f   Thumb Code     0  startup_stm32f10x_hd.o(.text)
    USART3_IRQHandler                        0x0800015f   Thumb Code     0  startup_stm32f10x_hd.o(.text)
    USBWakeUp_IRQHandler                     0x0800015f   Thumb Code     0  startup_stm32f10x_hd.o(.text)
    USB_HP_CAN1_TX_IRQHandler                0x0800015f   Thumb Code     0  startup_stm32f10x_hd.o(.text)
    USB_LP_CAN1_RX0_IRQHandler               0x0800015f   Thumb Code     0  startup_stm32f10x_hd.o(.text)
    WWDG_IRQHandler                          0x0800015f   Thumb Code     0  startup_stm32f10x_hd.o(.text)
    mktime                                   0x08000169   Thumb Code   150  mktime.o(.text)
    __aeabi_memcpy                           0x08000211   Thumb Code    36  memcpya.o(.text)
    __aeabi_memcpy4                          0x08000211   Thumb Code     0  memcpya.o(.text)
    __aeabi_memcpy8                          0x08000211   Thumb Code     0  memcpya.o(.text)
    __aeabi_dadd                             0x08000235   Thumb Code   322  dadd.o(.text)
    __aeabi_dsub                             0x08000377   Thumb Code     6  dadd.o(.text)
    __aeabi_drsub                            0x0800037d   Thumb Code     6  dadd.o(.text)
    __aeabi_dmul                             0x08000383   Thumb Code   228  dmul.o(.text)
    __aeabi_ddiv                             0x08000467   Thumb Code   222  ddiv.o(.text)
    __aeabi_ui2d                             0x08000545   Thumb Code    26  dfltui.o(.text)
    __aeabi_d2uiz                            0x0800055f   Thumb Code    50  dfixui.o(.text)
    __aeabi_cdrcmple                         0x08000591   Thumb Code    48  cdrcmple.o(.text)
    __aeabi_uidiv                            0x080005c1   Thumb Code     0  uidiv.o(.text)
    __aeabi_uidivmod                         0x080005c1   Thumb Code    44  uidiv.o(.text)
    __aeabi_uldivmod                         0x080005ed   Thumb Code    98  uldiv.o(.text)
    __aeabi_llsl                             0x0800064f   Thumb Code    30  llshl.o(.text)
    _ll_shift_l                              0x0800064f   Thumb Code     0  llshl.o(.text)
    __aeabi_llsr                             0x0800066d   Thumb Code    32  llushr.o(.text)
    _ll_ushift_r                             0x0800066d   Thumb Code     0  llushr.o(.text)
    __aeabi_lasr                             0x0800068d   Thumb Code    36  llsshr.o(.text)
    _ll_sshift_r                             0x0800068d   Thumb Code     0  llsshr.o(.text)
    _localtime                               0x080006b1   Thumb Code   134  localtime_i.o(.text)
    __I$use$fp                               0x0800073d   Thumb Code     0  iusefp.o(.text)
    _double_round                            0x0800073d   Thumb Code    30  depilogue.o(.text)
    _double_epilogue                         0x0800075b   Thumb Code   156  depilogue.o(.text)
    __aeabi_d2ulz                            0x080007f7   Thumb Code    48  dfixul.o(.text)
    __scatterload                            0x08000829   Thumb Code    28  init.o(.text)
    __scatterload_rt2                        0x08000829   Thumb Code     0  init.o(.text)
    __decompress                             0x0800084d   Thumb Code     0  __dczerorl2.o(.text)
    __decompress1                            0x0800084d   Thumb Code    86  __dczerorl2.o(.text)
    ADC1_DMA_init                            0x080008a5   Thumb Code   302  adc.o(i.ADC1_DMA_init)
    ADC_Cmd                                  0x080009e9   Thumb Code    22  stm32f10x_adc.o(i.ADC_Cmd)
    ADC_DMACmd                               0x080009ff   Thumb Code    22  stm32f10x_adc.o(i.ADC_DMACmd)
    ADC_GetCalibrationStatus                 0x08000a15   Thumb Code    20  stm32f10x_adc.o(i.ADC_GetCalibrationStatus)
    ADC_GetResetCalibrationStatus            0x08000a29   Thumb Code    20  stm32f10x_adc.o(i.ADC_GetResetCalibrationStatus)
    ADC_Init                                 0x08000a3d   Thumb Code    70  stm32f10x_adc.o(i.ADC_Init)
    ADC_RegularChannelConfig                 0x08000a8d   Thumb Code   184  stm32f10x_adc.o(i.ADC_RegularChannelConfig)
    ADC_ResetCalibration                     0x08000b45   Thumb Code    10  stm32f10x_adc.o(i.ADC_ResetCalibration)
    ADC_SoftwareStartConvCmd                 0x08000b4f   Thumb Code    22  stm32f10x_adc.o(i.ADC_SoftwareStartConvCmd)
    ADC_StartCalibration                     0x08000b65   Thumb Code    10  stm32f10x_adc.o(i.ADC_StartCalibration)
    ADC_TempSensorVrefintCmd                 0x08000b71   Thumb Code    30  stm32f10x_adc.o(i.ADC_TempSensorVrefintCmd)
    BKP_DeInit                               0x08000b95   Thumb Code    16  stm32f10x_bkp.o(i.BKP_DeInit)
    BKP_ReadBackupRegister                   0x08000ba5   Thumb Code    24  stm32f10x_bkp.o(i.BKP_ReadBackupRegister)
    BKP_WriteBackupRegister                  0x08000bc1   Thumb Code    22  stm32f10x_bkp.o(i.BKP_WriteBackupRegister)
    BusFault_Handler                         0x08000bdd   Thumb Code     4  stm32f10x_it.o(i.BusFault_Handler)
    DMA_Cmd                                  0x08000be1   Thumb Code    24  stm32f10x_dma.o(i.DMA_Cmd)
    DMA_Init                                 0x08000bf9   Thumb Code    60  stm32f10x_dma.o(i.DMA_Init)
    DebugMon_Handler                         0x08000c35   Thumb Code     2  stm32f10x_it.o(i.DebugMon_Handler)
    Delay_ms                                 0x08000c39   Thumb Code    32  delay.o(i.Delay_ms)
    Delay_us                                 0x08000c5d   Thumb Code    18  delay.o(i.Delay_us)
    EXTI0_IRQHandler                         0x08000c71   Thumb Code    62  interrupt.o(i.EXTI0_IRQHandler)
    EXTI4_IRQHandler                         0x08000cb5   Thumb Code    46  interrupt.o(i.EXTI4_IRQHandler)
    EXTI9_5_IRQHandler                       0x08000ce9   Thumb Code   104  interrupt.o(i.EXTI9_5_IRQHandler)
    EXTI_ClearITPendingBit                   0x08000d59   Thumb Code     6  stm32f10x_exti.o(i.EXTI_ClearITPendingBit)
    EXTI_GetITStatus                         0x08000d65   Thumb Code    34  stm32f10x_exti.o(i.EXTI_GetITStatus)
    FSMC_NORSRAMCmd                          0x08000d8d   Thumb Code    46  stm32f10x_fsmc.o(i.FSMC_NORSRAMCmd)
    FSMC_NORSRAMInit                         0x08000dc1   Thumb Code   230  stm32f10x_fsmc.o(i.FSMC_NORSRAMInit)
    GPIO_Init                                0x08000ea7   Thumb Code   278  stm32f10x_gpio.o(i.GPIO_Init)
    GPIO_ResetBits                           0x08000fbd   Thumb Code     4  stm32f10x_gpio.o(i.GPIO_ResetBits)
    GPIO_SetBits                             0x08000fc1   Thumb Code     4  stm32f10x_gpio.o(i.GPIO_SetBits)
    HardFault_Handler                        0x08000fc5   Thumb Code     4  stm32f10x_it.o(i.HardFault_Handler)
    LCD_Clear                                0x08000fc9   Thumb Code   100  bsp_lcd.o(i.LCD_Clear)
    LCD_Config                               0x08001035   Thumb Code 13436  bsp_lcd.o(i.LCD_Config)
    LCD_Display_Dir                          0x080044b5   Thumb Code   444  bsp_lcd.o(i.LCD_Display_Dir)
    LCD_DrawPoint                            0x08004675   Thumb Code    28  bsp_lcd.o(i.LCD_DrawPoint)
    LCD_FSMCConfig                           0x08004699   Thumb Code   124  bsp_lcd.o(i.LCD_FSMCConfig)
    LCD_GPIOConfig                           0x08004715   Thumb Code   124  bsp_lcd.o(i.LCD_GPIOConfig)
    LCD_Init                                 0x080047a1   Thumb Code    48  bsp_lcd.o(i.LCD_Init)
    LCD_RD_DATA                              0x080047d5   Thumb Code    14  bsp_lcd.o(i.LCD_RD_DATA)
    LCD_ReadID                               0x080047e9   Thumb Code   452  bsp_lcd.o(i.LCD_ReadID)
    LCD_ReadReg                              0x080049c1   Thumb Code    22  bsp_lcd.o(i.LCD_ReadReg)
    LCD_SSD_BackLightSet                     0x080049d9   Thumb Code    80  bsp_lcd.o(i.LCD_SSD_BackLightSet)
    LCD_Scan_Dir                             0x08004a2d   Thumb Code   744  bsp_lcd.o(i.LCD_Scan_Dir)
    LCD_SetCursor                            0x08004d19   Thumb Code   418  bsp_lcd.o(i.LCD_SetCursor)
    LCD_WR_DATA                              0x08004ec1   Thumb Code     6  bsp_lcd.o(i.LCD_WR_DATA)
    LCD_WR_REG                               0x08004ecd   Thumb Code     6  bsp_lcd.o(i.LCD_WR_REG)
    LCD_WriteRAM_Prepare                     0x08004ed9   Thumb Code    10  bsp_lcd.o(i.LCD_WriteRAM_Prepare)
    LCD_WriteReg                             0x08004eed   Thumb Code    10  bsp_lcd.o(i.LCD_WriteReg)
    MemManage_Handler                        0x08004efd   Thumb Code     4  stm32f10x_it.o(i.MemManage_Handler)
    NMI_Handler                              0x08004f01   Thumb Code     2  stm32f10x_it.o(i.NMI_Handler)
    NVIC_Configuration                       0x08004f03   Thumb Code    42  rtc.o(i.NVIC_Configuration)
    NVIC_Init                                0x08004f2d   Thumb Code   100  misc.o(i.NVIC_Init)
    NVIC_PriorityGroupConfig                 0x08004f9d   Thumb Code    10  misc.o(i.NVIC_PriorityGroupConfig)
    PWR_BackupAccessCmd                      0x08004fb1   Thumb Code     6  stm32f10x_pwr.o(i.PWR_BackupAccessCmd)
    PendSV_Handler                           0x08004fbd   Thumb Code     2  stm32f10x_it.o(i.PendSV_Handler)
    RCC_ADCCLKConfig                         0x08004fc1   Thumb Code    18  stm32f10x_rcc.o(i.RCC_ADCCLKConfig)
    RCC_AHBPeriphClockCmd                    0x08004fd9   Thumb Code    26  stm32f10x_rcc.o(i.RCC_AHBPeriphClockCmd)
    RCC_APB1PeriphClockCmd                   0x08004ff9   Thumb Code    26  stm32f10x_rcc.o(i.RCC_APB1PeriphClockCmd)
    RCC_APB2PeriphClockCmd                   0x08005019   Thumb Code    26  stm32f10x_rcc.o(i.RCC_APB2PeriphClockCmd)
    RCC_BackupResetCmd                       0x08005039   Thumb Code     6  stm32f10x_rcc.o(i.RCC_BackupResetCmd)
    RCC_GetClocksFreq                        0x08005045   Thumb Code   192  stm32f10x_rcc.o(i.RCC_GetClocksFreq)
    RCC_GetFlagStatus                        0x08005119   Thumb Code    56  stm32f10x_rcc.o(i.RCC_GetFlagStatus)
    RCC_LSEConfig                            0x08005155   Thumb Code    46  stm32f10x_rcc.o(i.RCC_LSEConfig)
    RCC_RTCCLKCmd                            0x08005189   Thumb Code     6  stm32f10x_rcc.o(i.RCC_RTCCLKCmd)
    RCC_RTCCLKConfig                         0x08005195   Thumb Code    12  stm32f10x_rcc.o(i.RCC_RTCCLKConfig)
    RGB_disable                              0x080051a5   Thumb Code    18  led.o(i.RGB_disable)
    RGB_enable                               0x080051bd   Thumb Code    18  led.o(i.RGB_enable)
    RGB_init                                 0x080051d5   Thumb Code    78  led.o(i.RGB_init)
    RTC_ClearITPendingBit                    0x0800522d   Thumb Code    12  stm32f10x_rtc.o(i.RTC_ClearITPendingBit)
    RTC_Configuration                        0x0800523d   Thumb Code    88  rtc.o(i.RTC_Configuration)
    RTC_EnterConfigMode                      0x08005295   Thumb Code    14  stm32f10x_rtc.o(i.RTC_EnterConfigMode)
    RTC_ExitConfigMode                       0x080052a9   Thumb Code    16  stm32f10x_rtc.o(i.RTC_ExitConfigMode)
    RTC_GetITStatus                          0x080052bd   Thumb Code    32  stm32f10x_rtc.o(i.RTC_GetITStatus)
    RTC_IRQHandler                           0x080052e1   Thumb Code    26  interrupt.o(i.RTC_IRQHandler)
    RTC_ITConfig                             0x08005301   Thumb Code    26  stm32f10x_rtc.o(i.RTC_ITConfig)
    RTC_SetCounter                           0x08005321   Thumb Code    24  stm32f10x_rtc.o(i.RTC_SetCounter)
    RTC_SetPrescaler                         0x0800533d   Thumb Code    26  stm32f10x_rtc.o(i.RTC_SetPrescaler)
    RTC_WaitForLastTask                      0x0800535d   Thumb Code    16  stm32f10x_rtc.o(i.RTC_WaitForLastTask)
    RTC_WaitForSynchro                       0x08005371   Thumb Code    30  stm32f10x_rtc.o(i.RTC_WaitForSynchro)
    SPI_Cmd                                  0x08005395   Thumb Code    24  stm32f10x_spi.o(i.SPI_Cmd)
    SPI_I2S_GetFlagStatus                    0x080053ad   Thumb Code    18  stm32f10x_spi.o(i.SPI_I2S_GetFlagStatus)
    SPI_I2S_ReceiveData                      0x080053bf   Thumb Code     6  stm32f10x_spi.o(i.SPI_I2S_ReceiveData)
    SPI_I2S_SendData                         0x080053c5   Thumb Code     4  stm32f10x_spi.o(i.SPI_I2S_SendData)
    SPI_Init                                 0x080053c9   Thumb Code    60  stm32f10x_spi.o(i.SPI_Init)
    SVC_Handler                              0x08005405   Thumb Code     2  stm32f10x_it.o(i.SVC_Handler)
    SysTick_Handler                          0x080054f1   Thumb Code   132  delay.o(i.SysTick_Handler)
    SystemInit                               0x080055a9   Thumb Code    78  system_stm32f10x.o(i.SystemInit)
    TIM2_IRQHandler                          0x08005609   Thumb Code    36  interrupt.o(i.TIM2_IRQHandler)
    TIM_ARRPreloadConfig                     0x08005631   Thumb Code    24  stm32f10x_tim.o(i.TIM_ARRPreloadConfig)
    TIM_ClearITPendingBit                    0x08005649   Thumb Code     6  stm32f10x_tim.o(i.TIM_ClearITPendingBit)
    TIM_Cmd                                  0x0800564f   Thumb Code    24  stm32f10x_tim.o(i.TIM_Cmd)
    TIM_CtrlPWMOutputs                       0x08005667   Thumb Code    30  stm32f10x_tim.o(i.TIM_CtrlPWMOutputs)
    TIM_GetITStatus                          0x08005685   Thumb Code    34  stm32f10x_tim.o(i.TIM_GetITStatus)
    TIM_InternalClockConfig                  0x080056a7   Thumb Code    12  stm32f10x_tim.o(i.TIM_InternalClockConfig)
    TIM_OC1Init                              0x080056b5   Thumb Code   132  stm32f10x_tim.o(i.TIM_OC1Init)
    TIM_OC2Init                              0x0800574d   Thumb Code   154  stm32f10x_tim.o(i.TIM_OC2Init)
    TIM_OCStructInit                         0x080057f1   Thumb Code    20  stm32f10x_tim.o(i.TIM_OCStructInit)
    TIM_TimeBaseInit                         0x08005805   Thumb Code   122  stm32f10x_tim.o(i.TIM_TimeBaseInit)
    Time_Adjust                              0x080058a9   Thumb Code    22  rtc.o(i.Time_Adjust)
    Time_Regulate                            0x080058c1   Thumb Code    24  rtc.o(i.Time_Regulate)
    UART4_IRQHandler                         0x080058dd   Thumb Code   198  su_03t.o(i.UART4_IRQHandler)
    USART1_IRQHandler                        0x080059bd   Thumb Code   254  usart.o(i.USART1_IRQHandler)
    USART2_IRQHandler                        0x08005add   Thumb Code   224  kqm.o(i.USART2_IRQHandler)
    USART_ClearITPendingBit                  0x08005bdd   Thumb Code    30  stm32f10x_usart.o(i.USART_ClearITPendingBit)
    USART_Cmd                                0x08005bfb   Thumb Code    24  stm32f10x_usart.o(i.USART_Cmd)
    USART_GetFlagStatus                      0x08005c13   Thumb Code    26  stm32f10x_usart.o(i.USART_GetFlagStatus)
    USART_GetITStatus                        0x08005c2d   Thumb Code    84  stm32f10x_usart.o(i.USART_GetITStatus)
    USART_ITConfig                           0x08005c81   Thumb Code    74  stm32f10x_usart.o(i.USART_ITConfig)
    USART_Init                               0x08005ccd   Thumb Code   210  stm32f10x_usart.o(i.USART_Init)
    USART_ReceiveData                        0x08005da5   Thumb Code    10  stm32f10x_usart.o(i.USART_ReceiveData)
    USART_SendData                           0x08005daf   Thumb Code     8  stm32f10x_usart.o(i.USART_SendData)
    UsageFault_Handler                       0x08005db7   Thumb Code     4  stm32f10x_it.o(i.UsageFault_Handler)
    __0printf                                0x08005dbd   Thumb Code    22  printfa.o(i.__0printf)
    __1printf                                0x08005dbd   Thumb Code     0  printfa.o(i.__0printf)
    __2printf                                0x08005dbd   Thumb Code     0  printfa.o(i.__0printf)
    __c89printf                              0x08005dbd   Thumb Code     0  printfa.o(i.__0printf)
    printf                                   0x08005dbd   Thumb Code     0  printfa.o(i.__0printf)
    __scatterload_copy                       0x08005ddd   Thumb Code    14  handlers.o(i.__scatterload_copy)
    __scatterload_null                       0x08005deb   Thumb Code     2  handlers.o(i.__scatterload_null)
    __scatterload_zeroinit                   0x08005ded   Thumb Code    14  handlers.o(i.__scatterload_zeroinit)
    buzzer_disable                           0x080066b1   Thumb Code     8  buzzer.o(i.buzzer_disable)
    buzzer_enable                            0x080066bd   Thumb Code    14  buzzer.o(i.buzzer_enable)
    buzzer_init                              0x080066d1   Thumb Code    42  buzzer.o(i.buzzer_init)
    delay_1us                                0x08006705   Thumb Code   146  delay.o(i.delay_1us)
    dth11_init                               0x08006799   Thumb Code    50  dht11.o(i.dth11_init)
    fputc                                    0x080067d1   Thumb Code    16  usart.o(i.fputc)
    kqm_init                                 0x080067e1   Thumb Code   154  kqm.o(i.kqm_init)
    led_init                                 0x08006885   Thumb Code    74  led.o(i.led_init)
    led_turn                                 0x080068d9   Thumb Code     8  led.o(i.led_turn)
    main                                     0x080068e1   Thumb Code   114  main.o(i.main)
    pwm_tim1_init                            0x08006975   Thumb Code   180  pwm.o(i.pwm_tim1_init)
    pwm_tim3_init                            0x08006a31   Thumb Code   156  pwm.o(i.pwm_tim3_init)
    rtc_init                                 0x08006ad5   Thumb Code   106  rtc.o(i.rtc_init)
    sFLASH_Init                              0x08006bd9   Thumb Code   172  my_spi_flash.o(i.sFLASH_Init)
    sFLASH_ReadBuffer                        0x08006c8d   Thumb Code    80  my_spi_flash.o(i.sFLASH_ReadBuffer)
    sFLASH_SendByte                          0x08006ce1   Thumb Code    50  my_spi_flash.o(i.sFLASH_SendByte)
    show_char2LCD                            0x08006d19   Thumb Code    96  bsp_lcd.o(i.show_char2LCD)
    show_chin2LCD                            0x08006d79   Thumb Code    96  bsp_lcd.o(i.show_chin2LCD)
    show_index2LCD                           0x08006dd9   Thumb Code   214  my_lcd.o(i.show_index2LCD)
    su_o3t_init                              0x08006eed   Thumb Code   176  su_03t.o(i.su_o3t_init)
    sys_tick_init                            0x08006fa5   Thumb Code    72  delay.o(i.sys_tick_init)
    usart_init                               0x08006ff9   Thumb Code   176  usart.o(i.usart_init)
    usart_send_array                         0x080070b1   Thumb Code    28  usart.o(i.usart_send_array)
    usart_send_string                        0x080070cd   Thumb Code    28  usart.o(i.usart_send_string)
    usart_sendbit                            0x080070e9   Thumb Code    28  usart.o(i.usart_sendbit)
    Region$$Table$$Base                      0x0800714c   Number         0  anon$$obj.o(Region$$Table)
    Region$$Table$$Limit                     0x0800716c   Number         0  anon$$obj.o(Region$$Table)
    k1                                       0x20000000   Data           1  interrupt.o(.data)
    k2                                       0x20000001   Data           1  interrupt.o(.data)
    k3                                       0x20000002   Data           1  interrupt.o(.data)
    k4                                       0x20000003   Data           1  interrupt.o(.data)
    usart_RXdata                             0x20000004   Data           1  usart.o(.data)
    usart_RXflag                             0x20000005   Data           1  usart.o(.data)
    usart_TXpacket                           0x20000006   Data           4  usart.o(.data)
    usart_RXpacket                           0x2000000a   Data           4  usart.o(.data)
    usart_kqm_RXdata                         0x20000010   Data           1  kqm.o(.data)
    usart_kqm_RXflag                         0x20000011   Data           1  kqm.o(.data)
    usart_kqm_RXpacket                       0x20000012   Data           8  kqm.o(.data)
    usart_su_RXdata                          0x2000001e   Data           1  su_03t.o(.data)
    usart_su_RXflag                          0x2000001f   Data           1  su_03t.o(.data)
    usart_su_RXpacket                        0x20000020   Data           6  su_03t.o(.data)
    POINT_COLOR                              0x20000028   Data           2  bsp_lcd.o(.data)
    BACK_COLOR                               0x2000002a   Data           2  bsp_lcd.o(.data)
    er                                       0x2000002c   Data          32  my_lcd.o(.data)
    yang                                     0x2000004c   Data          32  my_lcd.o(.data)
    hua                                      0x2000006c   Data          32  my_lcd.o(.data)
    tans                                     0x2000008c   Data          32  my_lcd.o(.data)
    jia                                      0x200000ac   Data          32  my_lcd.o(.data)
    wan                                      0x200000cc   Data          32  my_lcd.o(.data)
    wen                                      0x200000ec   Data          32  my_lcd.o(.data)
    shi                                      0x2000010c   Data          32  my_lcd.o(.data)
    du                                       0x2000012c   Data          32  my_lcd.o(.data)
    guang                                    0x2000014c   Data          32  my_lcd.o(.data)
    zhao                                     0x2000016c   Data          32  my_lcd.o(.data)
    yan                                      0x2000018c   Data          32  my_lcd.o(.data)
    wu                                       0x200001ac   Data          32  my_lcd.o(.data)
    nong                                     0x200001cc   Data          32  my_lcd.o(.data)
    CCC                                      0x200001ec   Data          16  my_lcd.o(.data)
    PPP                                      0x200001fc   Data          16  my_lcd.o(.data)
    UUU                                      0x2000020c   Data          16  my_lcd.o(.data)
    led_tick                                 0x20000230   Data           8  delay.o(.data)
    key_tick                                 0x20000238   Data           8  delay.o(.data)
    d_ms                                     0x20000240   Data           8  delay.o(.data)
    d_us                                     0x20000248   Data           8  delay.o(.data)
    d_s                                      0x20000250   Data           8  delay.o(.data)
    su_03t                                   0x20000258   Data           8  delay.o(.data)
    kqm                                      0x20000260   Data           8  delay.o(.data)
    dht11                                    0x20000268   Data           8  delay.o(.data)
    ADC_DMA                                  0x20000270   Data           8  delay.o(.data)
    lowpor                                   0x20000278   Data           8  delay.o(.data)
    current_time                             0x20000280   Data           8  delay.o(.data)
    current_time2LCD                         0x20000288   Data           8  delay.o(.data)
    show_data2lcd                            0x20000290   Data           8  delay.o(.data)
    __stdout                                 0x20000298   Data           4  stdout.o(.data)
    usart_RX_str_packet                      0x2000029c   Data         100  usart.o(.bss)
    light_val                                0x20000300   Data          22  adc.o(.bss)
    smoke_val                                0x20000316   Data          22  adc.o(.bss)
    temp_val                                 0x2000032c   Data          22  adc.o(.bss)
    ADC1_value                               0x20000344   Data          12  adc.o(.bss)
    ADC2V                                    0x20000350   Data          12  adc.o(.bss)
    ADC1_val                                 0x2000035c   Data          60  adc.o(.bss)
    lcddev                                   0x20000398   Data          14  bsp_lcd.o(.bss)
    __initial_sp                             0x200007a8   Data           0  startup_stm32f10x_hd.o(STACK)



==============================================================================

Memory Map of the image

  Image Entry point : 0x08000131

  Load Region LR_IROM1 (Base: 0x08000000, Size: 0x00007408, Max: 0x00080000, ABSOLUTE, COMPRESSED[0x00007330])

    Execution Region ER_IROM1 (Exec base: 0x08000000, Load base: 0x08000000, Size: 0x0000716c, Max: 0x00080000, ABSOLUTE)

    Exec Addr    Load Addr    Size         Type   Attr      Idx    E Section Name        Object

    0x08000000   0x08000000   0x00000130   Data   RO          397    RESET               startup_stm32f10x_hd.o
    0x08000130   0x08000130   0x00000000   Code   RO         5279  * .ARM.Collect$$$$00000000  mc_w.l(entry.o)
    0x08000130   0x08000130   0x00000004   Code   RO         5588    .ARM.Collect$$$$00000001  mc_w.l(entry2.o)
    0x08000134   0x08000134   0x00000004   Code   RO         5591    .ARM.Collect$$$$00000004  mc_w.l(entry5.o)
    0x08000138   0x08000138   0x00000000   Code   RO         5593    .ARM.Collect$$$$00000008  mc_w.l(entry7b.o)
    0x08000138   0x08000138   0x00000000   Code   RO         5595    .ARM.Collect$$$$0000000A  mc_w.l(entry8b.o)
    0x08000138   0x08000138   0x00000008   Code   RO         5596    .ARM.Collect$$$$0000000B  mc_w.l(entry9a.o)
    0x08000140   0x08000140   0x00000000   Code   RO         5598    .ARM.Collect$$$$0000000D  mc_w.l(entry10a.o)
    0x08000140   0x08000140   0x00000000   Code   RO         5600    .ARM.Collect$$$$0000000F  mc_w.l(entry11a.o)
    0x08000140   0x08000140   0x00000004   Code   RO         5589    .ARM.Collect$$$$00002712  mc_w.l(entry2.o)
    0x08000144   0x08000144   0x00000024   Code   RO          398    .text               startup_stm32f10x_hd.o
    0x08000168   0x08000168   0x000000a8   Code   RO         5286    .text               mc_w.l(mktime.o)
    0x08000210   0x08000210   0x00000024   Code   RO         5289    .text               mc_w.l(memcpya.o)
    0x08000234   0x08000234   0x0000014e   Code   RO         5562    .text               mf_w.l(dadd.o)
    0x08000382   0x08000382   0x000000e4   Code   RO         5564    .text               mf_w.l(dmul.o)
    0x08000466   0x08000466   0x000000de   Code   RO         5566    .text               mf_w.l(ddiv.o)
    0x08000544   0x08000544   0x0000001a   Code   RO         5572    .text               mf_w.l(dfltui.o)
    0x0800055e   0x0800055e   0x00000032   Code   RO         5576    .text               mf_w.l(dfixui.o)
    0x08000590   0x08000590   0x00000030   Code   RO         5582    .text               mf_w.l(cdrcmple.o)
    0x080005c0   0x080005c0   0x0000002c   Code   RO         5603    .text               mc_w.l(uidiv.o)
    0x080005ec   0x080005ec   0x00000062   Code   RO         5605    .text               mc_w.l(uldiv.o)
    0x0800064e   0x0800064e   0x0000001e   Code   RO         5607    .text               mc_w.l(llshl.o)
    0x0800066c   0x0800066c   0x00000020   Code   RO         5609    .text               mc_w.l(llushr.o)
    0x0800068c   0x0800068c   0x00000024   Code   RO         5611    .text               mc_w.l(llsshr.o)
    0x080006b0   0x080006b0   0x0000008c   Code   RO         5616    .text               mc_w.l(localtime_i.o)
    0x0800073c   0x0800073c   0x00000000   Code   RO         5619    .text               mc_w.l(iusefp.o)
    0x0800073c   0x0800073c   0x000000ba   Code   RO         5622    .text               mf_w.l(depilogue.o)
    0x080007f6   0x080007f6   0x00000030   Code   RO         5624    .text               mf_w.l(dfixul.o)
    0x08000826   0x08000826   0x00000002   PAD
    0x08000828   0x08000828   0x00000024   Code   RO         5626    .text               mc_w.l(init.o)
    0x0800084c   0x0800084c   0x00000056   Code   RO         5636    .text               mc_w.l(__dczerorl2.o)
    0x080008a2   0x080008a2   0x00000002   PAD
    0x080008a4   0x080008a4   0x00000144   Code   RO          988    i.ADC1_DMA_init     adc.o
    0x080009e8   0x080009e8   0x00000016   Code   RO         1738    i.ADC_Cmd           stm32f10x_adc.o
    0x080009fe   0x080009fe   0x00000016   Code   RO         1739    i.ADC_DMACmd        stm32f10x_adc.o
    0x08000a14   0x08000a14   0x00000014   Code   RO         1746    i.ADC_GetCalibrationStatus  stm32f10x_adc.o
    0x08000a28   0x08000a28   0x00000014   Code   RO         1752    i.ADC_GetResetCalibrationStatus  stm32f10x_adc.o
    0x08000a3c   0x08000a3c   0x00000050   Code   RO         1756    i.ADC_Init          stm32f10x_adc.o
    0x08000a8c   0x08000a8c   0x000000b8   Code   RO         1760    i.ADC_RegularChannelConfig  stm32f10x_adc.o
    0x08000b44   0x08000b44   0x0000000a   Code   RO         1761    i.ADC_ResetCalibration  stm32f10x_adc.o
    0x08000b4e   0x08000b4e   0x00000016   Code   RO         1763    i.ADC_SoftwareStartConvCmd  stm32f10x_adc.o
    0x08000b64   0x08000b64   0x0000000a   Code   RO         1765    i.ADC_StartCalibration  stm32f10x_adc.o
    0x08000b6e   0x08000b6e   0x00000002   PAD
    0x08000b70   0x08000b70   0x00000024   Code   RO         1767    i.ADC_TempSensorVrefintCmd  stm32f10x_adc.o
    0x08000b94   0x08000b94   0x00000010   Code   RO         1968    i.BKP_DeInit        stm32f10x_bkp.o
    0x08000ba4   0x08000ba4   0x0000001c   Code   RO         1973    i.BKP_ReadBackupRegister  stm32f10x_bkp.o
    0x08000bc0   0x08000bc0   0x0000001c   Code   RO         1977    i.BKP_WriteBackupRegister  stm32f10x_bkp.o
    0x08000bdc   0x08000bdc   0x00000004   Code   RO            4    i.BusFault_Handler  stm32f10x_it.o
    0x08000be0   0x08000be0   0x00000018   Code   RO         2507    i.DMA_Cmd           stm32f10x_dma.o
    0x08000bf8   0x08000bf8   0x0000003c   Code   RO         2513    i.DMA_Init          stm32f10x_dma.o
    0x08000c34   0x08000c34   0x00000002   Code   RO            5    i.DebugMon_Handler  stm32f10x_it.o
    0x08000c36   0x08000c36   0x00000002   PAD
    0x08000c38   0x08000c38   0x00000024   Code   RO         4928    i.Delay_ms          delay.o
    0x08000c5c   0x08000c5c   0x00000012   Code   RO         4930    i.Delay_us          delay.o
    0x08000c6e   0x08000c6e   0x00000002   PAD
    0x08000c70   0x08000c70   0x00000044   Code   RO          627    i.EXTI0_IRQHandler  interrupt.o
    0x08000cb4   0x08000cb4   0x00000034   Code   RO          628    i.EXTI4_IRQHandler  interrupt.o
    0x08000ce8   0x08000ce8   0x00000070   Code   RO          629    i.EXTI9_5_IRQHandler  interrupt.o
    0x08000d58   0x08000d58   0x0000000c   Code   RO         2590    i.EXTI_ClearITPendingBit  stm32f10x_exti.o
    0x08000d64   0x08000d64   0x00000028   Code   RO         2594    i.EXTI_GetITStatus  stm32f10x_exti.o
    0x08000d8c   0x08000d8c   0x00000034   Code   RO         2852    i.FSMC_NORSRAMCmd   stm32f10x_fsmc.o
    0x08000dc0   0x08000dc0   0x000000e6   Code   RO         2854    i.FSMC_NORSRAMInit  stm32f10x_fsmc.o
    0x08000ea6   0x08000ea6   0x00000116   Code   RO         2979    i.GPIO_Init         stm32f10x_gpio.o
    0x08000fbc   0x08000fbc   0x00000004   Code   RO         2986    i.GPIO_ResetBits    stm32f10x_gpio.o
    0x08000fc0   0x08000fc0   0x00000004   Code   RO         2987    i.GPIO_SetBits      stm32f10x_gpio.o
    0x08000fc4   0x08000fc4   0x00000004   Code   RO            6    i.HardFault_Handler  stm32f10x_it.o
    0x08000fc8   0x08000fc8   0x0000006c   Code   RO         1072    i.LCD_Clear         bsp_lcd.o
    0x08001034   0x08001034   0x00003480   Code   RO         1074    i.LCD_Config        bsp_lcd.o
    0x080044b4   0x080044b4   0x000001c0   Code   RO         1077    i.LCD_Display_Dir   bsp_lcd.o
    0x08004674   0x08004674   0x00000024   Code   RO         1079    i.LCD_DrawPoint     bsp_lcd.o
    0x08004698   0x08004698   0x0000007c   Code   RO         1080    i.LCD_FSMCConfig    bsp_lcd.o
    0x08004714   0x08004714   0x0000008c   Code   RO         1083    i.LCD_GPIOConfig    bsp_lcd.o
    0x080047a0   0x080047a0   0x00000034   Code   RO         1084    i.LCD_Init          bsp_lcd.o
    0x080047d4   0x080047d4   0x00000014   Code   RO         1085    i.LCD_RD_DATA       bsp_lcd.o
    0x080047e8   0x080047e8   0x000001d8   Code   RO         1086    i.LCD_ReadID        bsp_lcd.o
    0x080049c0   0x080049c0   0x00000016   Code   RO         1088    i.LCD_ReadReg       bsp_lcd.o
    0x080049d6   0x080049d6   0x00000002   PAD
    0x080049d8   0x080049d8   0x00000054   Code   RO         1089    i.LCD_SSD_BackLightSet  bsp_lcd.o
    0x08004a2c   0x08004a2c   0x000002ec   Code   RO         1090    i.LCD_Scan_Dir      bsp_lcd.o
    0x08004d18   0x08004d18   0x000001a8   Code   RO         1091    i.LCD_SetCursor     bsp_lcd.o
    0x08004ec0   0x08004ec0   0x0000000c   Code   RO         1096    i.LCD_WR_DATA       bsp_lcd.o
    0x08004ecc   0x08004ecc   0x0000000c   Code   RO         1097    i.LCD_WR_REG        bsp_lcd.o
    0x08004ed8   0x08004ed8   0x00000014   Code   RO         1099    i.LCD_WriteRAM_Prepare  bsp_lcd.o
    0x08004eec   0x08004eec   0x00000010   Code   RO         1100    i.LCD_WriteReg      bsp_lcd.o
    0x08004efc   0x08004efc   0x00000004   Code   RO            7    i.MemManage_Handler  stm32f10x_it.o
    0x08004f00   0x08004f00   0x00000002   Code   RO            8    i.NMI_Handler       stm32f10x_it.o
    0x08004f02   0x08004f02   0x0000002a   Code   RO         5125    i.NVIC_Configuration  rtc.o
    0x08004f2c   0x08004f2c   0x00000070   Code   RO         1684    i.NVIC_Init         misc.o
    0x08004f9c   0x08004f9c   0x00000014   Code   RO         1685    i.NVIC_PriorityGroupConfig  misc.o
    0x08004fb0   0x08004fb0   0x0000000c   Code   RO         3369    i.PWR_BackupAccessCmd  stm32f10x_pwr.o
    0x08004fbc   0x08004fbc   0x00000002   Code   RO            9    i.PendSV_Handler    stm32f10x_it.o
    0x08004fbe   0x08004fbe   0x00000002   PAD
    0x08004fc0   0x08004fc0   0x00000018   Code   RO         3441    i.RCC_ADCCLKConfig  stm32f10x_rcc.o
    0x08004fd8   0x08004fd8   0x00000020   Code   RO         3442    i.RCC_AHBPeriphClockCmd  stm32f10x_rcc.o
    0x08004ff8   0x08004ff8   0x00000020   Code   RO         3443    i.RCC_APB1PeriphClockCmd  stm32f10x_rcc.o
    0x08005018   0x08005018   0x00000020   Code   RO         3445    i.RCC_APB2PeriphClockCmd  stm32f10x_rcc.o
    0x08005038   0x08005038   0x0000000c   Code   RO         3448    i.RCC_BackupResetCmd  stm32f10x_rcc.o
    0x08005044   0x08005044   0x000000d4   Code   RO         3453    i.RCC_GetClocksFreq  stm32f10x_rcc.o
    0x08005118   0x08005118   0x0000003c   Code   RO         3454    i.RCC_GetFlagStatus  stm32f10x_rcc.o
    0x08005154   0x08005154   0x00000034   Code   RO         3461    i.RCC_LSEConfig     stm32f10x_rcc.o
    0x08005188   0x08005188   0x0000000c   Code   RO         3468    i.RCC_RTCCLKCmd     stm32f10x_rcc.o
    0x08005194   0x08005194   0x00000010   Code   RO         3469    i.RCC_RTCCLKConfig  stm32f10x_rcc.o
    0x080051a4   0x080051a4   0x00000018   Code   RO          552    i.RGB_disable       led.o
    0x080051bc   0x080051bc   0x00000018   Code   RO          553    i.RGB_enable        led.o
    0x080051d4   0x080051d4   0x00000058   Code   RO          554    i.RGB_init          led.o
    0x0800522c   0x0800522c   0x00000010   Code   RO         3654    i.RTC_ClearITPendingBit  stm32f10x_rtc.o
    0x0800523c   0x0800523c   0x00000058   Code   RO         5126    i.RTC_Configuration  rtc.o
    0x08005294   0x08005294   0x00000014   Code   RO         3655    i.RTC_EnterConfigMode  stm32f10x_rtc.o
    0x080052a8   0x080052a8   0x00000014   Code   RO         3656    i.RTC_ExitConfigMode  stm32f10x_rtc.o
    0x080052bc   0x080052bc   0x00000024   Code   RO         3660    i.RTC_GetITStatus   stm32f10x_rtc.o
    0x080052e0   0x080052e0   0x00000020   Code   RO          630    i.RTC_IRQHandler    interrupt.o
    0x08005300   0x08005300   0x00000020   Code   RO         3661    i.RTC_ITConfig      stm32f10x_rtc.o
    0x08005320   0x08005320   0x0000001c   Code   RO         3663    i.RTC_SetCounter    stm32f10x_rtc.o
    0x0800533c   0x0800533c   0x00000020   Code   RO         3664    i.RTC_SetPrescaler  stm32f10x_rtc.o
    0x0800535c   0x0800535c   0x00000014   Code   RO         3665    i.RTC_WaitForLastTask  stm32f10x_rtc.o
    0x08005370   0x08005370   0x00000024   Code   RO         3666    i.RTC_WaitForSynchro  stm32f10x_rtc.o
    0x08005394   0x08005394   0x00000018   Code   RO         3958    i.SPI_Cmd           stm32f10x_spi.o
    0x080053ac   0x080053ac   0x00000012   Code   RO         3966    i.SPI_I2S_GetFlagStatus  stm32f10x_spi.o
    0x080053be   0x080053be   0x00000006   Code   RO         3969    i.SPI_I2S_ReceiveData  stm32f10x_spi.o
    0x080053c4   0x080053c4   0x00000004   Code   RO         3970    i.SPI_I2S_SendData  stm32f10x_spi.o
    0x080053c8   0x080053c8   0x0000003c   Code   RO         3971    i.SPI_Init          stm32f10x_spi.o
    0x08005404   0x08005404   0x00000002   Code   RO           10    i.SVC_Handler       stm32f10x_it.o
    0x08005406   0x08005406   0x00000008   Code   RO          171    i.SetSysClock       system_stm32f10x.o
    0x0800540e   0x0800540e   0x00000002   PAD
    0x08005410   0x08005410   0x000000e0   Code   RO          172    i.SetSysClockTo72   system_stm32f10x.o
    0x080054f0   0x080054f0   0x000000b8   Code   RO         4931    i.SysTick_Handler   delay.o
    0x080055a8   0x080055a8   0x00000060   Code   RO          174    i.SystemInit        system_stm32f10x.o
    0x08005608   0x08005608   0x00000028   Code   RO          631    i.TIM2_IRQHandler   interrupt.o
    0x08005630   0x08005630   0x00000018   Code   RO         4113    i.TIM_ARRPreloadConfig  stm32f10x_tim.o
    0x08005648   0x08005648   0x00000006   Code   RO         4120    i.TIM_ClearITPendingBit  stm32f10x_tim.o
    0x0800564e   0x0800564e   0x00000018   Code   RO         4125    i.TIM_Cmd           stm32f10x_tim.o
    0x08005666   0x08005666   0x0000001e   Code   RO         4127    i.TIM_CtrlPWMOutputs  stm32f10x_tim.o
    0x08005684   0x08005684   0x00000022   Code   RO         4146    i.TIM_GetITStatus   stm32f10x_tim.o
    0x080056a6   0x080056a6   0x0000000c   Code   RO         4152    i.TIM_InternalClockConfig  stm32f10x_tim.o
    0x080056b2   0x080056b2   0x00000002   PAD
    0x080056b4   0x080056b4   0x00000098   Code   RO         4154    i.TIM_OC1Init       stm32f10x_tim.o
    0x0800574c   0x0800574c   0x000000a4   Code   RO         4159    i.TIM_OC2Init       stm32f10x_tim.o
    0x080057f0   0x080057f0   0x00000014   Code   RO         4172    i.TIM_OCStructInit  stm32f10x_tim.o
    0x08005804   0x08005804   0x000000a4   Code   RO         4196    i.TIM_TimeBaseInit  stm32f10x_tim.o
    0x080058a8   0x080058a8   0x00000016   Code   RO         5127    i.Time_Adjust       rtc.o
    0x080058be   0x080058be   0x00000002   PAD
    0x080058c0   0x080058c0   0x0000001c   Code   RO         5128    i.Time_Regulate     rtc.o
    0x080058dc   0x080058dc   0x000000e0   Code   RO          890    i.UART4_IRQHandler  su_03t.o
    0x080059bc   0x080059bc   0x00000120   Code   RO          732    i.USART1_IRQHandler  usart.o
    0x08005adc   0x08005adc   0x00000100   Code   RO          841    i.USART2_IRQHandler  kqm.o
    0x08005bdc   0x08005bdc   0x0000001e   Code   RO         4670    i.USART_ClearITPendingBit  stm32f10x_usart.o
    0x08005bfa   0x08005bfa   0x00000018   Code   RO         4673    i.USART_Cmd         stm32f10x_usart.o
    0x08005c12   0x08005c12   0x0000001a   Code   RO         4676    i.USART_GetFlagStatus  stm32f10x_usart.o
    0x08005c2c   0x08005c2c   0x00000054   Code   RO         4677    i.USART_GetITStatus  stm32f10x_usart.o
    0x08005c80   0x08005c80   0x0000004a   Code   RO         4679    i.USART_ITConfig    stm32f10x_usart.o
    0x08005cca   0x08005cca   0x00000002   PAD
    0x08005ccc   0x08005ccc   0x000000d8   Code   RO         4680    i.USART_Init        stm32f10x_usart.o
    0x08005da4   0x08005da4   0x0000000a   Code   RO         4687    i.USART_ReceiveData  stm32f10x_usart.o
    0x08005dae   0x08005dae   0x00000008   Code   RO         4690    i.USART_SendData    stm32f10x_usart.o
    0x08005db6   0x08005db6   0x00000004   Code   RO           11    i.UsageFault_Handler  stm32f10x_it.o
    0x08005dba   0x08005dba   0x00000002   PAD
    0x08005dbc   0x08005dbc   0x00000020   Code   RO         5530    i.__0printf         mc_w.l(printfa.o)
    0x08005ddc   0x08005ddc   0x0000000e   Code   RO         5630    i.__scatterload_copy  mc_w.l(handlers.o)
    0x08005dea   0x08005dea   0x00000002   Code   RO         5631    i.__scatterload_null  mc_w.l(handlers.o)
    0x08005dec   0x08005dec   0x0000000e   Code   RO         5632    i.__scatterload_zeroinit  mc_w.l(handlers.o)
    0x08005dfa   0x08005dfa   0x00000002   PAD
    0x08005dfc   0x08005dfc   0x00000184   Code   RO         5537    i._fp_digits        mc_w.l(printfa.o)
    0x08005f80   0x08005f80   0x000006dc   Code   RO         5538    i._printf_core      mc_w.l(printfa.o)
    0x0800665c   0x0800665c   0x00000024   Code   RO         5539    i._printf_post_padding  mc_w.l(printfa.o)
    0x08006680   0x08006680   0x0000002e   Code   RO         5540    i._printf_pre_padding  mc_w.l(printfa.o)
    0x080066ae   0x080066ae   0x00000002   PAD
    0x080066b0   0x080066b0   0x0000000c   Code   RO          405    i.buzzer_disable    buzzer.o
    0x080066bc   0x080066bc   0x00000014   Code   RO          406    i.buzzer_enable     buzzer.o
    0x080066d0   0x080066d0   0x00000034   Code   RO          407    i.buzzer_init       buzzer.o
    0x08006704   0x08006704   0x00000092   Code   RO         4934    i.delay_1us         delay.o
    0x08006796   0x08006796   0x00000002   PAD
    0x08006798   0x08006798   0x00000038   Code   RO          952    i.dth11_init        dht11.o
    0x080067d0   0x080067d0   0x00000010   Code   RO          733    i.fputc             usart.o
    0x080067e0   0x080067e0   0x000000a4   Code   RO          843    i.kqm_init          kqm.o
    0x08006884   0x08006884   0x00000054   Code   RO          557    i.led_init          led.o
    0x080068d8   0x080068d8   0x00000008   Code   RO          558    i.led_turn          led.o
    0x080068e0   0x080068e0   0x00000094   Code   RO          217    i.main              main.o
    0x08006974   0x08006974   0x000000bc   Code   RO          689    i.pwm_tim1_init     pwm.o
    0x08006a30   0x08006a30   0x000000a4   Code   RO          690    i.pwm_tim3_init     pwm.o
    0x08006ad4   0x08006ad4   0x00000104   Code   RO         5130    i.rtc_init          rtc.o
    0x08006bd8   0x08006bd8   0x000000b4   Code   RO         1585    i.sFLASH_Init       my_spi_flash.o
    0x08006c8c   0x08006c8c   0x00000054   Code   RO         1586    i.sFLASH_ReadBuffer  my_spi_flash.o
    0x08006ce0   0x08006ce0   0x00000038   Code   RO         1589    i.sFLASH_SendByte   my_spi_flash.o
    0x08006d18   0x08006d18   0x00000060   Code   RO         1104    i.show_char2LCD     bsp_lcd.o
    0x08006d78   0x08006d78   0x00000060   Code   RO         1105    i.show_chin2LCD     bsp_lcd.o
    0x08006dd8   0x08006dd8   0x00000114   Code   RO         1315    i.show_index2LCD    my_lcd.o
    0x08006eec   0x08006eec   0x000000b8   Code   RO          891    i.su_o3t_init       su_03t.o
    0x08006fa4   0x08006fa4   0x00000054   Code   RO         4940    i.sys_tick_init     delay.o
    0x08006ff8   0x08006ff8   0x000000b8   Code   RO          737    i.usart_init        usart.o
    0x080070b0   0x080070b0   0x0000001c   Code   RO          741    i.usart_send_array  usart.o
    0x080070cc   0x080070cc   0x0000001c   Code   RO          744    i.usart_send_string  usart.o
    0x080070e8   0x080070e8   0x00000020   Code   RO          745    i.usart_sendbit     usart.o
    0x08007108   0x08007108   0x0000002c   Data   RO         5132    .constdata          rtc.o
    0x08007134   0x08007134   0x0000000c   Data   RO         5287    .constdata          mc_w.l(mktime.o)
    0x08007140   0x08007140   0x0000000c   Data   RO         5617    .constdata          mc_w.l(localtime_i.o)
    0x0800714c   0x0800714c   0x00000020   Data   RO         5628    Region$$Table       anon$$obj.o


    Execution Region RW_IRAM1 (Exec base: 0x20000000, Load base: 0x0800716c, Size: 0x000007a8, Max: 0x00010000, ABSOLUTE, COMPRESSED[0x000001c4])

    Exec Addr    Load Addr    Size         Type   Attr      Idx    E Section Name        Object

    0x20000000   COMPRESSED   0x00000004   Data   RW          633    .data               interrupt.o
    0x20000004   COMPRESSED   0x0000000c   Data   RW          747    .data               usart.o
    0x20000010   COMPRESSED   0x0000000e   Data   RW          846    .data               kqm.o
    0x2000001e   COMPRESSED   0x0000000a   Data   RW          897    .data               su_03t.o
    0x20000028   COMPRESSED   0x00000004   Data   RW         1108    .data               bsp_lcd.o
    0x2000002c   COMPRESSED   0x000001f0   Data   RW         1317    .data               my_lcd.o
    0x2000021c   COMPRESSED   0x00000014   Data   RW         3473    .data               stm32f10x_rcc.o
    0x20000230   COMPRESSED   0x00000068   Data   RW         4941    .data               delay.o
    0x20000298   COMPRESSED   0x00000004   Data   RW         5602    .data               mc_w.l(stdout.o)
    0x2000029c        -       0x00000064   Zero   RW          746    .bss                usart.o
    0x20000300        -       0x00000098   Zero   RW          997    .bss                adc.o
    0x20000398        -       0x0000000e   Zero   RW         1106    .bss                bsp_lcd.o
    0x200003a6   COMPRESSED   0x00000002   PAD
    0x200003a8        -       0x00000400   Zero   RW          395    STACK               startup_stm32f10x_hd.o


==============================================================================

Image component sizes


      Code (inc. data)   RO Data    RW Data    ZI Data      Debug   Object Name

       324         22          0          0        152       1477   adc.o
     16370        158          0          4         14      20838   bsp_lcd.o
        84         20          0          0          0       1195   buzzer.o
       468         68          0        104          0      28397   delay.o
        56          6          0          0          0        461   dht11.o
       304         30          0          4          0       2564   interrupt.o
       420         42          0         14          0       2311   kqm.o
       228         32          0          0          0       2484   led.o
       148         34          0          0          0      18555   main.o
       132         22          0          0          0       1483   misc.o
       276         62          0        496          0       1678   my_lcd.o
       320         18          0          0          0       2188   my_spi_flash.o
       352         16          0          0          0       1256   pwm.o
       440        158         44          0          0       2314   rtc.o
        36          8        304          0       1024        776   startup_stm32f10x_hd.o
       426         16          0          0          0       7448   stm32f10x_adc.o
        72         10          0          0          0       2580   stm32f10x_bkp.o
        84          0          0          0          0       2725   stm32f10x_dma.o
        52         12          0          0          0       1024   stm32f10x_exti.o
       282          6          0          0          0       1761   stm32f10x_fsmc.o
       286          0          0          0          0       2932   stm32f10x_gpio.o
        24          0          0          0          0     289312   stm32f10x_it.o
        12          6          0          0          0        458   stm32f10x_pwr.o
       484         70          0         20          0       7745   stm32f10x_rcc.o
       240         44          0          0          0       4167   stm32f10x_rtc.o
       112          0          0          0          0       3622   stm32f10x_spi.o
       630         72          0          0          0       6072   stm32f10x_tim.o
       472          6          0          0          0       6431   stm32f10x_usart.o
       408         34          0         10          0       1951   su_03t.o
       328         28          0          0          0       1877   system_stm32f10x.o
       576         46          0         12        100       4106   usart.o

    ----------------------------------------------------------------------
     24468       1046        380        664       1292     432188   Object Totals
         0          0         32          0          0          0   (incl. Generated)
        22          0          0          0          2          0   (incl. Padding)

    ----------------------------------------------------------------------

      Code (inc. data)   RO Data    RW Data    ZI Data      Debug   Library Member Name

        86          0          0          0          0          0   __dczerorl2.o
         0          0          0          0          0          0   entry.o
         0          0          0          0          0          0   entry10a.o
         0          0          0          0          0          0   entry11a.o
         8          4          0          0          0          0   entry2.o
         4          0          0          0          0          0   entry5.o
         0          0          0          0          0          0   entry7b.o
         0          0          0          0          0          0   entry8b.o
         8          4          0          0          0          0   entry9a.o
        30          0          0          0          0          0   handlers.o
        36          8          0          0          0         68   init.o
         0          0          0          0          0          0   iusefp.o
        30          0          0          0          0         68   llshl.o
        36          0          0          0          0         68   llsshr.o
        32          0          0          0          0         68   llushr.o
       140          6         12          0          0         76   localtime_i.o
        36          0          0          0          0         68   memcpya.o
       168         18         12          0          0         80   mktime.o
      2258         90          0          0          0        452   printfa.o
         0          0          0          4          0          0   stdout.o
        44          0          0          0          0         80   uidiv.o
        98          0          0          0          0         92   uldiv.o
        48          0          0          0          0         68   cdrcmple.o
       334          0          0          0          0        148   dadd.o
       222          0          0          0          0        100   ddiv.o
       186          0          0          0          0        176   depilogue.o
        50          0          0          0          0         76   dfixui.o
        48          0          0          0          0         68   dfixul.o
        26          0          0          0          0         76   dfltui.o
       228          0          0          0          0         96   dmul.o

    ----------------------------------------------------------------------
      4164        130         24          4          0       1928   Library Totals
         8          0          0          0          0          0   (incl. Padding)

    ----------------------------------------------------------------------

      Code (inc. data)   RO Data    RW Data    ZI Data      Debug   Library Name

      3014        130         24          4          0       1120   mc_w.l
      1142          0          0          0          0        808   mf_w.l

    ----------------------------------------------------------------------
      4164        130         24          4          0       1928   Library Totals

    ----------------------------------------------------------------------

==============================================================================


      Code (inc. data)   RO Data    RW Data    ZI Data      Debug   

     28632       1176        404        668       1292     426392   Grand Totals
     28632       1176        404        452       1292     426392   ELF Image Totals (compressed)
     28632       1176        404        452          0          0   ROM Totals

==============================================================================

    Total RO  Size (Code + RO Data)                29036 (  28.36kB)
    Total RW  Size (RW Data + ZI Data)              1960 (   1.91kB)
    Total ROM Size (Code + RO Data + RW Data)      29488 (  28.80kB)

==============================================================================

